02-21 03:51:43.258 503-860/? W/OMXNodeInstance: [e:ffmpeg.vc1.decoder] component does not support metadata mode; using fallback
02-21 03:51:43.258 503-860/? E/OMXNodeInstance: getExtensionIndex(e:ffmpeg.vc1.decoder, OMX.google.android.index.prepareForAdaptivePlayback) ERROR: UnsupportedIndex(0x8000101a)
02-21 03:51:43.258 503-860/? V/SoftFFmpegVideo: ~SoftFFmpegVideo
02-21 03:51:43.267 503-860/? W/linker: /system/lib/libavcodec.so has text relocations. This is wasting memory and prevents security hardening. Please fix.
02-21 03:51:43.278 503-860/? W/linker: /system/lib/libswscale.so has text relocations. This is wasting memory and prevents security hardening. Please fix.
02-21 03:51:43.278 503-860/? W/linker: /system/lib/libswresample.so has text relocations. This is wasting memory and prevents security hardening. Please fix.
02-21 03:51:43.300 503-860/? D/SoftFFmpegVideo: SoftFFmpegVideo component: OMX.ffmpeg.flv1.decoder mMode: 0 appData: 0xf1b03480
02-21 03:51:43.303 503-860/? E/OMXNodeInstance: getParameter(f:ffmpeg.flv1.decoder, ParamVideoProfileLevelQuerySupported(0x600000f)) ERROR: UnsupportedIndex(0x8000101a)
02-21 03:51:43.304 503-860/? W/OMXNodeInstance: [f:ffmpeg.flv1.decoder] component does not support metadata mode; using fallback
02-21 03:51:43.304 503-860/? E/OMXNodeInstance: getExtensionIndex(f:ffmpeg.flv1.decoder, OMX.google.android.index.prepareForAdaptivePlayback) ERROR: UnsupportedIndex(0x8000101a)
02-21 03:51:43.309 503-860/? V/SoftFFmpegVideo: ~SoftFFmpegVideo
02-21 03:51:43.316 503-860/? W/linker: /system/lib/libavcodec.so has text relocations. This is wasting memory and prevents security hardening. Please fix.
02-21 03:51:43.319 503-860/? W/linker: /system/lib/libswscale.so has text relocations. This is wasting memory and prevents security hardening. Please fix.
02-21 03:51:43.320 503-860/? W/linker: /system/lib/libswresample.so has text relocations. This is wasting memory and prevents security hardening. Please fix.
02-21 03:51:43.331 503-860/? D/SoftFFmpegVideo: SoftFFmpegVideo component: OMX.ffmpeg.divx.decoder mMode: 0 appData: 0xf1b03480
02-21 03:51:43.331 503-860/? E/OMXNodeInstance: getParameter(10:ffmpeg.divx.decoder, ParamVideoProfileLevelQuerySupported(0x600000f)) ERROR: UnsupportedIndex(0x8000101a)
02-21 03:51:43.331 503-860/? W/OMXNodeInstance: [10:ffmpeg.divx.decoder] component does not support metadata mode; using fallback
02-21 03:51:43.331 503-860/? E/OMXNodeInstance: getExtensionIndex(10:ffmpeg.divx.decoder, OMX.google.android.index.prepareForAdaptivePlayback) ERROR: UnsupportedIndex(0x8000101a)
02-21 03:51:43.331 503-860/? V/SoftFFmpegVideo: ~SoftFFmpegVideo
02-21 03:51:43.336 503-860/? W/linker: /system/lib/libavcodec.so has text relocations. This is wasting memory and prevents security hardening. Please fix.
02-21 03:51:43.341 503-860/? W/linker: /system/lib/libswscale.so has text relocations. This is wasting memory and prevents security hardening. Please fix.
02-21 03:51:43.341 829-829/system_process E/NetdConnector: NDC Command {13 strict enable} took too long (635ms)
02-21 03:51:43.341 503-860/? W/linker: /system/lib/libswresample.so has text relocations. This is wasting memory and prevents security hardening. Please fix.
02-21 03:51:43.351 503-860/? D/SoftFFmpegVideo: SoftFFmpegVideo component: OMX.ffmpeg.vtrial.decoder mMode: 0 appData: 0xf1b03480
02-21 03:51:43.351 503-860/? E/OMXNodeInstance: getParameter(11:ffmpeg.vtrial.decoder, ParamVideoProfileLevelQuerySupported(0x600000f)) ERROR: UnsupportedIndex(0x8000101a)
02-21 03:51:43.351 503-860/? W/OMXNodeInstance: [11:ffmpeg.vtrial.decoder] component does not support metadata mode; using fallback
02-21 03:51:43.351 503-860/? E/OMXNodeInstance: getExtensionIndex(11:ffmpeg.vtrial.decoder, OMX.google.android.index.prepareForAdaptivePlayback) ERROR: UnsupportedIndex(0x8000101a)
02-21 03:51:43.353 503-860/? V/SoftFFmpegVideo: ~SoftFFmpegVideo
02-21 03:51:43.357 503-860/? W/linker: /system/lib/libavcodec.so has text relocations. This is wasting memory and prevents security hardening. Please fix.
02-21 03:51:43.368 503-860/? W/linker: /system/lib/libswscale.so has text relocations. This is wasting memory and prevents security hardening. Please fix.
02-21 03:51:43.369 503-860/? W/linker: /system/lib/libswresample.so has text relocations. This is wasting memory and prevents security hardening. Please fix.
02-21 03:51:43.372 503-860/? D/SoftFFmpegVideo: SoftFFmpegVideo component: OMX.ffmpeg.mpeg4.decoder mMode: 0 appData: 0xf1b03480
02-21 03:51:43.374 503-860/? E/OMXNodeInstance: getParameter(12:ffmpeg.mpeg4.decoder, ParamVideoProfileLevelQuerySupported(0x600000f)) ERROR: UnsupportedIndex(0x8000101a)
02-21 03:51:43.374 503-860/? W/OMXNodeInstance: [12:ffmpeg.mpeg4.decoder] component does not support metadata mode; using fallback
02-21 03:51:43.374 503-860/? E/OMXNodeInstance: getExtensionIndex(12:ffmpeg.mpeg4.decoder, OMX.google.android.index.prepareForAdaptivePlayback) ERROR: UnsupportedIndex(0x8000101a)
02-21 03:51:43.375 503-860/? V/SoftFFmpegVideo: ~SoftFFmpegVideo
02-21 03:51:43.516 829-829/system_process D/PermissionMonitor: Monitoring
02-21 03:51:43.518 829-829/system_process D/PermissionMonitor: Users: 1, Apps: 61
02-21 03:51:43.521 829-829/system_process I/SystemServiceManager: Starting phase 600
02-21 03:51:43.521 829-894/system_process E/BluetoothAdapter: Bluetooth binder is null
02-21 03:51:43.521 829-894/system_process E/BluetoothAdapter: Bluetooth binder is null
02-21 03:51:43.526 503-895/? I/AudioFlinger: systemReady
02-21 03:51:43.526 829-829/system_process I/BackupManagerService: Backup enabled => false
02-21 03:51:43.538 829-829/system_process E/InputMethodManagerService: Ignoring updateSystemUiLocked due to an invalid token. uid:1000 token:null
02-21 03:51:43.544 503-860/? W/OMXNodeInstance: [1d:google.h263.decoder] component does not support metadata mode; using fallback
02-21 03:51:43.564 503-860/? W/OMXNodeInstance: [1e:google.vp8.decoder] component does not support metadata mode; using fallback
02-21 03:51:43.566 503-860/? W/OMXNodeInstance: [1f:google.vp9.decoder] component does not support metadata mode; using fallback
02-21 03:51:43.580 503-860/? D/SoftHEVC: Number of CPU cores: 4
02-21 03:51:43.581 503-860/? D/SoftHEVC: Initializing decoder
02-21 03:51:43.584 503-860/? D/SoftHEVC: Set number of cores to 4
02-21 03:51:43.584 503-860/? D/SoftHEVC: Ittiam decoder version number: @(#)Id:HEVCDEC_production Ver:04.04 Released by ITTIAM Build: Nov 18 2015 @ 16:52:19
02-21 03:51:43.584 503-860/? W/OMXNodeInstance: [20:google.hevc.decoder] component does not support metadata mode; using fallback
02-21 03:51:43.584 503-860/? D/SoftHEVC: Freeing codec memory
02-21 03:51:43.585 503-860/? D/SoftHEVC: Number of CPU cores: 4
02-21 03:51:43.585 503-860/? D/SoftHEVC: Initializing decoder
02-21 03:51:43.585 503-860/? D/SoftHEVC: Set number of cores to 4
02-21 03:51:43.585 503-860/? D/SoftHEVC: Ittiam decoder version number: @(#)Id:HEVCDEC_production Ver:04.04 Released by ITTIAM Build: Nov 18 2015 @ 16:52:19
02-21 03:51:43.586 503-860/? D/SoftHEVC: In SoftHEVC::~SoftHEVC
02-21 03:51:43.586 503-860/? D/SoftHEVC: Freeing codec memory
02-21 03:51:43.597 829-829/system_process I/ActivityManager: Start proc 1122:com.android.inputmethod.latin/u0a40 for service com.android.inputmethod.latin/.LatinIME
02-21 03:51:43.597 829-829/system_process V/InputMethodManagerService: Adding window token: android.os.Binder@59626b0
02-21 03:51:43.618 503-860/? I/SoftMPEG4Encoder: Construct SoftMPEG4Encoder
02-21 03:51:43.618 503-860/? W/ACodec: do not know color format 0x7f000789 = 2130708361
02-21 03:51:43.649 503-860/? W/ACodec: do not know color format 0x7f000789 = 2130708361
02-21 03:51:43.651 503-860/? I/SoftMPEG4Encoder: Construct SoftMPEG4Encoder
02-21 03:51:43.651 503-860/? W/ACodec: do not know color format 0x7f000789 = 2130708361
02-21 03:51:43.671 503-860/? W/ACodec: do not know color format 0x7f000789 = 2130708361
02-21 03:51:43.672 503-860/? W/MediaCodecList: unable to open media codecs configuration xml file: /etc/media_codecs_performance.xml
02-21 03:51:43.673 503-860/? W/MediaCodecList: unable to open media codecs configuration xml file: /data/misc/media/media_codecs_profiling_results.xml
02-21 03:51:43.674 933-1014/? I/OMXClient: Using client-side OMX mux.
02-21 03:51:43.715 829-842/system_process D/GpsLocationProvider: Reset GPS properties, previous size = 0
02-21 03:51:43.715 829-842/system_process D/GpsLocationProvider: GpsParamsResource: SUPL_HOST=supl.google.com
02-21 03:51:43.716 829-842/system_process D/GpsLocationProvider: GpsParamsResource: SUPL_PORT=7275
02-21 03:51:43.717 829-842/system_process D/GpsLocationProvider: GpsParamsResource: NTP_SERVER=north-america.pool.ntp.org
02-21 03:51:43.719 829-842/system_process D/GpsLocationProvider: GpsParamsResource: SUPL_VER=0x20000
02-21 03:51:43.719 829-842/system_process D/GpsLocationProvider: GpsParamsResource: SUPL_MODE=1
02-21 03:51:43.722 829-829/system_process W/ServiceWatcher: com.google.android.gms not found
02-21 03:51:43.724 829-829/system_process W/ServiceWatcher: com.google.android.gms not found
02-21 03:51:43.729 829-842/system_process D/GpsLocationProvider: GPS properties reloaded, size = 8
02-21 03:51:43.729 829-842/system_process E/GpsLocationProvider: no AGPS interface in set_agps_server
02-21 03:51:43.740 829-1110/system_process E/WVMExtractor: Failed to open libwvm.so: dlopen failed: library "libwvm.so" not found
02-21 03:51:43.741 829-1110/system_process V/FFmpegExtractor: SniffFFMPEG
02-21 03:51:43.741 829-1110/system_process I/FFmpegExtractor: android-source:0xdc9ff640
02-21 03:51:43.742 829-1110/system_process D/FFMPEG: android source begin open
02-21 03:51:43.742 829-1110/system_process D/FFMPEG: android open, url: android-source:0xdc9ff640
02-21 03:51:43.742 829-1110/system_process D/FFMPEG: ffmpeg open android data source success, source ptr: 0xdc9ff640
02-21 03:51:43.742 829-1110/system_process D/FFMPEG: android source open success
02-21 03:51:43.746 829-1110/system_process I/FFMPEG: Input #0, ogg, from 'android-source:0xdc9ff640':
02-21 03:51:43.746 829-1110/system_process I/FFMPEG:   Duration: 00:00:00.09, start: 0.000000, bitrate: 437 kb/s
02-21 03:51:43.746 829-1110/system_process I/FFMPEG:     Stream #0:0: Audio: vorbis, 48000 Hz, stereo, fltp, 96 kb/s
02-21 03:51:43.747 829-1110/system_process I/FFmpegExtractor: FFmpegExtrator, url: android-source:0xdc9ff640, format_name: ogg, format_long_name: Ogg
02-21 03:51:43.747 829-1110/system_process I/FFmpegExtractor: list the formats suppoted by ffmpeg:
02-21 03:51:43.747 829-1110/system_process I/FFmpegExtractor: ========================================
02-21 03:51:43.747 829-1110/system_process V/FFmpegExtractor: format_names[00]: mpeg
02-21 03:51:43.747 829-1110/system_process V/FFmpegExtractor: format_names[01]: mpegts
02-21 03:51:43.747 829-1110/system_process V/FFmpegExtractor: format_names[02]: mov,mp4,m4a,3gp,3g2,mj2
02-21 03:51:43.747 829-1110/system_process V/FFmpegExtractor: format_names[03]: matroska,webm
02-21 03:51:43.747 829-1110/system_process V/FFmpegExtractor: format_names[04]: asf
02-21 03:51:43.747 829-1110/system_process V/FFmpegExtractor: format_names[05]: rm
02-21 03:51:43.747 829-1110/system_process V/FFmpegExtractor: format_names[06]: flv
02-21 03:51:43.747 829-1110/system_process V/FFmpegExtractor: format_names[07]: swf
02-21 03:51:43.747 829-1110/system_process V/FFmpegExtractor: format_names[08]: avi
02-21 03:51:43.747 829-1110/system_process V/FFmpegExtractor: format_names[09]: ape
02-21 03:51:43.747 829-1110/system_process V/FFmpegExtractor: format_names[10]: dts
02-21 03:51:43.747 829-1110/system_process V/FFmpegExtractor: format_names[11]: flac
02-21 03:51:43.747 829-1110/system_process V/FFmpegExtractor: format_names[12]: ac3
02-21 03:51:43.747 829-1110/system_process V/FFmpegExtractor: format_names[13]: wav
02-21 03:51:43.747 829-1110/system_process V/FFmpegExtractor: format_names[14]: ogg
02-21 03:51:43.747 829-1110/system_process V/FFmpegExtractor: format_names[15]: vc1
02-21 03:51:43.747 829-1110/system_process V/FFmpegExtractor: format_names[16]: hevc
02-21 03:51:43.747 829-1110/system_process I/FFmpegExtractor: ========================================
02-21 03:51:43.747 829-1110/system_process I/FFmpegExtractor: adjust mime(application/ogg -> audio/vorbis)
02-21 03:51:43.747 829-1110/system_process D/FFmpegExtractor: suppoted codec(vorbis) by official Stagefright
02-21 03:51:43.747 829-1110/system_process D/FFMPEG: android source close
02-21 03:51:43.747 829-1110/system_process I/FFmpegExtractor: sniff through BetterSniffFFMPEG success
02-21 03:51:43.747 829-1110/system_process D/FFmpegExtractor: ffmpeg detected media content as 'audio/vorbis' with confidence 0.08
02-21 03:51:43.775 829-1153/system_process I/OMXClient: Using client-side OMX mux.
02-21 03:51:43.776 829-829/system_process W/LocationManagerService: no network location provider found
02-21 03:51:43.776 829-829/system_process W/ServiceWatcher: com.google.android.gms not found
02-21 03:51:43.782 829-829/system_process W/ServiceWatcher: com.google.android.gms not found
02-21 03:51:43.784 829-829/system_process E/LocationManagerService: no geocoder provider found
02-21 03:51:43.785 829-829/system_process E/FlpHardwareProvider: Error hw_get_module 'flp': -2
02-21 03:51:43.785 829-829/system_process E/LocationManagerService: FLP HAL not supported
02-21 03:51:43.786 829-829/system_process W/ServiceWatcher: com.google.android.gms not found
02-21 03:51:43.787 829-829/system_process E/LocationManagerService: Unable to bind FLP Geofence proxy.
02-21 03:51:43.788 829-829/system_process E/ActivityRecognitionHardware: Error hw_get_module: -2
02-21 03:51:43.798 829-829/system_process E/LocationManagerService: Hardware Activity-Recognition not supported.
02-21 03:51:43.814 829-829/system_process I/CommonTimeManagementService: No common time service detected on this platform.  Common time services will be unavailable.
02-21 03:51:43.820 829-873/system_process I/InputReader: Reconfiguring input devices.  changes=0x00000020
02-21 03:51:43.821 829-842/system_process E/GpsLocationProvider: no AGPS interface in set_agps_server
02-21 03:51:43.828 829-829/system_process I/MmsServiceBroker: Delay connecting to MmsService until an API is called
02-21 03:51:43.828 829-873/system_process I/InputReader: Reconfiguring input devices.  changes=0x00000010
02-21 03:51:43.839 829-829/system_process D/MountService: onStartUser 0
02-21 03:51:43.839 829-829/system_process D/VoldConnector: SND -> {7 volume user_started 0}
02-21 03:51:43.840 83-95/? D/vold: Linking /storage/emulated/0 to /mnt/user/0/primary
02-21 03:51:43.840 829-875/system_process D/VoldConnector: RCV <- {200 7 Command succeeded}
02-21 03:51:43.841 829-829/system_process W/VoiceInteractionManagerService: no available voice interaction services found for user 0
02-21 03:51:43.841 829-829/system_process W/VoiceInteractionManagerService: no available voice recognition services found for user 0
02-21 03:51:43.843 829-874/system_process D/MountService: Volume emulated broadcasting mounted to UserHandle{0}
02-21 03:51:43.861 829-829/system_process I/ActivityManager: Start proc 1158:com.android.phone/1001 for added application com.android.phone
02-21 03:51:43.862 829-829/system_process I/ActivityManager: START u0 {act=android.intent.action.MAIN cat=[android.intent.category.HOME] flg=0x10000000 cmp=com.android.launcher3/.Launcher} from uid 0 on display 0
02-21 03:51:43.874 933-985/? V/FFmpegExtractor: SniffFFMPEG
02-21 03:51:43.874 933-985/? I/FFmpegExtractor: android-source:0xed6ea240
02-21 03:51:43.874 933-985/? D/FFMPEG: android source begin open
02-21 03:51:43.874 933-985/? D/FFMPEG: android open, url: android-source:0xed6ea240
02-21 03:51:43.874 933-985/? D/FFMPEG: ffmpeg open android data source success, source ptr: 0xed6ea240
02-21 03:51:43.874 933-985/? D/FFMPEG: android source open success
02-21 03:51:43.884 933-985/? I/FFMPEG: Input #0, ogg, from 'android-source:0xed6ea240':
02-21 03:51:43.884 933-985/? I/FFMPEG:   Duration: 00:00:00.19, start: 0.000000, bitrate: 332 kb/s
02-21 03:51:43.884 933-985/? I/FFMPEG:     Stream #0:0: Audio: vorbis, 44100 Hz, stereo, fltp, 160 kb/s
02-21 03:51:43.884 933-985/? I/FFmpegExtractor: FFmpegExtrator, url: android-source:0xed6ea240, format_name: ogg, format_long_name: Ogg
02-21 03:51:43.884 933-985/? I/FFmpegExtractor: list the formats suppoted by ffmpeg:
02-21 03:51:43.884 933-985/? I/FFmpegExtractor: ========================================
02-21 03:51:43.884 933-985/? V/FFmpegExtractor: format_names[00]: mpeg
02-21 03:51:43.884 933-985/? V/FFmpegExtractor: format_names[01]: mpegts
02-21 03:51:43.884 933-985/? V/FFmpegExtractor: format_names[02]: mov,mp4,m4a,3gp,3g2,mj2
02-21 03:51:43.884 933-985/? V/FFmpegExtractor: format_names[03]: matroska,webm
02-21 03:51:43.884 933-985/? V/FFmpegExtractor: format_names[04]: asf
02-21 03:51:43.884 933-985/? V/FFmpegExtractor: format_names[05]: rm
02-21 03:51:43.884 933-985/? V/FFmpegExtractor: format_names[06]: flv
02-21 03:51:43.884 933-985/? V/FFmpegExtractor: format_names[07]: swf
02-21 03:51:43.884 933-985/? V/FFmpegExtractor: format_names[08]: avi
02-21 03:51:43.884 933-985/? V/FFmpegExtractor: format_names[09]: ape
02-21 03:51:43.884 933-985/? V/FFmpegExtractor: format_names[10]: dts
02-21 03:51:43.884 933-985/? V/FFmpegExtractor: format_names[11]: flac
02-21 03:51:43.884 933-985/? V/FFmpegExtractor: format_names[12]: ac3
02-21 03:51:43.884 933-985/? V/FFmpegExtractor: format_names[13]: wav
02-21 03:51:43.884 933-985/? V/FFmpegExtractor: format_names[14]: ogg
02-21 03:51:43.884 933-985/? V/FFmpegExtractor: format_names[15]: vc1
02-21 03:51:43.884 933-985/? V/FFmpegExtractor: format_names[16]: hevc
02-21 03:51:43.884 933-985/? I/FFmpegExtractor: ========================================
02-21 03:51:43.884 933-985/? I/FFmpegExtractor: adjust mime(application/ogg -> audio/vorbis)
02-21 03:51:43.884 933-985/? D/FFmpegExtractor: suppoted codec(vorbis) by official Stagefright
02-21 03:51:43.884 933-985/? D/FFMPEG: android source close
02-21 03:51:43.884 933-985/? I/FFmpegExtractor: sniff through BetterSniffFFMPEG success
02-21 03:51:43.884 933-985/? D/FFmpegExtractor: ffmpeg detected media content as 'audio/vorbis' with confidence 0.08
02-21 03:51:43.893 933-1170/? I/OMXClient: Using client-side OMX mux.
02-21 03:51:43.931 829-829/system_process I/ActivityManager: Start proc 1173:com.android.launcher3/u0a8 for activity com.android.launcher3/.Launcher
02-21 03:51:43.943 829-829/system_process I/SystemServer: Enabled StrictMode for system server main thread.
02-21 03:51:43.943 933-985/? V/FFmpegExtractor: SniffFFMPEG
02-21 03:51:43.943 933-985/? I/FFmpegExtractor: android-source:0xed6ea440
02-21 03:51:43.943 933-985/? D/FFMPEG: android source begin open
02-21 03:51:43.943 933-985/? D/FFMPEG: android open, url: android-source:0xed6ea440
02-21 03:51:43.943 933-985/? D/FFMPEG: ffmpeg open android data source success, source ptr: 0xed6ea440
02-21 03:51:43.943 933-985/? D/FFMPEG: android source open success
02-21 03:51:43.945 933-985/? I/FFMPEG: Input #0, ogg, from 'android-source:0xed6ea440':
02-21 03:51:43.945 933-985/? I/FFMPEG:   Duration: 00:00:00.08, start: 0.000000, bitrate: 571 kb/s
02-21 03:51:43.945 933-985/? I/FFMPEG:     Stream #0:0: Audio: vorbis, 48000 Hz, stereo, fltp, 160 kb/s
02-21 03:51:43.945 933-985/? I/FFmpegExtractor: FFmpegExtrator, url: android-source:0xed6ea440, format_name: ogg, format_long_name: Ogg
02-21 03:51:43.945 933-985/? I/FFmpegExtractor: list the formats suppoted by ffmpeg:
02-21 03:51:43.945 933-985/? I/FFmpegExtractor: ========================================
02-21 03:51:43.945 933-985/? V/FFmpegExtractor: format_names[00]: mpeg
02-21 03:51:43.945 933-985/? V/FFmpegExtractor: format_names[01]: mpegts
02-21 03:51:43.945 933-985/? V/FFmpegExtractor: format_names[02]: mov,mp4,m4a,3gp,3g2,mj2
02-21 03:51:43.945 933-985/? V/FFmpegExtractor: format_names[03]: matroska,webm
02-21 03:51:43.945 933-985/? V/FFmpegExtractor: format_names[04]: asf
02-21 03:51:43.945 933-985/? V/FFmpegExtractor: format_names[05]: rm
02-21 03:51:43.945 933-985/? V/FFmpegExtractor: format_names[06]: flv
02-21 03:51:43.945 933-985/? V/FFmpegExtractor: format_names[07]: swf
02-21 03:51:43.945 933-985/? V/FFmpegExtractor: format_names[08]: avi
02-21 03:51:43.945 933-985/? V/FFmpegExtractor: format_names[09]: ape
02-21 03:51:43.945 933-985/? V/FFmpegExtractor: format_names[10]: dts
02-21 03:51:43.945 933-985/? V/FFmpegExtractor: format_names[11]: flac
02-21 03:51:43.945 933-985/? V/FFmpegExtractor: format_names[12]: ac3
02-21 03:51:43.945 933-985/? V/FFmpegExtractor: format_names[13]: wav
02-21 03:51:43.945 933-985/? V/FFmpegExtractor: format_names[14]: ogg
02-21 03:51:43.945 933-985/? V/FFmpegExtractor: format_names[15]: vc1
02-21 03:51:43.945 933-985/? V/FFmpegExtractor: format_names[16]: hevc
02-21 03:51:43.945 933-985/? I/FFmpegExtractor: ========================================
02-21 03:51:43.945 933-985/? I/FFmpegExtractor: adjust mime(application/ogg -> audio/vorbis)
02-21 03:51:43.945 933-985/? D/FFmpegExtractor: suppoted codec(vorbis) by official Stagefright
02-21 03:51:43.945 933-985/? D/FFMPEG: android source close
02-21 03:51:43.945 933-985/? I/FFmpegExtractor: sniff through BetterSniffFFMPEG success
02-21 03:51:43.945 933-985/? D/FFmpegExtractor: ffmpeg detected media content as 'audio/vorbis' with confidence 0.08
02-21 03:51:43.947 829-842/system_process I/ActivityManager: Start proc 1186:com.android.printspooler/u0a50 for service com.android.printspooler/.model.PrintSpoolerService
02-21 03:51:43.949 1122-1122/com.android.inputmethod.latin I/LatinIME: Hardware accelerated drawing: true
02-21 03:51:43.954 829-829/system_process D/RttService: SCAN_AVAILABLE : 1
02-21 03:51:43.954 829-905/system_process D/RttService: DefaultState got{ when=0 what=160513 target=com.android.internal.util.StateMachine$SmHandler }
02-21 03:51:43.975 933-1198/? I/OMXClient: Using client-side OMX mux.
02-21 03:51:43.984 829-829/system_process D/RttService: SCAN_AVAILABLE : 3
02-21 03:51:43.985 829-904/system_process E/WifiScanningService: could not start HAL
02-21 03:51:43.985 829-905/system_process D/RttService: DefaultState got{ when=-1ms what=160512 target=com.android.internal.util.StateMachine$SmHandler }
02-21 03:51:44.000 829-1110/system_process V/FFmpegExtractor: SniffFFMPEG
02-21 03:51:44.000 829-1110/system_process I/FFmpegExtractor: android-source:0xdc9ff680
02-21 03:51:44.000 829-1110/system_process D/FFMPEG: android source begin open
02-21 03:51:44.001 829-1110/system_process D/FFMPEG: android open, url: android-source:0xdc9ff680
02-21 03:51:44.001 829-1110/system_process D/FFMPEG: ffmpeg open android data source success, source ptr: 0xdc9ff680
02-21 03:51:44.002 829-1110/system_process D/FFMPEG: android source open success
02-21 03:51:44.009 1158-1158/com.android.phone W/System: ClassLoader referenced unknown path: /system/priv-app/TeleService/lib/x86
02-21 03:51:44.009 1173-1173/? W/System: ClassLoader referenced unknown path: /system/priv-app/Launcher3/lib/x86
02-21 03:51:44.012 829-1110/system_process I/FFMPEG: Input #0, ogg, from 'android-source:0xdc9ff680':
02-21 03:51:44.012 829-1110/system_process I/FFMPEG:   Duration: 00:00:00.11, start: 0.000000, bitrate: 431 kb/s
02-21 03:51:44.012 829-1110/system_process I/FFMPEG:     Stream #0:0: Audio: vorbis, 48000 Hz, mono, fltp, 140 kb/s
02-21 03:51:44.012 829-1110/system_process I/FFmpegExtractor: FFmpegExtrator, url: android-source:0xdc9ff680, format_name: ogg, format_long_name: Ogg
02-21 03:51:44.012 829-1110/system_process I/FFmpegExtractor: list the formats suppoted by ffmpeg:
02-21 03:51:44.012 829-1110/system_process I/FFmpegExtractor: ========================================
02-21 03:51:44.012 829-1110/system_process V/FFmpegExtractor: format_names[00]: mpeg
02-21 03:51:44.012 829-1110/system_process V/FFmpegExtractor: format_names[01]: mpegts
02-21 03:51:44.012 829-1110/system_process V/FFmpegExtractor: format_names[02]: mov,mp4,m4a,3gp,3g2,mj2
02-21 03:51:44.012 829-1110/system_process V/FFmpegExtractor: format_names[03]: matroska,webm
02-21 03:51:44.012 829-1110/system_process V/FFmpegExtractor: format_names[04]: asf
02-21 03:51:44.012 829-1110/system_process V/FFmpegExtractor: format_names[05]: rm
02-21 03:51:44.012 829-1110/system_process V/FFmpegExtractor: format_names[06]: flv
02-21 03:51:44.012 829-1110/system_process V/FFmpegExtractor: format_names[07]: swf
02-21 03:51:44.012 829-1110/system_process V/FFmpegExtractor: format_names[08]: avi
02-21 03:51:44.012 829-1110/system_process V/FFmpegExtractor: format_names[09]: ape
02-21 03:51:44.012 829-1110/system_process V/FFmpegExtractor: format_names[10]: dts
02-21 03:51:44.012 829-1110/system_process V/FFmpegExtractor: format_names[11]: flac
02-21 03:51:44.012 829-1110/system_process V/FFmpegExtractor: format_names[12]: ac3
02-21 03:51:44.012 829-1110/system_process V/FFmpegExtractor: format_names[13]: wav
02-21 03:51:44.012 829-1110/system_process V/FFmpegExtractor: format_names[14]: ogg
02-21 03:51:44.012 829-1110/system_process V/FFmpegExtractor: format_names[15]: vc1
02-21 03:51:44.012 829-1110/system_process V/FFmpegExtractor: format_names[16]: hevc
02-21 03:51:44.012 829-1110/system_process I/FFmpegExtractor: ========================================
02-21 03:51:44.012 829-1110/system_process I/FFmpegExtractor: adjust mime(application/ogg -> audio/vorbis)
02-21 03:51:44.012 829-1110/system_process D/FFmpegExtractor: suppoted codec(vorbis) by official Stagefright
02-21 03:51:44.012 829-1110/system_process D/FFMPEG: android source close
02-21 03:51:44.012 829-1110/system_process I/FFmpegExtractor: sniff through BetterSniffFFMPEG success
02-21 03:51:44.012 829-1110/system_process D/FFmpegExtractor: ffmpeg detected media content as 'audio/vorbis' with confidence 0.08
02-21 03:51:44.019 829-829/system_process I/Choreographer: Skipped 113 frames!  The application may be doing too much work on its main thread.
02-21 03:51:44.039 829-1207/system_process I/OMXClient: Using client-side OMX mux.
02-21 03:51:44.060 829-829/system_process W/System: ClassLoader referenced unknown path: /system/priv-app/Telecom/lib/x86
02-21 03:51:44.067 1186-1186/com.android.printspooler I/PrintSpoolerService: No existing print spooler state.
02-21 03:51:44.186 1158-1158/com.android.phone W/System: ClassLoader referenced unknown path: /system/priv-app/TelephonyProvider/lib/x86
02-21 03:51:44.205 829-1110/system_process V/FFmpegExtractor: SniffFFMPEG
02-21 03:51:44.205 829-1110/system_process I/FFmpegExtractor: android-source:0xdc9ff7c0
02-21 03:51:44.205 829-1110/system_process D/FFMPEG: android source begin open
02-21 03:51:44.205 829-1110/system_process D/FFMPEG: android open, url: android-source:0xdc9ff7c0
02-21 03:51:44.205 829-1110/system_process D/FFMPEG: ffmpeg open android data source success, source ptr: 0xdc9ff7c0
02-21 03:51:44.205 829-1110/system_process D/FFMPEG: android source open success
02-21 03:51:44.219 829-1110/system_process I/FFMPEG: Input #0, ogg, from 'android-source:0xdc9ff7c0':
02-21 03:51:44.219 829-1110/system_process I/FFMPEG:   Duration: 00:00:00.11, start: 0.000000, bitrate: 440 kb/s
02-21 03:51:44.219 829-1110/system_process I/FFMPEG:     Stream #0:0: Audio: vorbis, 48000 Hz, mono, fltp, 140 kb/s
02-21 03:51:44.219 829-1110/system_process I/FFmpegExtractor: FFmpegExtrator, url: android-source:0xdc9ff7c0, format_name: ogg, format_long_name: Ogg
02-21 03:51:44.219 829-1110/system_process I/FFmpegExtractor: list the formats suppoted by ffmpeg:
02-21 03:51:44.219 829-1110/system_process I/FFmpegExtractor: ========================================
02-21 03:51:44.219 829-1110/system_process V/FFmpegExtractor: format_names[00]: mpeg
02-21 03:51:44.219 829-1110/system_process V/FFmpegExtractor: format_names[01]: mpegts
02-21 03:51:44.219 829-1110/system_process V/FFmpegExtractor: format_names[02]: mov,mp4,m4a,3gp,3g2,mj2
02-21 03:51:44.219 829-1110/system_process V/FFmpegExtractor: format_names[03]: matroska,webm
02-21 03:51:44.219 829-1110/system_process V/FFmpegExtractor: format_names[04]: asf
02-21 03:51:44.219 829-1110/system_process V/FFmpegExtractor: format_names[05]: rm
02-21 03:51:44.219 829-1110/system_process V/FFmpegExtractor: format_names[06]: flv
02-21 03:51:44.219 829-1110/system_process V/FFmpegExtractor: format_names[07]: swf
02-21 03:51:44.219 829-1110/system_process V/FFmpegExtractor: format_names[08]: avi
02-21 03:51:44.219 829-1110/system_process V/FFmpegExtractor: format_names[09]: ape
02-21 03:51:44.219 829-1110/system_process V/FFmpegExtractor: format_names[10]: dts
02-21 03:51:44.219 829-1110/system_process V/FFmpegExtractor: format_names[11]: flac
02-21 03:51:44.219 829-1110/system_process V/FFmpegExtractor: format_names[12]: ac3
02-21 03:51:44.219 829-1110/system_process V/FFmpegExtractor: format_names[13]: wav
02-21 03:51:44.219 829-1110/system_process V/FFmpegExtractor: format_names[14]: ogg
02-21 03:51:44.219 829-1110/system_process V/FFmpegExtractor: format_names[15]: vc1
02-21 03:51:44.219 829-1110/system_process V/FFmpegExtractor: format_names[16]: hevc
02-21 03:51:44.219 829-1110/system_process I/FFmpegExtractor: ========================================
02-21 03:51:44.219 829-1110/system_process I/FFmpegExtractor: adjust mime(application/ogg -> audio/vorbis)
02-21 03:51:44.219 829-1110/system_process D/FFmpegExtractor: suppoted codec(vorbis) by official Stagefright
02-21 03:51:44.219 829-1110/system_process D/FFMPEG: android source close
02-21 03:51:44.219 829-1110/system_process I/FFmpegExtractor: sniff through BetterSniffFFMPEG success
02-21 03:51:44.219 829-1110/system_process D/FFmpegExtractor: ffmpeg detected media content as 'audio/vorbis' with confidence 0.08
02-21 03:51:44.244 829-1211/system_process I/OMXClient: Using client-side OMX mux.
02-21 03:51:44.284 1122-1122/com.android.inputmethod.latin W/InputAttributes: No editor info for this field. Bug?
02-21 03:51:44.373 829-1110/system_process V/FFmpegExtractor: SniffFFMPEG
02-21 03:51:44.374 829-1110/system_process I/FFmpegExtractor: android-source:0xdc9ff8c0
02-21 03:51:44.374 829-1110/system_process D/FFMPEG: android source begin open
02-21 03:51:44.374 829-1110/system_process D/FFMPEG: android open, url: android-source:0xdc9ff8c0
02-21 03:51:44.374 829-1110/system_process D/FFMPEG: ffmpeg open android data source success, source ptr: 0xdc9ff8c0
02-21 03:51:44.374 829-1110/system_process D/FFMPEG: android source open success
02-21 03:51:44.396 1122-1215/com.android.inputmethod.latin I/LatinIME:LogUtils: Dictionary info: dictionary = contacts.en_US ; version = 1452908694 ; date = 1452908695
02-21 03:51:44.399 1122-1215/com.android.inputmethod.latin I/LatinIME:LogUtils: Dictionary info: dictionary = userunigram.en_US ; version = 1456044704 ; date = ?
02-21 03:51:44.406 829-1110/system_process I/FFMPEG: Input #0, ogg, from 'android-source:0xdc9ff8c0':
02-21 03:51:44.407 829-1110/system_process I/FFMPEG:   Duration: 00:00:00.11, start: 0.000000, bitrate: 431 kb/s
02-21 03:51:44.407 829-1110/system_process I/FFMPEG:     Stream #0:0: Audio: vorbis, 48000 Hz, mono, fltp, 140 kb/s
02-21 03:51:44.407 829-1110/system_process I/FFmpegExtractor: FFmpegExtrator, url: android-source:0xdc9ff8c0, format_name: ogg, format_long_name: Ogg
02-21 03:51:44.407 829-1110/system_process I/FFmpegExtractor: list the formats suppoted by ffmpeg:
02-21 03:51:44.407 829-1110/system_process I/FFmpegExtractor: ========================================
02-21 03:51:44.407 829-1110/system_process V/FFmpegExtractor: format_names[00]: mpeg
02-21 03:51:44.407 829-1110/system_process V/FFmpegExtractor: format_names[01]: mpegts
02-21 03:51:44.407 829-1110/system_process V/FFmpegExtractor: format_names[02]: mov,mp4,m4a,3gp,3g2,mj2
02-21 03:51:44.407 829-1110/system_process V/FFmpegExtractor: format_names[03]: matroska,webm
02-21 03:51:44.407 829-1110/system_process V/FFmpegExtractor: format_names[04]: asf
02-21 03:51:44.407 829-1110/system_process V/FFmpegExtractor: format_names[05]: rm
02-21 03:51:44.407 829-1110/system_process V/FFmpegExtractor: format_names[06]: flv
02-21 03:51:44.407 829-1110/system_process V/FFmpegExtractor: format_names[07]: swf
02-21 03:51:44.407 829-1110/system_process V/FFmpegExtractor: format_names[08]: avi
02-21 03:51:44.407 829-1110/system_process V/FFmpegExtractor: format_names[09]: ape
02-21 03:51:44.407 829-1110/system_process V/FFmpegExtractor: format_names[10]: dts
02-21 03:51:44.407 829-1110/system_process V/FFmpegExtractor: format_names[11]: flac
02-21 03:51:44.407 829-1110/system_process V/FFmpegExtractor: format_names[12]: ac3
02-21 03:51:44.407 829-1110/system_process V/FFmpegExtractor: format_names[13]: wav
02-21 03:51:44.407 829-1110/system_process V/FFmpegExtractor: format_names[14]: ogg
02-21 03:51:44.407 829-1110/system_process V/FFmpegExtractor: format_names[15]: vc1
02-21 03:51:44.407 829-1110/system_process V/FFmpegExtractor: format_names[16]: hevc
02-21 03:51:44.407 829-1110/system_process I/FFmpegExtractor: ========================================
02-21 03:51:44.407 829-1110/system_process I/FFmpegExtractor: adjust mime(application/ogg -> audio/vorbis)
02-21 03:51:44.407 829-1110/system_process D/FFmpegExtractor: suppoted codec(vorbis) by official Stagefright
02-21 03:51:44.407 829-1110/system_process D/FFMPEG: android source close
02-21 03:51:44.407 829-1110/system_process I/FFmpegExtractor: sniff through BetterSniffFFMPEG success
02-21 03:51:44.407 829-1110/system_process D/FFmpegExtractor: ffmpeg detected media content as 'audio/vorbis' with confidence 0.08
02-21 03:51:44.458 829-966/system_process I/ActivityManager: Start proc 1216:android.process.acore/u0a2 for content provider com.android.providers.userdictionary/.UserDictionaryProvider
02-21 03:51:44.539 829-1229/system_process I/OMXClient: Using client-side OMX mux.
02-21 03:51:44.559 829-839/system_process I/art: Background sticky concurrent mark sweep GC freed 39906(3MB) AllocSpace objects, 45(920KB) LOS objects, 26% free, 12MB/16MB, paused 7.028ms total 196.389ms
02-21 03:51:44.574 1158-1158/com.android.phone D/TelephonyProvider: dbh.onOpen: ok, queried table=siminfo
02-21 03:51:44.575 1158-1158/com.android.phone D/TelephonyProvider: dbh.onOpen: ok, queried table=carriers
02-21 03:51:44.586 1173-1173/? V/Launcher: LauncherAppState inited
02-21 03:51:44.600 1216-1216/android.process.acore W/System: ClassLoader referenced unknown path: /system/app/UserDictionaryProvider/lib/x86
02-21 03:51:44.613 829-829/system_process E/BluetoothAdapter: Bluetooth binder is null
02-21 03:51:44.644 1216-1216/android.process.acore W/System: ClassLoader referenced unknown path: /system/priv-app/ContactsProvider/lib/x86
02-21 03:51:44.738 829-829/system_process E/BluetoothAdapter: Bluetooth binder is null
02-21 03:51:44.740 829-829/system_process I/Telecom: Class: TelecomSystem.INSTANCE being set
02-21 03:51:44.740 829-829/system_process E/BluetoothAdapter: Bluetooth binder is null
02-21 03:51:44.814 1173-1173/? D/Launcher.Model: Old launcher provider: content://com.android.launcher2.settings/favorites?notify=true
02-21 03:51:44.814 1173-1173/? D/Launcher.Model: Old launcher provider does not exist.
02-21 03:51:44.816 829-829/system_process W/System: ClassLoader referenced unknown path: /system/priv-app/FusedLocation/lib/x86
02-21 03:51:44.824 829-829/system_process D/GpsNetInitiatedHandler: location enabled :true
02-21 03:51:44.824 829-829/system_process V/WiredAccessoryManager: init()
02-21 03:51:44.850 933-933/? I/vol.Events: writeEvent collection_started
02-21 03:51:44.859 933-1245/? I/vol.Events: writeEvent external_ringer_mode_changed normal
02-21 03:51:44.860 933-1245/? I/vol.Events: writeEvent internal_ringer_mode_changed normal
02-21 03:51:44.866 829-1110/system_process V/FFmpegExtractor: SniffFFMPEG
02-21 03:51:44.866 829-1110/system_process I/FFmpegExtractor: android-source:0xdc9ff940
02-21 03:51:44.867 829-1110/system_process D/FFMPEG: android source begin open
02-21 03:51:44.867 829-1110/system_process D/FFMPEG: android open, url: android-source:0xdc9ff940
02-21 03:51:44.867 829-1110/system_process D/FFMPEG: ffmpeg open android data source success, source ptr: 0xdc9ff940
02-21 03:51:44.867 829-1110/system_process D/FFMPEG: android source open success
02-21 03:51:44.888 829-1110/system_process I/FFMPEG: Input #0, ogg, from 'android-source:0xdc9ff940':
02-21 03:51:44.888 829-1110/system_process I/FFMPEG:   Duration: 00:00:00.11, start: 0.000000, bitrate: 462 kb/s
02-21 03:51:44.888 829-1110/system_process I/FFMPEG:     Stream #0:0: Audio: vorbis, 48000 Hz, mono, fltp, 140 kb/s
02-21 03:51:44.888 829-1110/system_process I/FFmpegExtractor: FFmpegExtrator, url: android-source:0xdc9ff940, format_name: ogg, format_long_name: Ogg
02-21 03:51:44.888 829-1110/system_process I/FFmpegExtractor: list the formats suppoted by ffmpeg:
02-21 03:51:44.888 829-1110/system_process I/FFmpegExtractor: ========================================
02-21 03:51:44.888 829-1110/system_process V/FFmpegExtractor: format_names[00]: mpeg
02-21 03:51:44.888 829-1110/system_process V/FFmpegExtractor: format_names[01]: mpegts
02-21 03:51:44.888 829-1110/system_process V/FFmpegExtractor: format_names[02]: mov,mp4,m4a,3gp,3g2,mj2
02-21 03:51:44.888 829-1110/system_process V/FFmpegExtractor: format_names[03]: matroska,webm
02-21 03:51:44.888 829-1110/system_process V/FFmpegExtractor: format_names[04]: asf
02-21 03:51:44.888 829-1110/system_process V/FFmpegExtractor: format_names[05]: rm
02-21 03:51:44.888 829-1110/system_process V/FFmpegExtractor: format_names[06]: flv
02-21 03:51:44.888 829-1110/system_process V/FFmpegExtractor: format_names[07]: swf
02-21 03:51:44.888 829-1110/system_process V/FFmpegExtractor: format_names[08]: avi
02-21 03:51:44.888 829-1110/system_process V/FFmpegExtractor: format_names[09]: ape
02-21 03:51:44.888 829-1110/system_process V/FFmpegExtractor: format_names[10]: dts
02-21 03:51:44.888 829-1110/system_process V/FFmpegExtractor: format_names[11]: flac
02-21 03:51:44.888 829-1110/system_process V/FFmpegExtractor: format_names[12]: ac3
02-21 03:51:44.888 829-1110/system_process V/FFmpegExtractor: format_names[13]: wav
02-21 03:51:44.888 829-1110/system_process V/FFmpegExtractor: format_names[14]: ogg
02-21 03:51:44.888 829-1110/system_process V/FFmpegExtractor: format_names[15]: vc1
02-21 03:51:44.888 829-1110/system_process V/FFmpegExtractor: format_names[16]: hevc
02-21 03:51:44.888 829-1110/system_process I/FFmpegExtractor: ========================================
02-21 03:51:44.888 829-1110/system_process I/FFmpegExtractor: adjust mime(application/ogg -> audio/vorbis)
02-21 03:51:44.888 829-1110/system_process D/FFmpegExtractor: suppoted codec(vorbis) by official Stagefright
02-21 03:51:44.888 829-1110/system_process D/FFMPEG: android source close
02-21 03:51:44.888 829-1110/system_process I/FFmpegExtractor: sniff through BetterSniffFFMPEG success
02-21 03:51:44.888 829-1110/system_process D/FFmpegExtractor: ffmpeg detected media content as 'audio/vorbis' with confidence 0.08
02-21 03:51:44.934 829-1247/system_process I/OMXClient: Using client-side OMX mux.
02-21 03:51:45.055 933-1245/? I/vol.Events: writeEvent level_changed STREAM_ALARM 6
02-21 03:51:45.066 933-1245/? I/vol.Events: writeEvent level_changed STREAM_BLUETOOTH_SCO 7
02-21 03:51:45.068 809-901/? D/PermissionCache: checking android.permission.HARDWARE_TEST for uid=1000 => granted (6861 us)
02-21 03:51:45.068 933-1245/? I/vol.Events: writeEvent level_changed STREAM_MUSIC 11
02-21 03:51:45.100 933-933/? D/StorageNotification: Notifying about private volume: VolumeInfo{private}:
                                                        type=PRIVATE diskId=null partGuid=null mountFlags=0 mountUserId=-1
                                                        state=MOUNTED
                                                        fsType=null fsUuid=null fsLabel=null
                                                        path=/data internalPath=null
02-21 03:51:45.106 829-1110/system_process V/FFmpegExtractor: SniffFFMPEG
02-21 03:51:45.106 829-1110/system_process I/FFmpegExtractor: android-source:0xdc9ff800
02-21 03:51:45.106 829-1110/system_process D/FFMPEG: android source begin open
02-21 03:51:45.106 829-1110/system_process D/FFMPEG: android open, url: android-source:0xdc9ff800
02-21 03:51:45.106 829-1110/system_process D/FFMPEG: ffmpeg open android data source success, source ptr: 0xdc9ff800
02-21 03:51:45.106 829-1110/system_process D/FFMPEG: android source open success
02-21 03:51:45.110 829-1110/system_process I/FFMPEG: Input #0, ogg, from 'android-source:0xdc9ff800':
02-21 03:51:45.110 829-1110/system_process I/FFMPEG:   Duration: 00:00:00.18, start: 0.000000, bitrate: 431 kb/s
02-21 03:51:45.110 829-1110/system_process I/FFMPEG:     Stream #0:0: Audio: vorbis, 44100 Hz, mono, fltp, 239 kb/s
02-21 03:51:45.110 829-1110/system_process I/FFMPEG:     Metadata:
02-21 03:51:45.110 829-1110/system_process I/FFMPEG:       ARTIST          : Copyright 2013 Android Open Source Project
02-21 03:51:45.111 829-1110/system_process I/FFmpegExtractor: FFmpegExtrator, url: android-source:0xdc9ff800, format_name: ogg, format_long_name: Ogg
02-21 03:51:45.111 829-1110/system_process I/FFmpegExtractor: list the formats suppoted by ffmpeg:
02-21 03:51:45.111 829-1110/system_process I/FFmpegExtractor: ========================================
02-21 03:51:45.111 829-1110/system_process V/FFmpegExtractor: format_names[00]: mpeg
02-21 03:51:45.111 829-1110/system_process V/FFmpegExtractor: format_names[01]: mpegts
02-21 03:51:45.111 829-1110/system_process V/FFmpegExtractor: format_names[02]: mov,mp4,m4a,3gp,3g2,mj2
02-21 03:51:45.111 829-1110/system_process V/FFmpegExtractor: format_names[03]: matroska,webm
02-21 03:51:45.111 829-1110/system_process V/FFmpegExtractor: format_names[04]: asf
02-21 03:51:45.111 829-1110/system_process V/FFmpegExtractor: format_names[05]: rm
02-21 03:51:45.111 829-1110/system_process V/FFmpegExtractor: format_names[06]: flv
02-21 03:51:45.111 829-1110/system_process V/FFmpegExtractor: format_names[07]: swf
02-21 03:51:45.111 829-1110/system_process V/FFmpegExtractor: format_names[08]: avi
02-21 03:51:45.111 829-1110/system_process V/FFmpegExtractor: format_names[09]: ape
02-21 03:51:45.111 829-1110/system_process V/FFmpegExtractor: format_names[10]: dts
02-21 03:51:45.111 829-1110/system_process V/FFmpegExtractor: format_names[11]: flac
02-21 03:51:45.111 829-1110/system_process V/FFmpegExtractor: format_names[12]: ac3
02-21 03:51:45.111 829-1110/system_process V/FFmpegExtractor: format_names[13]: wav
02-21 03:51:45.111 829-1110/system_process V/FFmpegExtractor: format_names[14]: ogg
02-21 03:51:45.111 829-1110/system_process V/FFmpegExtractor: format_names[15]: vc1
02-21 03:51:45.111 829-1110/system_process V/FFmpegExtractor: format_names[16]: hevc
02-21 03:51:45.111 829-1110/system_process I/FFmpegExtractor: ========================================
02-21 03:51:45.111 829-1110/system_process I/FFmpegExtractor: adjust mime(application/ogg -> audio/vorbis)
02-21 03:51:45.111 829-1110/system_process D/FFmpegExtractor: suppoted codec(vorbis) by official Stagefright
02-21 03:51:45.111 829-1110/system_process D/FFMPEG: android source close
02-21 03:51:45.111 829-1110/system_process I/FFmpegExtractor: sniff through BetterSniffFFMPEG success
02-21 03:51:45.111 829-1110/system_process D/FFmpegExtractor: ffmpeg detected media content as 'audio/vorbis' with confidence 0.08
02-21 03:51:45.129 829-1260/system_process I/OMXClient: Using client-side OMX mux.
02-21 03:51:45.130 933-1245/? I/vol.Events: writeEvent level_changed STREAM_RING 4
02-21 03:51:45.133 933-1245/? I/vol.Events: writeEvent level_changed STREAM_SYSTEM 4
02-21 03:51:45.180 933-1245/? I/vol.Events: writeEvent level_changed STREAM_VOICE_CALL 4
02-21 03:51:45.199 1122-1215/com.android.inputmethod.latin I/LatinIME:LogUtils: Dictionary info: dictionary = UserHistoryDictionary.en_US ; version = 1456044705 ; date = ?
02-21 03:51:45.255 1216-1230/android.process.acore W/art: Long monitor contention event with owner method=long android.database.sqlite.SQLiteConnection.nativeOpen(java.lang.String, int, java.lang.String, boolean, boolean) from SQLiteConnection.java:4294967294 waiters=0 for 196ms
02-21 03:51:45.256 829-843/system_process I/ActivityManager: Start proc 1263:com.android.music/u0a43 for broadcast com.android.music/.MediaButtonIntentReceiver
02-21 03:51:45.371 1122-1215/com.android.inputmethod.latin I/LatinIME:LogUtils: Dictionary info: dictionary = main:en ; version = 54 ; date = 1414726273
02-21 03:51:45.395 829-829/system_process I/AccountManagerService: getTypesVisibleToCaller: isPermitted? true
02-21 03:51:45.395 829-911/system_process I/StatusBarManagerService: registerStatusBar bar=com.android.internal.statusbar.IStatusBar$Stub$Proxy@8b0a2
02-21 03:51:45.431 829-829/system_process V/BackupManagerService: Connected to transport ComponentInfo{android/com.android.internal.backup.LocalTransportService}
02-21 03:51:45.431 829-829/system_process V/BackupManagerService: Registering transport android/com.android.internal.backup.LocalTransportService::android/com.android.internal.backup.LocalTransport = android.app.backup.BackupTransport$TransportImpl@8d0c133
02-21 03:51:45.438 1263-1263/? W/System: ClassLoader referenced unknown path: /system/app/Music/lib/x86
02-21 03:51:45.445 829-829/system_process I/Choreographer: Skipped 83 frames!  The application may be doing too much work on its main thread.

                                                           [ 02-21 03:51:45.470   829:  829 D/         ]
                                                           HostConnection::get() New Host Connection established 0xdd3bbe90, tid 829
02-21 03:51:45.704 1173-1184/? W/art: Suspending all threads took: 9.492ms
02-21 03:51:45.715 1173-1184/? I/art: Background sticky concurrent mark sweep GC freed 3298(489KB) AllocSpace objects, 2(40KB) LOS objects, 37% free, 1409KB/2MB, paused 9.980ms total 90.852ms
02-21 03:51:45.790 829-888/system_process D/WifiService: New client listening to asynchronous messages
02-21 03:51:45.817 1216-1244/android.process.acore I/ContactLocale: AddressBook Labels [en-US]: [, A, B, C, D, E, F, G, H, I, J, K, L, M, N, O, P, Q, R, S, T, U, V, W, X, Y, Z, , , , , , , , , , , , , , , , , , , , , , , , , , , , , , , , , , , , , , , , , , , , , , , , , , , , , , , , , , , , , , , , , , , , , , , , , , , , , , , , , , , , , , , , , , , , , , , , , , , , , , , , , , , , , , , , , , , , , , , , , , , , , , , , , , , , , , , , , , , , , , , , , , , , , , , , , , , , , , , , , , , , , , , , , , , , , , , , , , , , , , , , , , , #, ]
02-21 03:51:45.856 829-912/system_process V/KeyValueBackupJob: Scheduling k/v pass in 246 minutes
02-21 03:51:45.874 829-829/system_process I/FusedLocation: engine started (com.android.location.fused)
02-21 03:51:45.886 829-829/system_process I/ActivityManager: Start proc 1314:android.process.media/u0a6 for broadcast com.android.providers.downloads/.DownloadReceiver
02-21 03:51:45.925 829-841/system_process I/ActivityManager: Start proc 1328:com.android.smspush/u0a54 for service com.android.smspush/.WapPushManager
02-21 03:51:45.990 1314-1314/? W/System: ClassLoader referenced unknown path: /system/priv-app/DownloadProvider/lib/x86
02-21 03:51:46.000 1328-1328/com.android.smspush W/System: ClassLoader referenced unknown path: /system/app/WAPPushManager/lib/x86
02-21 03:51:46.001 1314-1314/? W/System: ClassLoader referenced unknown path: /system/priv-app/MediaProvider/lib/x86
02-21 03:51:46.095 829-842/system_process D/GpsLocationProvider: received SIM related action:
02-21 03:51:46.106 1158-1347/com.android.phone E/DcSwitchStateMachine-0: DctController is not ready
02-21 03:51:46.108 829-842/system_process D/GpsLocationProvider: SIM MCC/MNC is still not available
02-21 03:51:46.109 829-889/system_process E/ConnectivityService: Failed to find Messenger in unregisterNetworkFactory
02-21 03:51:46.112 829-889/system_process D/ConnectivityService: Got NetworkFactory Messenger for Telephony
02-21 03:51:46.112 829-889/system_process D/ConnectivityService: Ignoring this network
02-21 03:51:46.171 1173-1237/? W/Launcher: setApplicationContext called twice! old=android.app.Application@395d8ea new=android.app.Application@395d8ea
02-21 03:51:46.183 829-841/system_process I/AccountManagerService: getTypesVisibleToCaller: isPermitted? true
02-21 03:51:46.221 1173-1349/? D/OpenGLRenderer: Use EGL_SWAP_BEHAVIOR_PRESERVED: true
02-21 03:51:46.222 829-841/system_process I/AccountManagerService: getTypesVisibleToCaller: isPermitted? true

                                                                   [ 02-21 03:51:46.242  1173: 1173 D/         ]
                                                                   HostConnection::get() New Host Connection established 0xe7d7f540, tid 1173
02-21 03:51:46.323 933-933/? E/BluetoothAdapter: Bluetooth binder is null
02-21 03:51:46.332 829-1231/system_process D/ConnectivityService: listenForNetwork for Listen from uid/pid:10016/933 for NetworkRequest [ id=3, legacyType=-1, [] ]
02-21 03:51:46.354 933-933/? I/CameraManagerGlobal: Connecting to camera service
02-21 03:51:46.360 503-503/? V/EmulatedCamera_Camera: getCameraInfo
02-21 03:51:46.360 503-503/? V/EmulatedCamera_BaseCamera: getCameraInfo
02-21 03:51:46.360 503-503/? I/CameraService: getCameraCharacteristics: Switching to HAL1 shim implementation...
02-21 03:51:46.360 503-503/? V/EmulatedCamera_Camera: getCameraInfo
02-21 03:51:46.360 503-503/? V/EmulatedCamera_BaseCamera: getCameraInfo
02-21 03:51:46.360 503-503/? I/CameraService: CameraService::connect call (PID 503 "media", camera ID 0) for HAL version default and Camera API version 1
02-21 03:51:46.365 503-503/? E/CameraService: getCameraPriorityFromProcState: Received invalid process state -1 from ActivityManagerService!
