02-21 03:51:34.782 829-874/system_process W/PackageManager: Not granting permission android.permission.MOUNT_UNMOUNT_FILESYSTEMS to package com.example.king.fragement (protectionLevel=18 flags=0x3848be46)
02-21 03:51:34.782 829-874/system_process W/PackageManager: Unknown permission com.google.android.c2dm.permission.RECEIVE in package com.example.king.fragement
02-21 03:51:34.782 829-874/system_process W/PackageManager: Not granting permission android.permission.GLOBAL_SEARCH to package com.android.quicksearchbox (protectionLevel=18 flags=0x3808be45)
02-21 03:51:34.783 829-874/system_process W/PackageManager: Not granting permission android.permission.ACCESS_DOWNLOAD_MANAGER to package com.android.browser (protectionLevel=18 flags=0x3809be45)
02-21 03:51:34.783 829-874/system_process W/PackageManager: Not granting permission android.permission.SEND_DOWNLOAD_COMPLETED_INTENTS to package com.android.browser (protectionLevel=2 flags=0x3809be45)
02-21 03:51:34.783 829-874/system_process W/PackageManager: Not granting permission android.permission.BIND_WALLPAPER to package com.android.camera2 (protectionLevel=18 flags=0x3058bc45)
02-21 03:51:34.783 829-874/system_process W/PackageManager: Unknown permission com.android.launcher.permission.READ_SETTINGS in package com.android.launcher3
02-21 03:51:34.783 829-874/system_process W/PackageManager: Unknown permission com.android.launcher.permission.WRITE_SETTINGS in package com.android.launcher3
02-21 03:51:34.783 829-874/system_process W/PackageManager: Unknown permission com.google.android.googleapps.permission.GOOGLE_AUTH.mail in package com.android.calendar
02-21 03:51:34.783 829-874/system_process W/PackageManager: Not granting permission android.permission.MOUNT_UNMOUNT_FILESYSTEMS to package com.tencent.tmgp.mljz (protectionLevel=18 flags=0x1808be44)
02-21 03:51:34.783 829-874/system_process W/PackageManager: Not granting permission android.permission.READ_LOGS to package com.tencent.tmgp.mljz (protectionLevel=50 flags=0x1808be44)
02-21 03:51:34.783 829-874/system_process W/PackageManager: Unknown permission android.permission.RECEIVE_USER_PRESENT in package com.tencent.tmgp.mljz
02-21 03:51:34.783 829-874/system_process W/PackageManager: Not granting permission android.permission.BATTERY_STATS to package com.tencent.tmgp.mljz (protectionLevel=50 flags=0x1808be44)
02-21 03:51:34.783 829-874/system_process W/PackageManager: Unknown permission com.android.launcher.permission.READ_SETTINGS in package com.android.onetimeinitializer
02-21 03:51:34.783 829-874/system_process W/PackageManager: Unknown permission com.android.launcher.permission.WRITE_SETTINGS in package com.android.onetimeinitializer
02-21 03:51:34.783 829-874/system_process W/PackageManager: Not granting permission android.permission.DELETE_PACKAGES to package com.svox.pico (protectionLevel=18 flags=0x3808be45)
02-21 03:51:34.783 829-874/system_process W/PackageManager: Unknown permission com.google.android.gallery3d.permission.PICASA_STORE in package com.android.dreams.phototable
02-21 03:51:34.784 829-874/system_process W/PackageManager: Unknown permission com.google.android.googleapps.permission.GOOGLE_AUTH in package com.android.settings
02-21 03:51:34.784 829-874/system_process W/PackageManager: Unknown permission com.android.launcher.permission.READ_SETTINGS in package com.android.settings
02-21 03:51:34.784 829-874/system_process W/PackageManager: Unknown permission com.android.launcher.permission.WRITE_SETTINGS in package com.android.settings
02-21 03:51:34.784 829-873/system_process E/EventHub: could not get driver version for /dev/input/mouse0, Not a typewriter
02-21 03:51:34.784 829-874/system_process W/PackageManager: Unknown permission com.google.android.gallery3d.permission.GALLERY_PROVIDER in package com.android.bluetooth
02-21 03:51:34.784 829-874/system_process W/PackageManager: Unknown permission com.google.android.googleapps.permission.ACCESS_GOOGLE_PASSWORD in package com.android.development
02-21 03:51:34.784 829-874/system_process W/PackageManager: Unknown permission com.google.android.googleapps.permission.GOOGLE_AUTH in package com.android.development
02-21 03:51:34.784 829-874/system_process W/PackageManager: Unknown permission com.google.android.googleapps.permission.GOOGLE_AUTH.ALL_SERVICES in package com.android.development
02-21 03:51:34.784 829-874/system_process W/PackageManager: Unknown permission com.google.android.googleapps.permission.GOOGLE_AUTH.YouTubeUser in package com.android.development
02-21 03:51:34.803 829-829/system_process I/SystemServer: Clipboard Service
02-21 03:51:34.806 829-829/system_process I/SystemServer: NetworkManagement Service
02-21 03:51:34.813 829-829/system_process I/SystemServer: Text Service Manager Service
02-21 03:51:34.829 829-873/system_process I/EventHub: ignoring event id /dev/input/event3 driver VirtualBox mouse integration
02-21 03:51:34.852 829-873/system_process D/EventHub: No input device configuration file found for device 'Sleep Button'.
02-21 03:51:34.862 829-873/system_process W/EventHub: Unable to disable kernel key repeat for /dev/input/event1: Function not implemented
02-21 03:51:34.862 829-873/system_process I/EventHub: New device: id=3, fd=72, path='/dev/input/event1', name='Sleep Button', classes=0x1, configuration='', keyLayout='/system/usr/keylayout/Generic.kl', keyCharacterMap='/system/usr/keychars/Generic.kcm', builtinKeyboard=false, wakeMechanism=EPOLLWAKEUP, usingClockIoctl=true
02-21 03:51:34.862 829-873/system_process D/EventHub: No input device configuration file found for device 'Power Button'.
02-21 03:51:34.866 829-873/system_process W/EventHub: Unable to disable kernel key repeat for /dev/input/event0: Function not implemented
02-21 03:51:34.866 829-873/system_process I/EventHub: New device: id=4, fd=73, path='/dev/input/event0', name='Power Button', classes=0x1, configuration='', keyLayout='/system/usr/keylayout/Generic.kl', keyCharacterMap='/system/usr/keychars/Generic.kcm', builtinKeyboard=false, wakeMechanism=EPOLLWAKEUP, usingClockIoctl=true
02-21 03:51:34.866 829-873/system_process D/EventHub: No input device configuration file found for device 'AT Translated Set 2 keyboard'.
02-21 03:51:34.867 829-873/system_process I/EventHub: New device: id=5, fd=74, path='/dev/input/event2', name='AT Translated Set 2 keyboard', classes=0x3, configuration='', keyLayout='/system/usr/keylayout/AT_Translated_Set_2_keyboard.kl', keyCharacterMap='/system/usr/keychars/Generic.kcm', builtinKeyboard=false, wakeMechanism=EPOLLWAKEUP, usingClockIoctl=true
02-21 03:51:34.868 829-873/system_process E/EventHub: could not get driver version for /dev/input/mice, Not a typewriter
02-21 03:51:34.882 829-839/system_process W/art: Suspending all threads took: 11.955ms
02-21 03:51:34.895 829-839/system_process I/art: Background sticky concurrent mark sweep GC freed 9100(571KB) AllocSpace objects, 2(40KB) LOS objects, 12% free, 3MB/4MB, paused 18.906ms total 62.960ms
02-21 03:51:34.905 829-842/system_process I/UsageStatsService: User[0] Rollover scheduled @ 2016-02-16 19:00:00(1455667200000)
02-21 03:51:34.905 829-842/system_process I/UsageStatsService: User[0] Rolling over usage stats
02-21 03:51:34.905 829-842/system_process I/UsageStatsService: User[0] Flushing usage stats to disk
02-21 03:51:34.910 829-874/system_process W/MountService: No primary storage defined yet; hacking together a stub
02-21 03:51:34.911 829-874/system_process W/MountService: No primary storage defined yet; hacking together a stub
02-21 03:51:34.912 829-874/system_process W/MountService: No primary storage mounted!
02-21 03:51:34.912 829-874/system_process D/VoldConnector: SND -> {2 asec list}
02-21 03:51:34.912 829-875/system_process D/VoldConnector: RCV <- {200 2 asec operation succeeded}
02-21 03:51:34.913 829-874/system_process I/MountService: Running fstrim idle maintenance
02-21 03:51:34.913 829-874/system_process D/VoldConnector: SND -> {3 fstrim dotrim}
02-21 03:51:34.913 829-875/system_process D/VoldConnector: RCV <- {200 3 Command succeeded}
02-21 03:51:34.913 83-878/? D/vold: Starting trim of /cache
02-21 03:51:34.913 83-878/? W/vold: Trim failed on /cache: Operation not supported on transport endpoint
02-21 03:51:34.913 83-878/? D/vold: Starting trim of /data
02-21 03:51:34.913 83-878/? W/vold: Trim failed on /data: Operation not supported on transport endpoint
02-21 03:51:34.913 829-875/system_process D/VoldConnector: RCV <- {662 /cache -1 -1}
02-21 03:51:34.913 829-875/system_process D/VoldConnector: RCV <- {662 /data -1 -1}
02-21 03:51:34.915 829-845/system_process E/VoldConnector: Error handling '662 /cache -1 -1': java.lang.NullPointerException: Attempt to invoke virtual method 'void android.os.DropBoxManager.addText(java.lang.String, java.lang.String)' on a null object reference
02-21 03:51:34.916 829-845/system_process E/VoldConnector: Error handling '662 /data -1 -1': java.lang.NullPointerException: Attempt to invoke virtual method 'void android.os.DropBoxManager.addText(java.lang.String, java.lang.String)' on a null object reference
02-21 03:51:34.930 829-829/system_process I/SystemServer: Network Score Service
02-21 03:51:34.932 829-829/system_process I/SystemServer: NetworkStats Service
02-21 03:51:34.983 829-873/system_process I/InputReader: Device added: id=-1, name='Virtual', sources=0x00000301
02-21 03:51:34.986 829-842/system_process I/UsageStatsService: User[0] Rollover scheduled @ 2016-02-21 19:00:00(1456099200000)
02-21 03:51:34.986 829-842/system_process I/UsageStatsService: User[0] Rolling over usage stats complete. Took 81 milliseconds
02-21 03:51:35.011 829-829/system_process I/SystemServer: NetworkPolicy Service
02-21 03:51:35.076 829-873/system_process I/InputReader: Device added: id=5, name='AT Translated Set 2 keyboard', sources=0x00000101
02-21 03:51:35.076 829-873/system_process I/InputReader: Device added: id=4, name='Power Button', sources=0x00000101
02-21 03:51:35.076 829-873/system_process I/InputReader: Device added: id=3, name='Sleep Button', sources=0x00000101
02-21 03:51:35.076 829-873/system_process I/InputReader:   Touch device 'Genymotion Virtual Input' could not query the properties of its associated display.  The device will be inoperable until the display size becomes available.
02-21 03:51:35.076 829-873/system_process I/InputReader: Device added: id=1, name='Genymotion Virtual Input', sources=0x00001303
02-21 03:51:35.172 829-839/system_process W/art: Suspending all threads took: 94.723ms
02-21 03:51:35.195 829-873/system_process I/InputReader: Reconfiguring input devices.  changes=0x00000004
02-21 03:51:35.195 829-873/system_process I/InputReader: Device reconfigured: id=1, name='Genymotion Virtual Input', size 1080x1920, orientation 0, mode 1, display id 0
02-21 03:51:35.196 829-872/system_process I/ActivityManager: Config changes=78 {1.0 ?mcc?mnc en_US ldltr sw411dp w411dp h659dp 420dpi nrml port finger qwerty/v/v dpad/v s.5}
02-21 03:51:35.200 829-839/system_process I/art: Background partial concurrent mark sweep GC freed 6076(526KB) AllocSpace objects, 10(200KB) LOS objects, 33% free, 3MB/5MB, paused 116.670ms total 228.842ms
02-21 03:51:35.204 829-829/system_process I/SystemServiceManager: Starting com.android.server.wifi.p2p.WifiP2pService
02-21 03:51:35.722 829-882/system_process D/OpenGLRenderer: Use EGL_SWAP_BEHAVIOR_PRESERVED: true
02-21 03:51:35.873 829-882/system_process D/libEGL: loaded /system/lib/egl/libEGL_emulation.so
02-21 03:51:35.874 829-882/system_process D/libEGL: loaded /system/lib/egl/libGLESv1_CM_emulation.so
02-21 03:51:35.879 829-882/system_process D/libEGL: loaded /system/lib/egl/libGLESv2_emulation.so

                                                    [ 02-21 03:51:35.884   829:  882 D/         ]
                                                    HostConnection::get() New Host Connection established 0xdf83f530, tid 882
02-21 03:51:35.902 829-829/system_process I/WifiP2pService: Registering wifip2p
02-21 03:51:35.904 829-829/system_process I/SystemServiceManager: Starting com.android.server.wifi.WifiService
02-21 03:51:35.924 829-882/system_process I/OpenGLRenderer: Initialized EGL, version 1.4
02-21 03:51:36.004 829-882/system_process W/EGL_emulation: eglSurfaceAttrib not implemented
02-21 03:51:36.004 829-882/system_process W/OpenGLRenderer: Failed to set EGL_SWAP_BEHAVIOR on surface 0xec97c7e0, error=EGL_SUCCESS

                                                            [ 02-21 03:51:36.005   809:  828 D/         ]
                                                            HostConnection::get() New Host Connection established 0xf70d2c50, tid 828
02-21 03:51:36.023 829-829/system_process D/HS20: Passpoint is disabled
02-21 03:51:36.091 829-829/system_process D/WifiController: isAirplaneModeOn = false, isWifiEnabled = true, isScanningAvailable = false
02-21 03:51:36.094 829-829/system_process I/WifiService: Registering wifi
02-21 03:51:36.096 829-829/system_process I/SystemServiceManager: Starting com.android.server.wifi.WifiScanningService
02-21 03:51:36.096 829-829/system_process I/WifiScanningService: Creating wifiscanner
02-21 03:51:36.097 829-829/system_process I/WifiScanningService: Starting wifiscanner
02-21 03:51:36.098 829-829/system_process I/SystemServiceManager: Starting com.android.server.wifi.RttService
02-21 03:51:36.098 829-829/system_process I/RttService: Creating rttmanager
02-21 03:51:36.098 829-829/system_process I/RttService: Starting rttmanager
02-21 03:51:36.099 829-829/system_process I/SystemServiceManager: Starting com.android.server.ethernet.EthernetService
02-21 03:51:36.100 829-829/system_process I/EthernetServiceImpl: Creating EthernetConfigStore
02-21 03:51:36.135 829-829/system_process E/IpConfigStore: Error parsing configuration: java.io.FileNotFoundException: /data/misc/ethernet/ipconfig.txt: open failed: ENOENT (No such file or directory)
02-21 03:51:36.135 829-829/system_process W/EthernetConfigStore: No Ethernet configuration found. Using default.
02-21 03:51:36.135 829-829/system_process I/EthernetServiceImpl: Read stored IP configuration: IP assignment: DHCP
                                                                 Proxy settings: NONE
02-21 03:51:36.135 829-829/system_process I/EthernetService: Registering service ethernet
02-21 03:51:36.135 829-829/system_process I/SystemServer: Connectivity Service
02-21 03:51:36.137 829-829/system_process D/ConnectivityService: ConnectivityService starting up
02-21 03:51:36.139 829-829/system_process D/ConnectivityService: wifiOnly=false
02-21 03:51:36.143 829-829/system_process I/SystemServer: Network Service Discovery Service
02-21 03:51:36.144 829-829/system_process D/NsdService: Network service discovery enabled true
02-21 03:51:36.146 829-829/system_process I/SystemServer: UpdateLock Service
02-21 03:51:36.146 829-829/system_process I/SystemServiceManager: Starting com.android.server.notification.NotificationManagerService
02-21 03:51:36.202 829-829/system_process I/SystemServiceManager: Starting com.android.server.storage.DeviceStorageMonitorService
02-21 03:51:36.204 829-829/system_process I/SystemServer: Location Manager
02-21 03:51:36.206 829-829/system_process I/SystemServer: Country Detector
02-21 03:51:36.215 829-829/system_process I/SystemServer: Search Service
02-21 03:51:36.216 829-829/system_process I/SystemServer: DropBox Service
02-21 03:51:36.217 829-829/system_process I/SystemServer: Wallpaper Service
02-21 03:51:36.228 829-829/system_process I/SystemServer: Audio Service
02-21 03:51:36.267 829-884/system_process D/WifiApConfigStore: 2G band allowed channels are:1,6,11
02-21 03:51:36.324 829-829/system_process W/TelecomManager: Telecom Service not found.
02-21 03:51:36.325 503-860/? D/PermissionCache: checking android.permission.MODIFY_AUDIO_SETTINGS for uid=1000 => granted (433 us)
02-21 03:51:36.325 503-858/? E/AudioFlinger: no wake lock to update!
02-21 03:51:36.439 829-829/system_process I/SystemServiceManager: Starting com.android.server.DockObserver
02-21 03:51:36.440 829-829/system_process W/DockObserver: This kernel does not have dock station support
02-21 03:51:36.441 829-829/system_process I/SystemServer: Wired Accessory Manager
02-21 03:51:36.445 829-829/system_process W/WiredAccessoryManager: This kernel does not have wired headset support
02-21 03:51:36.445 829-829/system_process W/WiredAccessoryManager: This kernel does not have usb audio support
02-21 03:51:36.445 829-829/system_process W/WiredAccessoryManager: This kernel does not have HDMI audio support
02-21 03:51:36.445 829-829/system_process I/SystemServiceManager: Starting com.android.server.usb.UsbService$Lifecycle
02-21 03:51:36.471 829-829/system_process I/SystemServer: Serial Service
02-21 03:51:36.471 829-829/system_process I/SystemServiceManager: Starting com.android.server.twilight.TwilightService
02-21 03:51:36.472 829-829/system_process I/SystemServiceManager: Starting com.android.server.job.JobSchedulerService
02-21 03:51:36.478 829-829/system_process I/SystemServiceManager: Starting com.android.server.backup.BackupManagerService$Lifecycle
02-21 03:51:36.479 829-829/system_process I/SystemServiceManager: Starting com.android.server.appwidget.AppWidgetService
02-21 03:51:36.484 829-829/system_process I/SystemServiceManager: Starting com.android.server.voiceinteraction.VoiceInteractionManagerService
02-21 03:51:36.487 503-503/? D/PermissionCache: checking android.permission.CAPTURE_AUDIO_HOTWORD for uid=1000 => granted (119 us)
02-21 03:51:36.487 829-829/system_process W/SoundTriggerHelper: listModules status=0, # of modules=0
02-21 03:51:36.488 829-829/system_process I/SystemServer: DiskStats Service
02-21 03:51:36.489 829-829/system_process I/SystemServer: SamplingProfiler Service
02-21 03:51:36.494 829-829/system_process I/SystemServer: NetworkTimeUpdateService
02-21 03:51:36.495 829-829/system_process I/SystemServer: CommonTimeManagementService
02-21 03:51:36.495 829-829/system_process I/SystemServer: CertBlacklister
02-21 03:51:36.496 829-829/system_process I/SystemServiceManager: Starting com.android.server.dreams.DreamManagerService
02-21 03:51:36.503 829-829/system_process I/SystemServer: Assets Atlas Service
02-21 03:51:36.507 829-829/system_process I/SystemServiceManager: Starting com.android.server.print.PrintManagerService
02-21 03:51:36.510 829-829/system_process I/SystemServiceManager: Starting com.android.server.restrictions.RestrictionsManagerService
02-21 03:51:36.511 829-829/system_process I/SystemServiceManager: Starting com.android.server.media.MediaSessionService
02-21 03:51:36.526 829-829/system_process I/SystemServer: Media Router Service
02-21 03:51:36.527 829-829/system_process I/SystemServer: Genyd Service
02-21 03:51:36.527 829-829/system_process D/GenydService: GenydService startup
02-21 03:51:36.528 829-829/system_process I/SystemServiceManager: Starting com.android.server.trust.TrustManagerService
02-21 03:51:36.529 829-829/system_process I/SystemServiceManager: Starting com.android.server.fingerprint.FingerprintService
02-21 03:51:36.544 829-829/system_process W/FingerprintService: fingerprint service not available
02-21 03:51:36.544 829-829/system_process V/FingerprintService: Fingerprint HAL id: 0
02-21 03:51:36.545 829-829/system_process I/SystemServer: BackgroundDexOptService
02-21 03:51:36.547 829-829/system_process I/SystemServiceManager: Starting com.android.server.pm.LauncherAppsService
02-21 03:51:36.548 829-829/system_process I/SystemServiceManager: Starting com.android.server.media.projection.MediaProjectionManagerService
02-21 03:51:36.549 829-897/system_process D/AssetAtlas: Loaded configuration: SliceMinArea (832x2048) flags=0x2 count=6
02-21 03:51:36.568 829-829/system_process I/WindowManager: SAFE MODE not enabled
02-21 03:51:36.569 829-829/system_process I/SystemServiceManager: Starting com.android.server.MmsServiceBroker

                                                                  [ 02-21 03:51:36.636   829:  897 D/         ]
                                                                  HostConnection::get() New Host Connection established 0xdd3bb8d0, tid 897
02-21 03:51:36.771 829-844/system_process I/Choreographer: Skipped 41 frames!  The application may be doing too much work on its main thread.
02-21 03:51:36.815 809-828/? I/SurfaceFlinger: Boot is finished (10545 ms)
02-21 03:51:36.843 829-829/system_process E/LockSettingsStorage: Cannot read file java.io.FileNotFoundException: /data/system/gatekeeper.password.key: open failed: ENOENT (No such file or directory)
02-21 03:51:36.846 829-829/system_process E/LockSettingsStorage: Cannot read file java.io.FileNotFoundException: /data/system/password.key: open failed: ENOENT (No such file or directory)
02-21 03:51:36.846 829-829/system_process E/LockSettingsStorage: Cannot read file java.io.FileNotFoundException: /data/system/gatekeeper.pattern.key: open failed: ENOENT (No such file or directory)
02-21 03:51:36.846 829-829/system_process E/LockSettingsStorage: Cannot read file java.io.FileNotFoundException: /data/system/gatekeeper.gesture.key: open failed: ENOENT (No such file or directory)
02-21 03:51:36.846 829-829/system_process E/LockSettingsStorage: Cannot read file java.io.FileNotFoundException: /data/system/gesture.key: open failed: ENOENT (No such file or directory)
02-21 03:51:36.846 829-829/system_process I/SystemServiceManager: Starting phase 480
02-21 03:51:36.867 820-823/? E/Surface: getSlotFromBufferLocked: unknown buffer: 0xf5b420e0
02-21 03:51:36.929 829-829/system_process I/SystemServiceManager: Starting phase 500
02-21 03:51:36.933 829-897/system_process D/AssetAtlas: Rendered atlas in 283.29ms (2.43+280.86ms)
02-21 03:51:36.985 829-829/system_process I/WifiService: WifiService starting up with Wi-Fi enabled
02-21 03:51:36.986 829-829/system_process D/WifiService: setWifiEnabled: true pid=829, uid=1000
02-21 03:51:36.986 829-829/system_process E/WifiService: Invoking mWifiStateMachine.setWifiEnabled
02-21 03:51:36.990 829-888/system_process D/WifiController: WifiController msg { when=-3ms what=155656 target=com.android.internal.util.StateMachine$SmHandler } deferred for 500ms
02-21 03:51:36.995 829-888/system_process D/WifiService: New client listening to asynchronous messages
02-21 03:51:36.997 829-829/system_process I/WifiScanningService: Registering wifiscanner
02-21 03:51:36.999 829-829/system_process I/RttService: Registering rttmanager
02-21 03:51:37.000 829-829/system_process I/EthernetServiceImpl: Starting Ethernet service
02-21 03:51:37.005 829-829/system_process D/Ethernet: Registering NetworkFactory
02-21 03:51:37.005 829-889/system_process D/ConnectivityService: Got NetworkFactory Messenger for Ethernet
02-21 03:51:37.005 829-889/system_process D/ConnectivityService: Ignoring this network
02-21 03:51:37.006 829-829/system_process D/EthernetNetworkFactory: Started tracking interface eth0
02-21 03:51:37.499 829-888/system_process D/WifiController: DEFERRED_TOGGLE handled
02-21 03:51:37.500 829-884/system_process E/WifiStateMachine: Failed to reload STA firmware java.lang.IllegalArgumentException: command '2 softap fwreload eth1 STA' failed with '501 2 SoftAP command has failed'
02-21 03:51:37.502 504-804/? D/CommandListener: Setting iface cfg
02-21 03:51:37.502 504-804/? D/CommandListener: Trying to bring down eth1
02-21 03:51:37.502 504-804/? D/CommandListener: Clearing all IP addresses on eth1
02-21 03:51:37.503 829-884/system_process E/WifiMonitor: killSupplicant p2pfalse init.svc.wpa_supplicant=unknown init.svc.p2p_supplicant=unknown
02-21 03:51:37.505 829-884/system_process D/wifi: Can not initialize the vendor function pointer table
02-21 03:51:37.505 829-884/system_process E/WifiNative-HAL: Could not start hal
02-21 03:51:37.505 829-884/system_process E/WifiStateMachine: Failed to start HAL
02-21 03:51:37.527 829-884/system_process D/WifiMonitor: startMonitoring(eth1) with mConnected = false
02-21 03:51:37.528 829-884/system_process E/WifiHW: Unable to open connection to supplicant on "@android:wpa_eth1": Permission denied
02-21 03:51:37.641 907-907/? I/wpa_supplicant: Successfully initialized wpa_supplicant
02-21 03:51:38.543 829-884/system_process D/WifiConfigStore: Loading config and enabling all networks
02-21 03:51:38.591 829-884/system_process D/WifiConfigStore: loaded 0 passpoint configs
02-21 03:51:38.591 829-884/system_process E/WifiConfigStore: Error parsing configuration: java.io.FileNotFoundException: /data/misc/wifi/ipconfig.txt: open failed: ENOENT (No such file or directory)
02-21 03:51:38.601 829-884/system_process W/WifiConfigStore: Upgrading network 0 to android.uid.system:1000
02-21 03:51:38.601 829-884/system_process E/WifiConfigStore: readAutoJoinStatus: Error parsing configurationjava.io.FileNotFoundException: /data/misc/wifi/autojoinconfig.txt: open failed: ENOENT (No such file or directory)
02-21 03:51:38.601 829-884/system_process E/WifiConfigStore: buildPnoList sortedWifiConfigurations size 1
02-21 03:51:38.602 829-884/system_process E/WifiConfigStore: found sortedWifiConfigurations : "WiredSSID"NONE
02-21 03:51:38.602 907-907/? E/wpa_supplicant: Line -1: too long model_name (len=54 max_len=32)
02-21 03:51:38.602 907-907/? E/wpa_supplicant: Line -1: failed to parse 'model_name=PREVIEW - Google Nexus 5X - 6.0.0 - API 23 - 1080x1920'.
02-21 03:51:38.603 829-884/system_process E/WifiStateMachine: Failed to set model name PREVIEW - Google Nexus 5X - 6.0.0 - API 23 - 1080x1920
02-21 03:51:38.603 907-907/? E/wpa_supplicant: Line -1: too long model_number (len=54 max_len=32)
02-21 03:51:38.603 907-907/? E/wpa_supplicant: Line -1: failed to parse 'model_number=PREVIEW - Google Nexus 5X - 6.0.0 - API 23 - 1080x1920'.
02-21 03:51:38.603 829-884/system_process E/WifiStateMachine: Failed to set model number PREVIEW - Google Nexus 5X - 6.0.0 - API 23 - 1080x1920
02-21 03:51:38.605 829-884/system_process D/WifiNative-HAL: Setting external_sim to 1
02-21 03:51:38.606 829-884/system_process D/WifiStateMachine: Setting OUI to DA-A1-19
02-21 03:51:38.606 829-884/system_process E/WifiLogger: no ring buffers found
02-21 03:51:38.609 829-884/system_process D/WifiNative-HAL: Failing getSupportedFeatureset because HAL isn't started
02-21 03:51:38.615 829-884/system_process E/WifiStateMachine: Failed to set country code US
02-21 03:51:38.618 829-884/system_process E/native: do suspend false
02-21 03:51:38.619 829-884/system_process D/WifiConfigStore: No blacklist allowed without epno enabled
02-21 03:51:40.126 829-884/system_process D/WIFI: Registering NetworkFactory
02-21 03:51:40.126 829-884/system_process D/WIFI_UT: Registering NetworkFactory
02-21 03:51:40.126 829-889/system_process D/ConnectivityService: Got NetworkFactory Messenger for WIFI
02-21 03:51:40.126 829-889/system_process D/ConnectivityService: Got NetworkFactory Messenger for WIFI_UT
02-21 03:51:40.126 829-889/system_process D/ConnectivityService: Ignoring this network
02-21 03:51:40.127 829-884/system_process D/WIFI: got request NetworkRequest [ id=1, legacyType=-1, [ Capabilities: INTERNET&NOT_RESTRICTED&TRUSTED&NOT_VPN] ] with score 0
02-21 03:51:42.030 504-804/? D/CommandListener: Setting iface cfg
02-21 03:51:42.030 504-804/? D/CommandListener: Trying to bring up eth0
02-21 03:51:42.031 829-829/system_process D/EthernetNetworkFactory: updateInterface: eth0 link up
02-21 03:51:42.053 829-829/system_process V/BackupManagerService: No ancestral data
02-21 03:51:42.085 829-829/system_process V/KeyValueBackupJob: Scheduling k/v pass in 246 minutes
02-21 03:51:42.109 829-829/system_process V/BackupManagerService: Starting with transport android/com.android.internal.backup.LocalTransport
02-21 03:51:42.109 829-829/system_process V/BackupManagerService: Found transports: 1
02-21 03:51:42.115 829-829/system_process I/BackupManagerService: Found stale backup journal, scheduling
02-21 03:51:42.145 829-850/system_process W/KeyguardServiceDelegate: onScreenTurningOn(): no keyguard service!
02-21 03:51:42.290 829-829/system_process I/ActivityManager: System now ready
02-21 03:51:42.294 829-829/system_process I/SystemServer: Making services ready
02-21 03:51:42.294 829-829/system_process I/SystemServiceManager: Starting phase 550
02-21 03:51:42.296 829-874/system_process D/MountService: Thinking about reset, mSystemReady=true, mDaemonConnected=true
02-21 03:51:42.297 829-874/system_process D/VoldConnector: SND -> {4 volume reset}
02-21 03:51:42.297 829-829/system_process D/UsbAlsaManager: Adding ALSA device AlsaDevice: [card: 0, device: 0, type: 1]
02-21 03:51:42.297 829-829/system_process D/UsbAlsaManager: Adding ALSA device AlsaDevice: [card: 0, device: 1, type: 2]
02-21 03:51:42.297 829-843/system_process I/ActivityManager: Force stopping com.android.providers.media appid=10006 user=-1: vold reset
02-21 03:51:42.297 829-829/system_process D/UsbAlsaManager: Adding ALSA device AlsaDevice: [card: 0, device: 0, type: 2]
02-21 03:51:42.298 829-875/system_process D/VoldConnector: RCV <- {651 emulated 7}
02-21 03:51:42.299 829-875/system_process D/VoldConnector: RCV <- {659 emulated}
02-21 03:51:42.299 829-875/system_process D/VoldConnector: RCV <- {650 emulated 2 "" ""}
02-21 03:51:42.299 829-875/system_process D/VoldConnector: RCV <- {651 emulated 0}
02-21 03:51:42.299 829-875/system_process D/VoldConnector: RCV <- {200 4 Command succeeded}
02-21 03:51:42.299 829-874/system_process D/VoldConnector: SND -> {5 volume user_added 0 0}
02-21 03:51:42.300 829-875/system_process D/VoldConnector: RCV <- {200 5 Command succeeded}
02-21 03:51:42.301 829-829/system_process I/SystemServer: WebViewFactory preparation
02-21 03:51:42.318 829-845/system_process V/MountService: Found primary storage at VolumeInfo{emulated}:
                                                              type=EMULATED diskId=null partGuid=null mountFlags=0 mountUserId=-1
                                                              state=UNMOUNTED
                                                              fsType=null fsUuid=null fsLabel=null
                                                              path=null internalPath=null
02-21 03:51:42.318 829-874/system_process D/VoldConnector: SND -> {6 volume mount emulated 3 -1}
02-21 03:51:42.318 829-875/system_process D/VoldConnector: RCV <- {651 emulated 1}
02-21 03:51:42.319 83-95/? V/vold: Waiting for FUSE to spin up...
02-21 03:51:42.319 829-875/system_process D/VoldConnector: RCV <- {656 emulated /data/media}
02-21 03:51:42.319 829-875/system_process D/VoldConnector: RCV <- {655 emulated /storage/emulated}
02-21 03:51:42.323 829-829/system_process I/Zygote: Process: zygote socket opened, supported ABIS: x86,armeabi-v7a,armeabi
02-21 03:51:42.334 829-829/system_process I/ActivityManager: Start proc 918:WebViewLoader-x86/1037 [android.webkit.WebViewFactory$RelroFileCreator] for
02-21 03:51:42.351 918-918/? V/WebViewFactory: RelroFileCreator (64bit = false),  32-bit lib: , 64-bit lib:
02-21 03:51:42.360 829-829/system_process I/ActivityManager: Start proc 933:com.android.systemui/u0a16 for service com.android.systemui/.SystemUIService
02-21 03:51:42.360 829-829/system_process D/NetworkManagement: enabling bandwidth control
02-21 03:51:42.368 918-918/? E/webviewchromiumloader: Failed to load library : dlopen failed: can't read file "/system/vendor/lib": Is a directory
02-21 03:51:42.370 918-918/? E/WebViewFactory: failed to create relro file
02-21 03:51:42.371 829-875/system_process D/VoldConnector: RCV <- {651 emulated 2}
02-21 03:51:42.371 829-875/system_process D/VoldConnector: RCV <- {200 6 Command succeeded}
02-21 03:51:42.375 918-918/? I/art: System.exit called, status: 0
02-21 03:51:42.375 918-918/? I/AndroidRuntime: VM exiting with result code 0, cleanup skipped.
02-21 03:51:42.413 829-843/system_process I/ActivityManager: Start proc 950:com.android.externalstorage/u0a7 for broadcast com.android.externalstorage/.MountReceiver
02-21 03:51:42.459 950-950/? W/System: ClassLoader referenced unknown path: /system/priv-app/ExternalStorageProvider/lib/x86
02-21 03:51:42.469 950-950/? D/ExternalStorage: After updating volumes, found 1 active roots
02-21 03:51:42.471 950-950/? D/ExternalStorage: After updating volumes, found 1 active roots
02-21 03:51:42.474 933-933/? W/System: ClassLoader referenced unknown path: /system/priv-app/SystemUI/lib/x86
02-21 03:51:42.477 950-950/? D/ExternalStorage: After updating volumes, found 1 active roots
02-21 03:51:42.525 933-933/? V/SystemUIService: Starting SystemUI services.
02-21 03:51:42.698 933-985/? E/WVMExtractor: Failed to open libwvm.so: dlopen failed: library "libwvm.so" not found
02-21 03:51:42.699 933-985/? V/FFmpegExtractor: SniffFFMPEG
02-21 03:51:42.699 933-985/? I/FFmpegExtractor: android-source:0xf3d5c800
02-21 03:51:42.725 504-804/? I/iptables: iptables: No chain/target/match by that name.
02-21 03:51:42.725 504-804/? I/iptables: iptables terminated by exit(1)
02-21 03:51:42.725 504-804/? E/Netd: exec() res=0, status=256 for /system/bin/iptables -w -F st_penalty_log
02-21 03:51:42.731 504-804/? I/ip6tables: ip6tables: No chain/target/match by that name.
02-21 03:51:42.732 504-804/? I/ip6tables: ip6tables terminated by exit(1)
02-21 03:51:42.733 504-804/? E/Netd: exec() res=0, status=256 for /system/bin/ip6tables -w -F st_penalty_log
02-21 03:51:42.740 504-804/? I/iptables: iptables: No chain/target/match by that name.
02-21 03:51:42.740 504-804/? I/iptables: iptables terminated by exit(1)
02-21 03:51:42.740 504-804/? E/Netd: exec() res=0, status=256 for /system/bin/iptables -w -F st_penalty_reject
02-21 03:51:42.747 504-804/? I/ip6tables: ip6tables: No chain/target/match by that name.
02-21 03:51:42.747 504-804/? I/ip6tables: ip6tables terminated by exit(1)
02-21 03:51:42.747 504-804/? E/Netd: exec() res=0, status=256 for /system/bin/ip6tables -w -F st_penalty_reject
02-21 03:51:42.757 504-804/? I/iptables: iptables: No chain/target/match by that name.
02-21 03:51:42.757 504-804/? I/iptables: iptables terminated by exit(1)
02-21 03:51:42.757 504-804/? E/Netd: exec() res=0, status=256 for /system/bin/iptables -w -F st_clear_caught
02-21 03:51:42.773 504-804/? I/ip6tables: ip6tables: No chain/target/match by that name.
02-21 03:51:42.774 504-804/? I/ip6tables: ip6tables terminated by exit(1)
02-21 03:51:42.774 504-804/? E/Netd: exec() res=0, status=256 for /system/bin/ip6tables -w -F st_clear_caught
02-21 03:51:42.780 504-804/? I/iptables: iptables: No chain/target/match by that name.
02-21 03:51:42.780 504-804/? I/iptables: iptables terminated by exit(1)
02-21 03:51:42.780 504-804/? E/Netd: exec() res=0, status=256 for /system/bin/iptables -w -F st_clear_detect
02-21 03:51:42.815 504-804/? I/ip6tables: ip6tables: No chain/target/match by that name.
02-21 03:51:42.815 504-804/? I/ip6tables: ip6tables terminated by exit(1)
02-21 03:51:42.815 504-804/? E/Netd: exec() res=0, status=256 for /system/bin/ip6tables -w -F st_clear_detect
02-21 03:51:42.818 933-985/? D/FFMPEG: android source begin open
02-21 03:51:42.818 933-985/? D/FFMPEG: android open, url: android-source:0xf3d5c800
02-21 03:51:42.818 933-985/? D/FFMPEG: ffmpeg open android data source success, source ptr: 0xf3d5c800
02-21 03:51:42.818 933-985/? D/FFMPEG: android source open success
02-21 03:51:42.823 504-804/? I/iptables: iptables: No chain/target/match by that name.
02-21 03:51:42.824 504-804/? I/iptables: iptables terminated by exit(1)
02-21 03:51:42.824 504-804/? E/Netd: exec() res=0, status=256 for /system/bin/iptables -w -X st_penalty_log
02-21 03:51:42.831 504-804/? I/ip6tables: ip6tables: No chain/target/match by that name.
02-21 03:51:42.831 504-804/? I/ip6tables: ip6tables terminated by exit(1)
02-21 03:51:42.832 504-804/? E/Netd: exec() res=0, status=256 for /system/bin/ip6tables -w -X st_penalty_log
02-21 03:51:42.838 504-804/? I/iptables: iptables: No chain/target/match by that name.
02-21 03:51:42.839 504-804/? I/iptables: iptables terminated by exit(1)
02-21 03:51:42.839 504-804/? E/Netd: exec() res=0, status=256 for /system/bin/iptables -w -X st_penalty_reject
02-21 03:51:42.847 504-804/? I/ip6tables: ip6tables: No chain/target/match by that name.
02-21 03:51:42.851 504-804/? I/ip6tables: ip6tables terminated by exit(1)
02-21 03:51:42.851 504-804/? E/Netd: exec() res=0, status=256 for /system/bin/ip6tables -w -X st_penalty_reject
02-21 03:51:42.857 504-804/? I/iptables: iptables: No chain/target/match by that name.
02-21 03:51:42.857 504-804/? I/iptables: iptables terminated by exit(1)
02-21 03:51:42.858 504-804/? E/Netd: exec() res=0, status=256 for /system/bin/iptables -w -X st_clear_caught
02-21 03:51:42.862 504-804/? I/ip6tables: ip6tables: No chain/target/match by that name.
02-21 03:51:42.862 504-804/? I/ip6tables: ip6tables terminated by exit(1)
02-21 03:51:42.862 504-804/? E/Netd: exec() res=0, status=256 for /system/bin/ip6tables -w -X st_clear_caught
02-21 03:51:42.878 504-804/? I/iptables: iptables: No chain/target/match by that name.
02-21 03:51:42.878 504-804/? I/iptables: iptables terminated by exit(1)
02-21 03:51:42.878 504-804/? E/Netd: exec() res=0, status=256 for /system/bin/iptables -w -X st_clear_detect
02-21 03:51:42.886 504-804/? I/ip6tables: ip6tables: No chain/target/match by that name.
02-21 03:51:42.902 504-804/? I/ip6tables: ip6tables terminated by exit(1)
02-21 03:51:42.902 504-804/? E/Netd: exec() res=0, status=256 for /system/bin/ip6tables -w -X st_clear_detect
02-21 03:51:42.922 933-985/? I/FFMPEG: Input #0, ogg, from 'android-source:0xf3d5c800':
02-21 03:51:42.922 933-985/? I/FFMPEG:   Duration: 00:00:00.23, start: 0.000000, bitrate: 293 kb/s
02-21 03:51:42.922 933-985/? I/FFMPEG:     Stream #0:0: Audio: vorbis, 44100 Hz, stereo, fltp, 160 kb/s
02-21 03:51:42.922 933-985/? I/FFmpegExtractor: FFmpegExtrator, url: android-source:0xf3d5c800, format_name: ogg, format_long_name: Ogg
02-21 03:51:42.922 933-985/? I/FFmpegExtractor: list the formats suppoted by ffmpeg:
02-21 03:51:42.922 933-985/? I/FFmpegExtractor: ========================================
02-21 03:51:42.922 933-985/? V/FFmpegExtractor: format_names[00]: mpeg
02-21 03:51:42.922 933-985/? V/FFmpegExtractor: format_names[01]: mpegts
02-21 03:51:42.922 933-985/? V/FFmpegExtractor: format_names[02]: mov,mp4,m4a,3gp,3g2,mj2
02-21 03:51:42.922 933-985/? V/FFmpegExtractor: format_names[03]: matroska,webm
02-21 03:51:42.922 933-985/? V/FFmpegExtractor: format_names[04]: asf
02-21 03:51:42.922 933-985/? V/FFmpegExtractor: format_names[05]: rm
02-21 03:51:42.922 933-985/? V/FFmpegExtractor: format_names[06]: flv
02-21 03:51:42.922 933-985/? V/FFmpegExtractor: format_names[07]: swf
02-21 03:51:42.922 933-985/? V/FFmpegExtractor: format_names[08]: avi
02-21 03:51:42.922 933-985/? V/FFmpegExtractor: format_names[09]: ape
02-21 03:51:42.922 933-985/? V/FFmpegExtractor: format_names[10]: dts
02-21 03:51:42.922 933-985/? V/FFmpegExtractor: format_names[11]: flac
02-21 03:51:42.923 933-985/? V/FFmpegExtractor: format_names[12]: ac3
02-21 03:51:42.923 933-985/? V/FFmpegExtractor: format_names[13]: wav
02-21 03:51:42.923 933-985/? V/FFmpegExtractor: format_names[14]: ogg
02-21 03:51:42.923 933-985/? V/FFmpegExtractor: format_names[15]: vc1
02-21 03:51:42.923 933-985/? V/FFmpegExtractor: format_names[16]: hevc
02-21 03:51:42.923 933-985/? I/FFmpegExtractor: ========================================
02-21 03:51:42.923 933-985/? I/FFmpegExtractor: adjust mime(application/ogg -> audio/vorbis)
02-21 03:51:42.923 933-985/? D/FFmpegExtractor: suppoted codec(vorbis) by official Stagefright
02-21 03:51:42.923 933-985/? D/FFMPEG: android source close
02-21 03:51:42.923 933-985/? I/FFmpegExtractor: sniff through BetterSniffFFMPEG success
02-21 03:51:42.923 933-985/? D/FFmpegExtractor: ffmpeg detected media content as 'audio/vorbis' with confidence 0.08
02-21 03:51:42.952 503-860/? W/linker: /system/lib/libavcodec.so has text relocations. This is wasting memory and prevents security hardening. Please fix.
02-21 03:51:42.959 503-860/? W/linker: /system/lib/libswresample.so has text relocations. This is wasting memory and prevents security hardening. Please fix.
02-21 03:51:42.962 503-860/? D/SoftFFmpegAudio: SoftFFmpegAudio component: OMX.ffmpeg.wma.decoder mMode: 4
02-21 03:51:42.962 503-860/? V/SoftFFmpegAudio: ~SoftFFmpegAudio
02-21 03:51:42.965 503-860/? W/linker: /system/lib/libavcodec.so has text relocations. This is wasting memory and prevents security hardening. Please fix.
02-21 03:51:42.971 503-860/? W/linker: /system/lib/libswresample.so has text relocations. This is wasting memory and prevents security hardening. Please fix.
02-21 03:51:42.979 503-860/? D/SoftFFmpegAudio: SoftFFmpegAudio component: OMX.ffmpeg.ra.decoder mMode: 5
02-21 03:51:42.980 503-860/? V/SoftFFmpegAudio: ~SoftFFmpegAudio
02-21 03:51:42.983 503-860/? W/linker: /system/lib/libavcodec.so has text relocations. This is wasting memory and prevents security hardening. Please fix.
02-21 03:51:42.986 503-860/? W/linker: /system/lib/libswresample.so has text relocations. This is wasting memory and prevents security hardening. Please fix.
02-21 03:51:42.994 503-860/? D/SoftFFmpegAudio: SoftFFmpegAudio component: OMX.ffmpeg.flac.decoder mMode: 6
02-21 03:51:42.994 503-860/? V/SoftFFmpegAudio: ~SoftFFmpegAudio
02-21 03:51:43.003 503-860/? W/linker: /system/lib/libavcodec.so has text relocations. This is wasting memory and prevents security hardening. Please fix.
02-21 03:51:43.008 503-860/? W/linker: /system/lib/libswresample.so has text relocations. This is wasting memory and prevents security hardening. Please fix.
02-21 03:51:43.011 503-860/? D/SoftFFmpegAudio: SoftFFmpegAudio component: OMX.ffmpeg.mp2.decoder mMode: 7
02-21 03:51:43.012 503-860/? V/SoftFFmpegAudio: ~SoftFFmpegAudio
02-21 03:51:43.014 503-860/? W/linker: /system/lib/libavcodec.so has text relocations. This is wasting memory and prevents security hardening. Please fix.
02-21 03:51:43.019 503-860/? W/linker: /system/lib/libswresample.so has text relocations. This is wasting memory and prevents security hardening. Please fix.
02-21 03:51:43.021 503-860/? D/SoftFFmpegAudio: SoftFFmpegAudio component: OMX.ffmpeg.ac3.decoder mMode: 8
02-21 03:51:43.026 503-860/? V/SoftFFmpegAudio: ~SoftFFmpegAudio
02-21 03:51:43.031 503-860/? W/linker: /system/lib/libavcodec.so has text relocations. This is wasting memory and prevents security hardening. Please fix.
02-21 03:51:43.049 503-860/? W/linker: /system/lib/libswresample.so has text relocations. This is wasting memory and prevents security hardening. Please fix.
02-21 03:51:43.055 503-860/? D/SoftFFmpegAudio: SoftFFmpegAudio component: OMX.ffmpeg.ape.decoder mMode: 9
02-21 03:51:43.060 503-860/? V/SoftFFmpegAudio: ~SoftFFmpegAudio
02-21 03:51:43.066 503-860/? W/linker: /system/lib/libavcodec.so has text relocations. This is wasting memory and prevents security hardening. Please fix.
02-21 03:51:43.070 503-860/? W/linker: /system/lib/libswresample.so has text relocations. This is wasting memory and prevents security hardening. Please fix.
02-21 03:51:43.079 503-860/? D/SoftFFmpegAudio: SoftFFmpegAudio component: OMX.ffmpeg.dts.decoder mMode: 10
02-21 03:51:43.081 503-860/? V/SoftFFmpegAudio: ~SoftFFmpegAudio
02-21 03:51:43.084 503-860/? W/linker: /system/lib/libavcodec.so has text relocations. This is wasting memory and prevents security hardening. Please fix.
02-21 03:51:43.094 503-860/? W/linker: /system/lib/libswresample.so has text relocations. This is wasting memory and prevents security hardening. Please fix.
02-21 03:51:43.099 503-860/? D/SoftFFmpegAudio: SoftFFmpegAudio component: OMX.ffmpeg.pcm.decoder mMode: 12
02-21 03:51:43.103 503-860/? V/SoftFFmpegAudio: ~SoftFFmpegAudio
02-21 03:51:43.107 503-860/? W/linker: /system/lib/libavcodec.so has text relocations. This is wasting memory and prevents security hardening. Please fix.
02-21 03:51:43.110 503-860/? W/linker: /system/lib/libswresample.so has text relocations. This is wasting memory and prevents security hardening. Please fix.
02-21 03:51:43.114 503-860/? D/SoftFFmpegAudio: SoftFFmpegAudio component: OMX.ffmpeg.atrial.decoder mMode: 11
02-21 03:51:43.115 503-860/? V/SoftFFmpegAudio: ~SoftFFmpegAudio
02-21 03:51:43.141 503-860/? W/linker: /system/lib/libavcodec.so has text relocations. This is wasting memory and prevents security hardening. Please fix.
02-21 03:51:43.155 503-860/? W/linker: /system/lib/libswscale.so has text relocations. This is wasting memory and prevents security hardening. Please fix.
02-21 03:51:43.157 503-860/? W/linker: /system/lib/libswresample.so has text relocations. This is wasting memory and prevents security hardening. Please fix.
02-21 03:51:43.160 503-860/? D/SoftFFmpegVideo: SoftFFmpegVideo component: OMX.ffmpeg.h264.decoder mMode: 0 appData: 0xf1b03480
02-21 03:51:43.161 503-860/? E/OMXNodeInstance: getParameter(a:ffmpeg.h264.decoder, ParamVideoProfileLevelQuerySupported(0x600000f)) ERROR: UnsupportedIndex(0x8000101a)
02-21 03:51:43.166 503-860/? W/OMXNodeInstance: [a:ffmpeg.h264.decoder] component does not support metadata mode; using fallback
02-21 03:51:43.166 503-860/? E/OMXNodeInstance: getExtensionIndex(a:ffmpeg.h264.decoder, OMX.google.android.index.prepareForAdaptivePlayback) ERROR: UnsupportedIndex(0x8000101a)
02-21 03:51:43.167 503-860/? V/SoftFFmpegVideo: ~SoftFFmpegVideo
02-21 03:51:43.170 503-860/? W/linker: /system/lib/libavcodec.so has text relocations. This is wasting memory and prevents security hardening. Please fix.
02-21 03:51:43.175 503-860/? W/linker: /system/lib/libswscale.so has text relocations. This is wasting memory and prevents security hardening. Please fix.
02-21 03:51:43.175 503-860/? W/linker: /system/lib/libswresample.so has text relocations. This is wasting memory and prevents security hardening. Please fix.
02-21 03:51:43.182 503-860/? D/SoftFFmpegVideo: SoftFFmpegVideo component: OMX.ffmpeg.mpeg2v.decoder mMode: 0 appData: 0xf1b03480
02-21 03:51:43.187 503-860/? E/SoftFFmpegVideo: unsupported role: video_decoder.mpeg2
02-21 03:51:43.188 503-860/? E/OMXNodeInstance: setParameter(b:ffmpeg.mpeg2v.decoder, ParamStandardComponentRole(0x1000017)) ERROR: Undefined(0x80001001)
02-21 03:51:43.189 503-860/? W/OMXCodec: Failed to set standard component role 'video_decoder.mpeg2'.
02-21 03:51:43.189 503-860/? E/OMXNodeInstance: getParameter(b:ffmpeg.mpeg2v.decoder, ParamVideoProfileLevelQuerySupported(0x600000f)) ERROR: UnsupportedIndex(0x8000101a)
02-21 03:51:43.189 503-860/? W/OMXNodeInstance: [b:ffmpeg.mpeg2v.decoder] component does not support metadata mode; using fallback
02-21 03:51:43.189 503-860/? E/OMXNodeInstance: getExtensionIndex(b:ffmpeg.mpeg2v.decoder, OMX.google.android.index.prepareForAdaptivePlayback) ERROR: UnsupportedIndex(0x8000101a)
02-21 03:51:43.189 503-860/? V/SoftFFmpegVideo: ~SoftFFmpegVideo
02-21 03:51:43.194 503-860/? W/linker: /system/lib/libavcodec.so has text relocations. This is wasting memory and prevents security hardening. Please fix.
02-21 03:51:43.197 503-860/? W/linker: /system/lib/libswscale.so has text relocations. This is wasting memory and prevents security hardening. Please fix.
02-21 03:51:43.198 503-860/? W/linker: /system/lib/libswresample.so has text relocations. This is wasting memory and prevents security hardening. Please fix.
02-21 03:51:43.201 829-844/system_process W/WindowManager: Keyguard drawn timeout. Setting mKeyguardDrawComplete
02-21 03:51:43.206 503-860/? D/SoftFFmpegVideo: SoftFFmpegVideo component: OMX.ffmpeg.wmv.decoder mMode: 0 appData: 0xf1b03480
02-21 03:51:43.207 503-860/? E/OMXNodeInstance: getParameter(c:ffmpeg.wmv.decoder, ParamVideoProfileLevelQuerySupported(0x600000f)) ERROR: UnsupportedIndex(0x8000101a)
02-21 03:51:43.207 503-860/? W/OMXNodeInstance: [c:ffmpeg.wmv.decoder] component does not support metadata mode; using fallback
02-21 03:51:43.207 503-860/? E/OMXNodeInstance: getExtensionIndex(c:ffmpeg.wmv.decoder, OMX.google.android.index.prepareForAdaptivePlayback) ERROR: UnsupportedIndex(0x8000101a)
02-21 03:51:43.210 503-860/? V/SoftFFmpegVideo: ~SoftFFmpegVideo
02-21 03:51:43.222 503-860/? W/linker: /system/lib/libavcodec.so has text relocations. This is wasting memory and prevents security hardening. Please fix.
02-21 03:51:43.226 503-860/? W/linker: /system/lib/libswscale.so has text relocations. This is wasting memory and prevents security hardening. Please fix.
02-21 03:51:43.226 503-860/? W/linker: /system/lib/libswresample.so has text relocations. This is wasting memory and prevents security hardening. Please fix.
02-21 03:51:43.230 503-860/? D/SoftFFmpegVideo: SoftFFmpegVideo component: OMX.ffmpeg.rv.decoder mMode: 0 appData: 0xf1b03480
02-21 03:51:43.230 503-860/? E/OMXNodeInstance: getParameter(d:ffmpeg.rv.decoder, ParamVideoProfileLevelQuerySupported(0x600000f)) ERROR: UnsupportedIndex(0x8000101a)
02-21 03:51:43.230 503-860/? W/OMXNodeInstance: [d:ffmpeg.rv.decoder] component does not support metadata mode; using fallback
02-21 03:51:43.230 503-860/? E/OMXNodeInstance: getExtensionIndex(d:ffmpeg.rv.decoder, OMX.google.android.index.prepareForAdaptivePlayback) ERROR: UnsupportedIndex(0x8000101a)
02-21 03:51:43.235 503-860/? V/SoftFFmpegVideo: ~SoftFFmpegVideo
02-21 03:51:43.242 503-860/? W/linker: /system/lib/libavcodec.so has text relocations. This is wasting memory and prevents security hardening. Please fix.
02-21 03:51:43.249 503-860/? W/linker: /system/lib/libswscale.so has text relocations. This is wasting memory and prevents security hardening. Please fix.
02-21 03:51:43.249 503-860/? W/linker: /system/lib/libswresample.so has text relocations. This is wasting memory and prevents security hardening. Please fix.
02-21 03:51:43.255 503-860/? D/SoftFFmpegVideo: SoftFFmpegVideo component: OMX.ffmpeg.vc1.decoder mMode: 0 appData: 0xf1b03480
02-21 03:51:43.258 503-860/? E/OMXNodeInstance: getParameter(e:ffmpeg.vc1.decoder, ParamVideoProfileLevelQuerySupported(0x600000f)) ERROR: UnsupportedIndex(0x8000101a)
