02-21 03:51:46.365 503-503/? V/EmulatedCamera_Camera: getCameraInfo
02-21 03:51:46.365 503-503/? V/EmulatedCamera_BaseCamera: getCameraInfo
02-21 03:51:46.371 503-503/? W/linker: /system/lib/libavcodec.so has text relocations. This is wasting memory and prevents security hardening. Please fix.
02-21 03:51:46.375 503-503/? W/linker: /system/lib/libswresample.so has text relocations. This is wasting memory and prevents security hardening. Please fix.
02-21 03:51:46.400 503-1354/? E/WVMExtractor: Failed to open libwvm.so: dlopen failed: library "libwvm.so" not found
02-21 03:51:46.401 503-1354/? V/FFmpegExtractor: SniffFFMPEG
02-21 03:51:46.401 503-1354/? I/FFmpegExtractor: android-source:0xf2318740
02-21 03:51:46.401 503-1354/? D/FFMPEG: android source begin open
02-21 03:51:46.402 503-1354/? D/FFMPEG: android open, url: android-source:0xf2318740
02-21 03:51:46.402 503-1354/? D/FFMPEG: ffmpeg open android data source success, source ptr: 0xf2318740
02-21 03:51:46.402 503-1354/? D/FFMPEG: android source open success
02-21 03:51:46.404 503-1354/? I/FFMPEG: Input #0, ogg, from 'android-source:0xf2318740':
02-21 03:51:46.404 503-1354/? I/FFMPEG:   Duration: 00:00:00.42, start: 0.000000, bitrate: 113 kb/s
02-21 03:51:46.404 503-1354/? I/FFMPEG:     Stream #0:0: Audio: vorbis, 48000 Hz, mono, fltp, 48 kb/s
02-21 03:51:46.405 503-1354/? I/FFMPEG:     Metadata:
02-21 03:51:46.405 503-1354/? I/FFMPEG:       TITLE           : Camera Shutter
02-21 03:51:46.405 503-1354/? I/FFMPEG:       ARTIST          : (c) 2012 Android Open Source Project
02-21 03:51:46.405 503-1354/? I/FFmpegExtractor: FFmpegExtrator, url: android-source:0xf2318740, format_name: ogg, format_long_name: Ogg
02-21 03:51:46.405 503-1354/? I/FFmpegExtractor: list the formats suppoted by ffmpeg:
02-21 03:51:46.405 503-1354/? I/FFmpegExtractor: ========================================
02-21 03:51:46.405 503-1354/? V/FFmpegExtractor: format_names[00]: mpeg
02-21 03:51:46.405 503-1354/? V/FFmpegExtractor: format_names[01]: mpegts
02-21 03:51:46.405 503-1354/? V/FFmpegExtractor: format_names[02]: mov,mp4,m4a,3gp,3g2,mj2
02-21 03:51:46.405 503-1354/? V/FFmpegExtractor: format_names[03]: matroska,webm
02-21 03:51:46.405 503-1354/? V/FFmpegExtractor: format_names[04]: asf
02-21 03:51:46.405 503-1354/? V/FFmpegExtractor: format_names[05]: rm
02-21 03:51:46.405 503-1354/? V/FFmpegExtractor: format_names[06]: flv
02-21 03:51:46.405 503-1354/? V/FFmpegExtractor: format_names[07]: swf
02-21 03:51:46.405 503-1354/? V/FFmpegExtractor: format_names[08]: avi
02-21 03:51:46.405 503-1354/? V/FFmpegExtractor: format_names[09]: ape
02-21 03:51:46.405 503-1354/? V/FFmpegExtractor: format_names[10]: dts
02-21 03:51:46.405 503-1354/? V/FFmpegExtractor: format_names[11]: flac
02-21 03:51:46.405 503-1354/? V/FFmpegExtractor: format_names[12]: ac3
02-21 03:51:46.405 503-1354/? V/FFmpegExtractor: format_names[13]: wav
02-21 03:51:46.405 503-1354/? V/FFmpegExtractor: format_names[14]: ogg
02-21 03:51:46.405 503-1354/? V/FFmpegExtractor: format_names[15]: vc1
02-21 03:51:46.405 503-1354/? V/FFmpegExtractor: format_names[16]: hevc
02-21 03:51:46.405 503-1354/? I/FFmpegExtractor: ========================================
02-21 03:51:46.405 503-1354/? I/FFmpegExtractor: adjust mime(application/ogg -> audio/vorbis)
02-21 03:51:46.405 503-1354/? D/FFmpegExtractor: suppoted codec(vorbis) by official Stagefright
02-21 03:51:46.405 503-1354/? D/FFMPEG: android source close
02-21 03:51:46.405 503-1354/? I/FFmpegExtractor: sniff through BetterSniffFFMPEG success
02-21 03:51:46.405 503-1354/? D/FFmpegExtractor: ffmpeg detected media content as 'audio/vorbis' with confidence 0.08
02-21 03:51:46.413 503-1353/? D/NuPlayerDriver: notifyListener_l(0xf61d9c60), (1, 0, 0)
02-21 03:51:46.456 503-1356/? V/FFmpegExtractor: SniffFFMPEG
02-21 03:51:46.456 503-1356/? I/FFmpegExtractor: android-source:0xf232d300
02-21 03:51:46.456 503-1356/? D/FFMPEG: android source begin open
02-21 03:51:46.456 503-1356/? D/FFMPEG: android open, url: android-source:0xf232d300
02-21 03:51:46.456 503-1356/? D/FFMPEG: ffmpeg open android data source success, source ptr: 0xf232d300
02-21 03:51:46.456 503-1356/? D/FFMPEG: android source open success
02-21 03:51:46.459 503-1356/? I/FFMPEG: Input #0, ogg, from 'android-source:0xf232d300':
02-21 03:51:46.459 503-1356/? I/FFMPEG:   Duration: 00:00:00.54, start: 0.000000, bitrate: 95 kb/s
02-21 03:51:46.459 503-1356/? I/FFMPEG:     Stream #0:0: Audio: vorbis, 48000 Hz, mono, fltp, 48 kb/s
02-21 03:51:46.459 503-1356/? I/FFMPEG:     Metadata:
02-21 03:51:46.459 503-1356/? I/FFMPEG:       TITLE           : Video Record
02-21 03:51:46.459 503-1356/? I/FFMPEG:       ARTIST          : (c) 2012 Android Open Source Project
02-21 03:51:46.459 503-1356/? I/FFmpegExtractor: FFmpegExtrator, url: android-source:0xf232d300, format_name: ogg, format_long_name: Ogg
02-21 03:51:46.459 503-1356/? I/FFmpegExtractor: list the formats suppoted by ffmpeg:
02-21 03:51:46.459 503-1356/? I/FFmpegExtractor: ========================================
02-21 03:51:46.459 503-1356/? V/FFmpegExtractor: format_names[00]: mpeg
02-21 03:51:46.460 503-1356/? V/FFmpegExtractor: format_names[01]: mpegts
02-21 03:51:46.460 503-1356/? V/FFmpegExtractor: format_names[02]: mov,mp4,m4a,3gp,3g2,mj2
02-21 03:51:46.460 503-1356/? V/FFmpegExtractor: format_names[03]: matroska,webm
02-21 03:51:46.460 503-1356/? V/FFmpegExtractor: format_names[04]: asf
02-21 03:51:46.460 503-1356/? V/FFmpegExtractor: format_names[05]: rm
02-21 03:51:46.460 503-1356/? V/FFmpegExtractor: format_names[06]: flv
02-21 03:51:46.460 503-1356/? V/FFmpegExtractor: format_names[07]: swf
02-21 03:51:46.460 503-1356/? V/FFmpegExtractor: format_names[08]: avi
02-21 03:51:46.460 503-1356/? V/FFmpegExtractor: format_names[09]: ape
02-21 03:51:46.460 503-1356/? V/FFmpegExtractor: format_names[10]: dts
02-21 03:51:46.460 503-1356/? V/FFmpegExtractor: format_names[11]: flac
02-21 03:51:46.460 503-1356/? V/FFmpegExtractor: format_names[12]: ac3
02-21 03:51:46.460 503-1356/? V/FFmpegExtractor: format_names[13]: wav
02-21 03:51:46.460 503-1356/? V/FFmpegExtractor: format_names[14]: ogg
02-21 03:51:46.460 503-1356/? V/FFmpegExtractor: format_names[15]: vc1
02-21 03:51:46.460 503-1356/? V/FFmpegExtractor: format_names[16]: hevc
02-21 03:51:46.460 503-1356/? I/FFmpegExtractor: ========================================
02-21 03:51:46.460 503-1356/? I/FFmpegExtractor: adjust mime(application/ogg -> audio/vorbis)
02-21 03:51:46.460 503-1356/? D/FFmpegExtractor: suppoted codec(vorbis) by official Stagefright
02-21 03:51:46.460 503-1356/? D/FFMPEG: android source close
02-21 03:51:46.460 503-1356/? I/FFmpegExtractor: sniff through BetterSniffFFMPEG success
02-21 03:51:46.460 503-1356/? D/FFmpegExtractor: ffmpeg detected media content as 'audio/vorbis' with confidence 0.08
02-21 03:51:46.463 503-1355/? D/NuPlayerDriver: notifyListener_l(0xf61d9cc0), (1, 0, 0)
02-21 03:51:46.464 503-503/? I/CameraClient: Opening camera 0
02-21 03:51:46.464 503-503/? V/EmulatedCamera_Camera: getCameraInfo
02-21 03:51:46.464 503-503/? V/EmulatedCamera_BaseCamera: getCameraInfo
02-21 03:51:46.464 503-503/? V/EmulatedCamera_Camera: connectCamera
02-21 03:51:46.464 503-503/? V/EmulatedCamera_GenyDevice: connectDevice
02-21 03:51:46.467 503-503/? V/EmulatedCamera_GenyDevice: connectDevice: Connected to device 'back'
02-21 03:51:46.467 503-503/? V/EmulatedCamera_CallbackNotifier: setCallbacks: 0xf761e505, 0xf761edba, 0xf761ec92, 0xf761f267 (0xf61d9d20)
02-21 03:51:46.467 503-503/? V/EmulatedCamera_CallbackNotifier: enableMessage: msg_type = 0xc0d
02-21 03:51:46.467 503-503/? V/EmulatedCamera_CallbackNotifier:     CAMERA_MSG_ERROR
02-21 03:51:46.467 503-503/? V/EmulatedCamera_CallbackNotifier:     CAMERA_MSG_FOCUS
02-21 03:51:46.467 503-503/? V/EmulatedCamera_CallbackNotifier:     CAMERA_MSG_ZOOM
02-21 03:51:46.467 503-503/? V/EmulatedCamera_CallbackNotifier:     CAMERA_MSG_PREVIEW_METADATA
02-21 03:51:46.467 503-503/? V/EmulatedCamera_CallbackNotifier: **** Currently enabled messages:
02-21 03:51:46.467 503-503/? V/EmulatedCamera_CallbackNotifier:     CAMERA_MSG_ERROR
02-21 03:51:46.467 503-503/? V/EmulatedCamera_CallbackNotifier:     CAMERA_MSG_FOCUS
02-21 03:51:46.467 503-503/? V/EmulatedCamera_CallbackNotifier:     CAMERA_MSG_ZOOM
02-21 03:51:46.467 503-503/? V/EmulatedCamera_CallbackNotifier:     CAMERA_MSG_PREVIEW_METADATA
02-21 03:51:46.467 503-503/? V/EmulatedCamera_CallbackNotifier: disableMessage: msg_type = 0xffff
02-21 03:51:46.467 503-503/? V/EmulatedCamera_CallbackNotifier:     CAMERA_MSG_ERROR
02-21 03:51:46.467 503-503/? V/EmulatedCamera_CallbackNotifier:     CAMERA_MSG_SHUTTER
02-21 03:51:46.467 503-503/? V/EmulatedCamera_CallbackNotifier:     CAMERA_MSG_FOCUS
02-21 03:51:46.467 503-503/? V/EmulatedCamera_CallbackNotifier:     CAMERA_MSG_ZOOM
02-21 03:51:46.467 503-503/? V/EmulatedCamera_CallbackNotifier:     CAMERA_MSG_PREVIEW_FRAME
02-21 03:51:46.467 503-503/? V/EmulatedCamera_CallbackNotifier:     CAMERA_MSG_VIDEO_FRAME
02-21 03:51:46.467 503-503/? V/EmulatedCamera_CallbackNotifier:     CAMERA_MSG_POSTVIEW_FRAME
02-21 03:51:46.467 503-503/? V/EmulatedCamera_CallbackNotifier:     CAMERA_MSG_RAW_IMAGE
02-21 03:51:46.467 503-503/? V/EmulatedCamera_CallbackNotifier:     CAMERA_MSG_COMPRESSED_IMAGE
02-21 03:51:46.467 503-503/? V/EmulatedCamera_CallbackNotifier:     CAMERA_MSG_RAW_IMAGE_NOTIFY
02-21 03:51:46.467 503-503/? V/EmulatedCamera_CallbackNotifier:     CAMERA_MSG_PREVIEW_METADATA
02-21 03:51:46.467 503-503/? V/EmulatedCamera_CallbackNotifier: **** Currently enabled messages:
02-21 03:51:46.467 503-503/? V/EmulatedCamera_Camera: doStopPreview
02-21 03:51:46.467 503-503/? V/EmulatedCamera_Camera: cancelPicture
02-21 03:51:46.467 503-503/? V/EmulatedCamera_Camera: releaseCamera
02-21 03:51:46.467 503-503/? V/EmulatedCamera_Camera: doStopPreview
02-21 03:51:46.467 503-503/? V/EmulatedCamera_GenyDevice: disconnectDevice
02-21 03:51:46.469 503-503/? V/EmulatedCamera_GenyDevice: disconnectDevice: Disonnected from device 'back'
02-21 03:51:46.469 503-503/? I/CameraFlashlight: Destroying camera 0
02-21 03:51:46.469 503-503/? V/EmulatedCamera_Camera: closeCamera
02-21 03:51:46.469 503-503/? V/EmulatedCamera_Camera: doStopPreview
02-21 03:51:46.474 503-503/? I/CameraService: disconnect: Disconnected client for camera 0 for PID 503
02-21 03:51:46.474 503-503/? D/NuPlayerDriver: reset(0xf61d9c60)
02-21 03:51:46.474 503-503/? D/NuPlayerDriver: notifyListener_l(0xf61d9c60), (8, 0, 0)
02-21 03:51:46.475 503-1353/? D/NuPlayerDriver: notifyResetComplete(0xf61d9c60)
02-21 03:51:46.475 503-503/? D/NuPlayerDriver: reset(0xf61d9cc0)
02-21 03:51:46.475 503-503/? D/NuPlayerDriver: notifyListener_l(0xf61d9cc0), (8, 0, 0)
02-21 03:51:46.476 503-1355/? D/NuPlayerDriver: notifyResetComplete(0xf61d9cc0)
02-21 03:51:46.476 503-503/? E/CameraService: disconnect: Disconnect called on already disconnected client for device 0
02-21 03:51:46.477 503-895/? V/EmulatedCamera_Camera: getCameraInfo
02-21 03:51:46.477 503-895/? V/EmulatedCamera_BaseCamera: getCameraInfo
02-21 03:51:46.477 503-895/? I/CameraService: getCameraCharacteristics: Switching to HAL1 shim implementation...
02-21 03:51:46.477 503-895/? V/EmulatedCamera_Camera: getCameraInfo
02-21 03:51:46.477 503-895/? V/EmulatedCamera_BaseCamera: getCameraInfo
02-21 03:51:46.477 503-895/? I/CameraService: CameraService::connect call (PID 503 "media", camera ID 1) for HAL version default and Camera API version 1
02-21 03:51:46.477 503-895/? E/CameraService: getCameraPriorityFromProcState: Received invalid process state -1 from ActivityManagerService!
02-21 03:51:46.477 503-895/? V/EmulatedCamera_Camera: getCameraInfo
02-21 03:51:46.477 503-895/? V/EmulatedCamera_BaseCamera: getCameraInfo
02-21 03:51:46.481 503-1358/? V/FFmpegExtractor: SniffFFMPEG
02-21 03:51:46.481 503-1358/? I/FFmpegExtractor: android-source:0xf2318680
02-21 03:51:46.481 503-1358/? D/FFMPEG: android source begin open
02-21 03:51:46.481 503-1358/? D/FFMPEG: android open, url: android-source:0xf2318680
02-21 03:51:46.481 503-1358/? D/FFMPEG: ffmpeg open android data source success, source ptr: 0xf2318680
02-21 03:51:46.481 503-1358/? D/FFMPEG: android source open success
02-21 03:51:46.485 503-1358/? I/FFMPEG: Input #0, ogg, from 'android-source:0xf2318680':
02-21 03:51:46.485 503-1358/? I/FFMPEG:   Duration: 00:00:00.42, start: 0.000000, bitrate: 113 kb/s
02-21 03:51:46.485 503-1358/? I/FFMPEG:     Stream #0:0: Audio: vorbis, 48000 Hz, mono, fltp, 48 kb/s
02-21 03:51:46.485 503-1358/? I/FFMPEG:     Metadata:
02-21 03:51:46.485 503-1358/? I/FFMPEG:       TITLE           : Camera Shutter
02-21 03:51:46.485 503-1358/? I/FFMPEG:       ARTIST          : (c) 2012 Android Open Source Project
02-21 03:51:46.485 503-1358/? I/FFmpegExtractor: FFmpegExtrator, url: android-source:0xf2318680, format_name: ogg, format_long_name: Ogg
02-21 03:51:46.485 503-1358/? I/FFmpegExtractor: list the formats suppoted by ffmpeg:
02-21 03:51:46.485 503-1358/? I/FFmpegExtractor: ========================================
02-21 03:51:46.485 503-1358/? V/FFmpegExtractor: format_names[00]: mpeg
02-21 03:51:46.485 503-1358/? V/FFmpegExtractor: format_names[01]: mpegts
02-21 03:51:46.485 503-1358/? V/FFmpegExtractor: format_names[02]: mov,mp4,m4a,3gp,3g2,mj2
02-21 03:51:46.485 503-1358/? V/FFmpegExtractor: format_names[03]: matroska,webm
02-21 03:51:46.485 503-1358/? V/FFmpegExtractor: format_names[04]: asf
02-21 03:51:46.485 503-1358/? V/FFmpegExtractor: format_names[05]: rm
02-21 03:51:46.485 503-1358/? V/FFmpegExtractor: format_names[06]: flv
02-21 03:51:46.485 503-1358/? V/FFmpegExtractor: format_names[07]: swf
02-21 03:51:46.485 503-1358/? V/FFmpegExtractor: format_names[08]: avi
02-21 03:51:46.485 503-1358/? V/FFmpegExtractor: format_names[09]: ape
02-21 03:51:46.485 503-1358/? V/FFmpegExtractor: format_names[10]: dts
02-21 03:51:46.485 503-1358/? V/FFmpegExtractor: format_names[11]: flac
02-21 03:51:46.485 503-1358/? V/FFmpegExtractor: format_names[12]: ac3
02-21 03:51:46.485 503-1358/? V/FFmpegExtractor: format_names[13]: wav
02-21 03:51:46.485 503-1358/? V/FFmpegExtractor: format_names[14]: ogg
02-21 03:51:46.485 503-1358/? V/FFmpegExtractor: format_names[15]: vc1
02-21 03:51:46.485 503-1358/? V/FFmpegExtractor: format_names[16]: hevc
02-21 03:51:46.485 503-1358/? I/FFmpegExtractor: ========================================
02-21 03:51:46.485 503-1358/? I/FFmpegExtractor: adjust mime(application/ogg -> audio/vorbis)
02-21 03:51:46.485 503-1358/? D/FFmpegExtractor: suppoted codec(vorbis) by official Stagefright
02-21 03:51:46.485 503-1358/? D/FFMPEG: android source close
02-21 03:51:46.485 503-1358/? I/FFmpegExtractor: sniff through BetterSniffFFMPEG success
02-21 03:51:46.485 503-1358/? D/FFmpegExtractor: ffmpeg detected media content as 'audio/vorbis' with confidence 0.08
02-21 03:51:46.493 503-1357/? D/NuPlayerDriver: notifyListener_l(0xf61d9d80), (1, 0, 0)
02-21 03:51:46.498 503-1360/? V/FFmpegExtractor: SniffFFMPEG
02-21 03:51:46.498 503-1360/? I/FFmpegExtractor: android-source:0xf232d300
02-21 03:51:46.498 503-1360/? D/FFMPEG: android source begin open
02-21 03:51:46.498 503-1360/? D/FFMPEG: android open, url: android-source:0xf232d300
02-21 03:51:46.498 503-1360/? D/FFMPEG: ffmpeg open android data source success, source ptr: 0xf232d300
02-21 03:51:46.498 503-1360/? D/FFMPEG: android source open success
02-21 03:51:46.501 503-1360/? I/FFMPEG: Input #0, ogg, from 'android-source:0xf232d300':
02-21 03:51:46.501 503-1360/? I/FFMPEG:   Duration: 00:00:00.54, start: 0.000000, bitrate: 95 kb/s
02-21 03:51:46.501 503-1360/? I/FFMPEG:     Stream #0:0: Audio: vorbis, 48000 Hz, mono, fltp, 48 kb/s
02-21 03:51:46.501 503-1360/? I/FFMPEG:     Metadata:
02-21 03:51:46.501 503-1360/? I/FFMPEG:       TITLE           : Video Record
02-21 03:51:46.501 503-1360/? I/FFMPEG:       ARTIST          : (c) 2012 Android Open Source Project
02-21 03:51:46.501 503-1360/? I/FFmpegExtractor: FFmpegExtrator, url: android-source:0xf232d300, format_name: ogg, format_long_name: Ogg
02-21 03:51:46.501 503-1360/? I/FFmpegExtractor: list the formats suppoted by ffmpeg:
02-21 03:51:46.501 503-1360/? I/FFmpegExtractor: ========================================
02-21 03:51:46.501 503-1360/? V/FFmpegExtractor: format_names[00]: mpeg
02-21 03:51:46.501 503-1360/? V/FFmpegExtractor: format_names[01]: mpegts
02-21 03:51:46.501 503-1360/? V/FFmpegExtractor: format_names[02]: mov,mp4,m4a,3gp,3g2,mj2
02-21 03:51:46.501 503-1360/? V/FFmpegExtractor: format_names[03]: matroska,webm
02-21 03:51:46.501 503-1360/? V/FFmpegExtractor: format_names[04]: asf
02-21 03:51:46.501 503-1360/? V/FFmpegExtractor: format_names[05]: rm
02-21 03:51:46.501 503-1360/? V/FFmpegExtractor: format_names[06]: flv
02-21 03:51:46.501 503-1360/? V/FFmpegExtractor: format_names[07]: swf
02-21 03:51:46.501 503-1360/? V/FFmpegExtractor: format_names[08]: avi
02-21 03:51:46.501 503-1360/? V/FFmpegExtractor: format_names[09]: ape
02-21 03:51:46.501 503-1360/? V/FFmpegExtractor: format_names[10]: dts
02-21 03:51:46.501 503-1360/? V/FFmpegExtractor: format_names[11]: flac
02-21 03:51:46.501 503-1360/? V/FFmpegExtractor: format_names[12]: ac3
02-21 03:51:46.501 503-1360/? V/FFmpegExtractor: format_names[13]: wav
02-21 03:51:46.501 503-1360/? V/FFmpegExtractor: format_names[14]: ogg
02-21 03:51:46.501 503-1360/? V/FFmpegExtractor: format_names[15]: vc1
02-21 03:51:46.501 503-1360/? V/FFmpegExtractor: format_names[16]: hevc
02-21 03:51:46.502 503-1360/? I/FFmpegExtractor: ========================================
02-21 03:51:46.502 503-1360/? I/FFmpegExtractor: adjust mime(application/ogg -> audio/vorbis)
02-21 03:51:46.502 503-1360/? D/FFmpegExtractor: suppoted codec(vorbis) by official Stagefright
02-21 03:51:46.502 503-1360/? D/FFMPEG: android source close
02-21 03:51:46.502 503-1360/? I/FFmpegExtractor: sniff through BetterSniffFFMPEG success
02-21 03:51:46.502 503-1360/? D/FFmpegExtractor: ffmpeg detected media content as 'audio/vorbis' with confidence 0.08
02-21 03:51:46.510 503-1359/? D/NuPlayerDriver: notifyListener_l(0xf61d9de0), (1, 0, 0)
02-21 03:51:46.514 503-895/? I/CameraClient: Opening camera 1
02-21 03:51:46.514 503-895/? V/EmulatedCamera_Camera: getCameraInfo
02-21 03:51:46.514 503-895/? V/EmulatedCamera_BaseCamera: getCameraInfo
02-21 03:51:46.514 503-895/? V/EmulatedCamera_Camera: connectCamera
02-21 03:51:46.514 503-895/? V/EmulatedCamera_GenyDevice: connectDevice
02-21 03:51:46.516 503-895/? V/EmulatedCamera_GenyDevice: connectDevice: Connected to device 'front'
02-21 03:51:46.516 503-895/? V/EmulatedCamera_CallbackNotifier: setCallbacks: 0xf761e505, 0xf761edba, 0xf761ec92, 0xf761f267 (0xf61d9e40)
02-21 03:51:46.516 503-895/? V/EmulatedCamera_CallbackNotifier: enableMessage: msg_type = 0xc0d
02-21 03:51:46.516 503-895/? V/EmulatedCamera_CallbackNotifier:     CAMERA_MSG_ERROR
02-21 03:51:46.516 503-895/? V/EmulatedCamera_CallbackNotifier:     CAMERA_MSG_FOCUS
02-21 03:51:46.516 503-895/? V/EmulatedCamera_CallbackNotifier:     CAMERA_MSG_ZOOM
02-21 03:51:46.516 503-895/? V/EmulatedCamera_CallbackNotifier:     CAMERA_MSG_PREVIEW_METADATA
02-21 03:51:46.516 503-895/? V/EmulatedCamera_CallbackNotifier: **** Currently enabled messages:
02-21 03:51:46.516 503-895/? V/EmulatedCamera_CallbackNotifier:     CAMERA_MSG_ERROR
02-21 03:51:46.516 503-895/? V/EmulatedCamera_CallbackNotifier:     CAMERA_MSG_FOCUS
02-21 03:51:46.516 503-895/? V/EmulatedCamera_CallbackNotifier:     CAMERA_MSG_ZOOM
02-21 03:51:46.516 503-895/? V/EmulatedCamera_CallbackNotifier:     CAMERA_MSG_PREVIEW_METADATA
02-21 03:51:46.517 503-895/? V/EmulatedCamera_CallbackNotifier: disableMessage: msg_type = 0xffff
02-21 03:51:46.517 503-895/? V/EmulatedCamera_CallbackNotifier:     CAMERA_MSG_ERROR
02-21 03:51:46.517 503-895/? V/EmulatedCamera_CallbackNotifier:     CAMERA_MSG_SHUTTER
02-21 03:51:46.517 503-895/? V/EmulatedCamera_CallbackNotifier:     CAMERA_MSG_FOCUS
02-21 03:51:46.517 503-895/? V/EmulatedCamera_CallbackNotifier:     CAMERA_MSG_ZOOM
02-21 03:51:46.517 503-895/? V/EmulatedCamera_CallbackNotifier:     CAMERA_MSG_PREVIEW_FRAME
02-21 03:51:46.517 503-895/? V/EmulatedCamera_CallbackNotifier:     CAMERA_MSG_VIDEO_FRAME
02-21 03:51:46.517 503-895/? V/EmulatedCamera_CallbackNotifier:     CAMERA_MSG_POSTVIEW_FRAME
02-21 03:51:46.517 503-895/? V/EmulatedCamera_CallbackNotifier:     CAMERA_MSG_RAW_IMAGE
02-21 03:51:46.517 503-895/? V/EmulatedCamera_CallbackNotifier:     CAMERA_MSG_COMPRESSED_IMAGE
02-21 03:51:46.517 503-895/? V/EmulatedCamera_CallbackNotifier:     CAMERA_MSG_RAW_IMAGE_NOTIFY
02-21 03:51:46.517 503-895/? V/EmulatedCamera_CallbackNotifier:     CAMERA_MSG_PREVIEW_METADATA
02-21 03:51:46.517 503-895/? V/EmulatedCamera_CallbackNotifier: **** Currently enabled messages:
02-21 03:51:46.517 503-895/? V/EmulatedCamera_Camera: doStopPreview
02-21 03:51:46.517 503-895/? V/EmulatedCamera_Camera: cancelPicture
02-21 03:51:46.517 503-895/? V/EmulatedCamera_Camera: releaseCamera
02-21 03:51:46.517 503-895/? V/EmulatedCamera_Camera: doStopPreview
02-21 03:51:46.517 503-895/? V/EmulatedCamera_GenyDevice: disconnectDevice
02-21 03:51:46.518 503-895/? V/EmulatedCamera_GenyDevice: disconnectDevice: Disonnected from device 'front'
02-21 03:51:46.518 503-895/? I/CameraFlashlight: Destroying camera 1
02-21 03:51:46.518 503-895/? V/EmulatedCamera_Camera: closeCamera
02-21 03:51:46.518 503-895/? V/EmulatedCamera_Camera: doStopPreview
02-21 03:51:46.519 503-895/? I/CameraService: disconnect: Disconnected client for camera 1 for PID 503
02-21 03:51:46.519 503-895/? D/NuPlayerDriver: reset(0xf61d9d80)
02-21 03:51:46.519 503-895/? D/NuPlayerDriver: notifyListener_l(0xf61d9d80), (8, 0, 0)
02-21 03:51:46.519 503-1357/? D/NuPlayerDriver: notifyResetComplete(0xf61d9d80)
02-21 03:51:46.520 503-895/? D/NuPlayerDriver: reset(0xf61d9de0)
02-21 03:51:46.520 503-895/? D/NuPlayerDriver: notifyListener_l(0xf61d9de0), (8, 0, 0)
02-21 03:51:46.521 503-1359/? D/NuPlayerDriver: notifyResetComplete(0xf61d9de0)
02-21 03:51:46.521 503-895/? E/CameraService: disconnect: Disconnect called on already disconnected client for device 1
02-21 03:51:46.521 503-860/? V/EmulatedCamera_Camera: getCameraInfo
02-21 03:51:46.521 503-860/? V/EmulatedCamera_BaseCamera: getCameraInfo
02-21 03:51:46.522 503-895/? V/EmulatedCamera_Camera: getCameraInfo
02-21 03:51:46.522 503-895/? V/EmulatedCamera_BaseCamera: getCameraInfo
02-21 03:51:46.562 1173-1349/? D/libEGL: loaded /system/lib/egl/libEGL_emulation.so
02-21 03:51:46.562 1173-1349/? D/libEGL: loaded /system/lib/egl/libGLESv1_CM_emulation.so
02-21 03:51:46.574 503-860/? V/EmulatedCamera_Camera: getCameraInfo
02-21 03:51:46.574 503-860/? V/EmulatedCamera_BaseCamera: getCameraInfo
02-21 03:51:46.575 1173-1349/? D/libEGL: loaded /system/lib/egl/libGLESv2_emulation.so
02-21 03:51:46.576 503-895/? V/EmulatedCamera_Camera: getCameraInfo
02-21 03:51:46.576 503-895/? V/EmulatedCamera_BaseCamera: getCameraInfo

                                                          [ 02-21 03:51:46.584  1173: 1349 D/         ]
                                                          HostConnection::get() New Host Connection established 0xeea927e0, tid 1349
02-21 03:51:46.587 1158-1158/com.android.phone D/CarrierConfigLoader: CarrierConfigLoader has started
02-21 03:51:46.596 1158-1158/com.android.phone E/BluetoothAdapter: Bluetooth binder is null
02-21 03:51:46.633 1173-1349/? I/OpenGLRenderer: Initialized EGL, version 1.4
02-21 03:51:46.646 1314-1314/? D/MediaScannerReceiver: action: android.intent.action.MEDIA_MOUNTED path: /storage/emulated/0
02-21 03:51:46.659 829-841/system_process I/ActivityManager: Start proc 1372:com.android.deskclock/u0a29 for broadcast com.android.deskclock/com.android.alarmclock.AnalogAppWidgetProvider
02-21 03:51:46.785 1158-1158/com.android.phone I/Telephony: TtyManager: updateUiTtyMode -1 -> 0

                                                            [ 02-21 03:51:46.786   809:  901 D/         ]
                                                            HostConnection::get() New Host Connection established 0xf614e060, tid 901
02-21 03:51:46.790 933-1387/? D/OpenGLRenderer: Use EGL_SWAP_BEHAVIOR_PRESERVED: true
02-21 03:51:46.790 933-1387/? D/OpenGLRenderer: profile bars disabled
02-21 03:51:46.790 933-1387/? D/OpenGLRenderer: ambientRatio = 1.50
02-21 03:51:46.790 1372-1372/com.android.deskclock W/System: ClassLoader referenced unknown path: /system/app/DeskClock/lib/x86
02-21 03:51:46.806 829-842/system_process D/GpsLocationProvider: received SIM related action:
02-21 03:51:46.807 829-842/system_process D/GpsLocationProvider: SIM MCC/MNC is still not available

                                                                 [ 02-21 03:51:46.808   933:  933 D/         ]
                                                                 HostConnection::get() New Host Connection established 0xdfdf9170, tid 933
02-21 03:51:46.840 933-933/? D/PhoneStatusBar: disable: < expand icons alerts system_info back home recent clock search quick_settings >
02-21 03:51:46.844 1173-1349/? W/EGL_emulation: eglSurfaceAttrib not implemented
02-21 03:51:46.844 1173-1349/? W/OpenGLRenderer: Failed to set EGL_SWAP_BEHAVIOR on surface 0xe8a7fd00, error=EGL_SUCCESS
02-21 03:51:46.878 933-933/? D/PhoneStatusBar: heads up is enabled
02-21 03:51:46.911 1173-1173/? I/Choreographer: Skipped 36 frames!  The application may be doing too much work on its main thread.
02-21 03:51:46.935 1158-1168/com.android.phone I/art: Background sticky concurrent mark sweep GC freed 7882(741KB) AllocSpace objects, 6(120KB) LOS objects, 59% free, 915KB/2MB, paused 853us total 116.368ms
02-21 03:51:47.107 829-1231/system_process I/ActivityManager: Start proc 1396:com.android.quicksearchbox/u0a52 for broadcast com.android.quicksearchbox/.SearchWidgetProvider
02-21 03:51:47.129 1158-1158/com.android.phone D/TelephonyDebugService: TelephonyDebugService()
02-21 03:51:47.171 829-888/system_process D/WifiService: New client listening to asynchronous messages
02-21 03:51:47.173 1158-1158/com.android.phone D/CarrierConfigLoader: mHandler: 12 phoneId: 0
02-21 03:51:47.185 1396-1396/com.android.quicksearchbox W/System: ClassLoader referenced unknown path: /system/app/QuickSearchBox/lib/x86
02-21 03:51:47.188 1158-1158/com.android.phone E/PhoneInterfaceManager: [PhoneIntfMgr] getIccId: No UICC
02-21 03:51:47.223 829-1228/system_process I/Telecom: PhoneAccountRegistrar: New phone account registered: [[ ] PhoneAccount: ComponentInfo{com.android.phone/com.android.services.telephony.TelephonyConnectionService}, [e0184adedf913b076626646d3f52c3b49c39ad6d], UserHandle{0} Capabilities: 54 Schemes: tel voicemail ]
02-21 03:51:47.309 829-1228/system_process I/Telecom: : Sending phone-account intent as user
02-21 03:51:47.312 829-1231/system_process I/ActivityManager: Start proc 1420:com.android.settings/1000 for broadcast com.android.settings/.sim.SimSelectNotification
02-21 03:51:47.317 1158-1158/com.android.phone I/Telephony: AccountEntry: Registered phoneAccount: [[ ] PhoneAccount: ComponentInfo{com.android.phone/com.android.services.telephony.TelephonyConnectionService}, [e0184adedf913b076626646d3f52c3b49c39ad6d], UserHandle{0} Capabilities: 54 Schemes: tel voicemail ] with handle: ComponentInfo{com.android.phone/com.android.services.telephony.TelephonyConnectionService}, [e0184adedf913b076626646d3f52c3b49c39ad6d], UserHandle{0}
02-21 03:51:47.319 1158-1158/com.android.phone I/Telephony: PstnIncomingCallNotifier: Registering: Handler (com.android.internal.telephony.gsm.GSMPhone) {7b1ec76}
02-21 03:51:47.329 1158-1158/com.android.phone I/Telephony: TelecomAccountRegistry: Unregistering phone account ComponentInfo{com.android.phone/com.android.services.telephony.TelephonyConnectionService}, [e2f7d48dd2b5ca523e7313cf4ba0f6ea830b6281], UserHandle{0}.
02-21 03:51:47.340 829-911/system_process W/Telecom: : No account found for the calling user
02-21 03:51:47.374 1420-1420/? W/System: ClassLoader referenced unknown path: /system/priv-app/Settings/lib/x86
02-21 03:51:47.492 829-842/system_process D/GpsLocationProvider: received SIM related action:
02-21 03:51:47.563 829-842/system_process D/GpsLocationProvider: SIM MCC/MNC is still not available
02-21 03:51:47.563 1158-1158/com.android.phone D/MccTable: updateMccMncConfiguration mccmnc='310260' fromServiceState=true
02-21 03:51:47.572 1158-1158/com.android.phone D/MccTable: updateMccMncConfiguration defaultMccMnc=
02-21 03:51:47.572 1158-1158/com.android.phone D/MccTable: updateMccMncConfiguration: mcc=310, mnc=260
02-21 03:51:47.572 1158-1158/com.android.phone D/MccTable: WIFI_COUNTRY_CODE set to us
02-21 03:51:47.573 829-1228/system_process I/WifiService: WifiService trying to set country code to us with persist set to true

                                                          [ 02-21 03:51:47.604   809: 1395 D/         ]
                                                          HostConnection::get() New Host Connection established 0xf614e5a0, tid 1395
02-21 03:51:47.611 1173-1173/? I/Choreographer: Skipped 39 frames!  The application may be doing too much work on its main thread.
02-21 03:51:47.643 1314-1381/? V/MediaScanner: pruneDeadThumbnailFiles... android.database.sqlite.SQLiteCursor@306753
02-21 03:51:47.647 1314-1381/? V/MediaScanner: /pruneDeadThumbnailFiles... android.database.sqlite.SQLiteCursor@306753
02-21 03:51:47.689 1158-1158/com.android.phone I/Telephony: PstnIncomingCallNotifier: Unregistering: Handler (com.android.internal.telephony.gsm.GSMPhone) {7b1ec76}
02-21 03:51:47.697 1158-1158/com.android.phone E/PhoneInterfaceManager: [PhoneIntfMgr] getIccId: No UICC
02-21 03:51:47.706 829-1228/system_process I/Telecom: PhoneAccountRegistrar: [ComponentInfo{com.android.phone/com.android.services.telephony.TelephonyConnectionService}, [e0184adedf913b076626646d3f52c3b49c39ad6d], UserHandle{0}(icon: Icon(typ=BITMAP size=50x63) -> Icon(typ=BITMAP size=50x63))]
02-21 03:51:47.754 829-1228/system_process I/Telecom: : Sending phone-account intent as user
02-21 03:51:47.778 1158-1158/com.android.phone I/Telephony: AccountEntry: Registered phoneAccount: [[ ] PhoneAccount: ComponentInfo{com.android.phone/com.android.services.telephony.TelephonyConnectionService}, [e0184adedf913b076626646d3f52c3b49c39ad6d], UserHandle{0} Capabilities: 54 Schemes: tel voicemail ] with handle: ComponentInfo{com.android.phone/com.android.services.telephony.TelephonyConnectionService}, [e0184adedf913b076626646d3f52c3b49c39ad6d], UserHandle{0}
02-21 03:51:47.778 1158-1158/com.android.phone I/Telephony: PstnIncomingCallNotifier: Registering: Handler (com.android.internal.telephony.gsm.GSMPhone) {7b1ec76}
02-21 03:51:47.827 829-840/system_process W/Telecom: : No account found for the calling user
02-21 03:51:47.878 829-911/system_process W/art: Long monitor contention event with owner method=void com.android.server.wm.WindowAnimator$1.doFrame(long) from WindowAnimator.java:121 waiters=0 for 159ms
02-21 03:51:48.015 829-842/system_process D/GpsLocationProvider: received SIM related action:
02-21 03:51:48.019 829-842/system_process D/GpsLocationProvider: SIM MCC/MNC is still not available
02-21 03:51:48.035 1158-1472/com.android.phone D/SIP: [SipSharedPreferences] isReceivingCallsEnabled, option not set; use default value, exception: android.provider.Settings$SettingNotFoundException: sip_receive_calls
02-21 03:51:48.098 829-842/system_process D/GpsLocationProvider: received SIM related action:
02-21 03:51:48.099 829-842/system_process D/GpsLocationProvider: SIM MCC/MNC is still not available
02-21 03:51:48.102 1158-1347/com.android.phone E/DcSwitchStateMachine-0: EVENT_DATA_DISALLOWED failed, com.android.internal.telephony.CommandException: REQUEST_NOT_SUPPORTED
02-21 03:51:48.129 1158-1158/com.android.phone D/MccTable: updateMccMncConfiguration mccmnc='310260' fromServiceState=false
02-21 03:51:48.129 1158-1158/com.android.phone D/MccTable: updateMccMncConfiguration defaultMccMnc=
02-21 03:51:48.129 1158-1158/com.android.phone D/MccTable: updateMccMncConfiguration: mcc=310, mnc=260
02-21 03:51:48.129 1158-1158/com.android.phone D/MccTable: updateMccMncConfiguration updateConfig config={1.0 310mcc260mnc ?locale ?layoutDir ?swdp ?wdp ?hdp ?density ?lsize ?long ?orien ?uimode ?night ?touch ?keyb/?/? ?nav/?}
02-21 03:51:48.130 829-841/system_process I/ActivityManager: Config changes=3 {1.0 310mcc260mnc en_US ldltr sw411dp w411dp h659dp 420dpi nrml port finger qwerty/v/v dpad/v s.6}
02-21 03:51:48.130 1158-1168/com.android.phone I/art: Background sticky concurrent mark sweep GC freed 7036(724KB) AllocSpace objects, 1(16KB) LOS objects, 43% free, 1234KB/2MB, paused 14.508ms total 20.311ms
02-21 03:51:48.166 809-1395/? D/PermissionCache: checking android.permission.READ_FRAME_BUFFER for uid=1000 => granted (193 us)
02-21 03:51:48.213 809-809/? E/EGL_emulation: tid 809: eglCreateSyncKHR(1215): error 0x3004 (EGL_BAD_ATTRIBUTE)
02-21 03:51:48.236 1173-1173/? I/Choreographer: Skipped 37 frames!  The application may be doing too much work on its main thread.
02-21 03:51:48.245 1173-1237/? W/Launcher.Model: LoaderTask running with no launcher (loadAllApps)
02-21 03:51:48.265 933-933/? I/Choreographer: Skipped 116 frames!  The application may be doing too much work on its main thread.
02-21 03:51:48.266 933-933/? D/ViewRootImpl: changeCanvasOpacity: opaque=true
02-21 03:51:48.287 1158-1158/com.android.phone I/Telephony: PstnIncomingCallNotifier: Unregistering: Handler (com.android.internal.telephony.gsm.GSMPhone) {7b1ec76}
02-21 03:51:48.293 1158-1158/com.android.phone E/PhoneInterfaceManager: [PhoneIntfMgr] getIccId: No UICC
02-21 03:51:48.309 829-842/system_process D/GpsLocationProvider: received SIM related action:
02-21 03:51:48.314 1173-1349/? E/Surface: getSlotFromBufferLocked: unknown buffer: 0xe8b45720
02-21 03:51:48.314 829-842/system_process D/GpsLocationProvider: SIM MCC/MNC is still not available
02-21 03:51:48.315 829-840/system_process I/Telecom: PhoneAccountRegistrar: [ComponentInfo{com.android.phone/com.android.services.telephony.TelephonyConnectionService}, [e0184adedf913b076626646d3f52c3b49c39ad6d], UserHandle{0}(addr: tel:*********** -> tel:)(icon: Icon(typ=BITMAP size=50x63) -> Icon(typ=BITMAP size=50x63))(subAddr: tel:*********** -> tel:)]
02-21 03:51:48.330 829-840/system_process I/Telecom: : Sending phone-account intent as user
02-21 03:51:48.332 1158-1158/com.android.phone I/Telephony: AccountEntry: Registered phoneAccount: [[ ] PhoneAccount: ComponentInfo{com.android.phone/com.android.services.telephony.TelephonyConnectionService}, [e0184adedf913b076626646d3f52c3b49c39ad6d], UserHandle{0} Capabilities: 54 Schemes: tel voicemail ] with handle: ComponentInfo{com.android.phone/com.android.services.telephony.TelephonyConnectionService}, [e0184adedf913b076626646d3f52c3b49c39ad6d], UserHandle{0}
02-21 03:51:48.332 1158-1158/com.android.phone I/Telephony: PstnIncomingCallNotifier: Registering: Handler (com.android.internal.telephony.gsm.GSMPhone) {7b1ec76}
02-21 03:51:48.402 829-1490/system_process W/Telecom: : No account found for the calling user
02-21 03:51:48.419 933-1387/? D/libEGL: loaded /system/lib/egl/libEGL_emulation.so
02-21 03:51:48.421 829-842/system_process D/GpsLocationProvider: received SIM related action:
02-21 03:51:48.422 933-1387/? D/libEGL: loaded /system/lib/egl/libGLESv1_CM_emulation.so
02-21 03:51:48.424 829-842/system_process D/GpsLocationProvider: SIM MCC/MNC is still not available
02-21 03:51:48.444 933-1387/? D/libEGL: loaded /system/lib/egl/libGLESv2_emulation.so
02-21 03:51:48.444 1158-1158/com.android.phone D/TelephonyProvider: subIdString = -2 subId = -2
02-21 03:51:48.446 1173-1173/? W/Launcher: setApplicationContext called twice! old=android.app.Application@395d8ea new=android.app.Application@395d8ea

                                           [ 02-21 03:51:48.471   933: 1387 D/         ]
                                           HostConnection::get() New Host Connection established 0xdf795570, tid 1387
02-21 03:51:48.519 1158-1158/com.android.phone I/Telephony: PstnIncomingCallNotifier: Unregistering: Handler (com.android.internal.telephony.gsm.GSMPhone) {7b1ec76}
02-21 03:51:48.524 1158-1158/com.android.phone E/PhoneInterfaceManager: [PhoneIntfMgr] getIccId: No UICC
02-21 03:51:48.525 829-911/system_process I/AccountManagerService: getTypesVisibleToCaller: isPermitted? true
02-21 03:51:48.528 829-966/system_process I/Telecom: PhoneAccountRegistrar: [ComponentInfo{com.android.phone/com.android.services.telephony.TelephonyConnectionService}, [e0184adedf913b076626646d3f52c3b49c39ad6d], UserHandle{0}(icon: Icon(typ=BITMAP size=50x63) -> Icon(typ=BITMAP size=50x63))]
02-21 03:51:48.547 829-966/system_process I/Telecom: : Sending phone-account intent as user
02-21 03:51:48.553 1158-1158/com.android.phone I/Telephony: AccountEntry: Registered phoneAccount: [[ ] PhoneAccount: ComponentInfo{com.android.phone/com.android.services.telephony.TelephonyConnectionService}, [e0184adedf913b076626646d3f52c3b49c39ad6d], UserHandle{0} Capabilities: 54 Schemes: tel voicemail ] with handle: ComponentInfo{com.android.phone/com.android.services.telephony.TelephonyConnectionService}, [e0184adedf913b076626646d3f52c3b49c39ad6d], UserHandle{0}
02-21 03:51:48.553 1158-1158/com.android.phone I/Telephony: PstnIncomingCallNotifier: Registering: Handler (com.android.internal.telephony.gsm.GSMPhone) {7b1ec76}
02-21 03:51:48.582 829-911/system_process W/Telecom: : No account found for the calling user
02-21 03:51:48.606 1158-1158/com.android.phone D/MccTable: updateMccMncConfiguration mccmnc='310260' fromServiceState=false
02-21 03:51:48.607 1158-1347/com.android.phone E/DcSwitchStateMachine-0: EVENT_DATA_DISALLOWED failed, com.android.internal.telephony.CommandException: REQUEST_NOT_SUPPORTED
02-21 03:51:48.607 1158-1158/com.android.phone D/MccTable: updateMccMncConfiguration defaultMccMnc=310260
02-21 03:51:48.607 1158-1158/com.android.phone D/MccTable: updateMccMncConfiguration: mcc=310, mnc=260
02-21 03:51:48.607 1158-1158/com.android.phone D/MccTable: updateMccMncConfiguration updateConfig config={1.0 310mcc260mnc ?locale ?layoutDir ?swdp ?wdp ?hdp ?density ?lsize ?long ?orien ?uimode ?night ?touch ?keyb/?/? ?nav/?}
02-21 03:51:48.609 933-1387/? I/OpenGLRenderer: Initialized EGL, version 1.4
02-21 03:51:48.727 1173-1349/? W/EGL_emulation: eglSurfaceAttrib not implemented
02-21 03:51:48.727 1173-1349/? W/OpenGLRenderer: Failed to set EGL_SWAP_BEHAVIOR on surface 0xe8a7fd00, error=EGL_SUCCESS
02-21 03:51:48.731 829-843/system_process I/ActivityManager: Start proc 1497:com.android.messaging/u0a55 for broadcast com.android.messaging/.receiver.DefaultSmsSubscriptionChangeReceiver
02-21 03:51:48.797 933-1387/? W/EGL_emulation: eglSurfaceAttrib not implemented
02-21 03:51:48.797 933-1387/? W/OpenGLRenderer: Failed to set EGL_SWAP_BEHAVIOR on surface 0xdf7ff780, error=EGL_SUCCESS
02-21 03:51:48.804 1497-1497/com.android.messaging W/System: ClassLoader referenced unknown path: /system/app/messaging/lib/x86
02-21 03:51:48.842 829-848/system_process I/ActivityManager: Displayed com.android.launcher3/.Launcher: +4s968ms
02-21 03:51:48.878 933-1387/? W/EGL_emulation: eglSurfaceAttrib not implemented
02-21 03:51:48.878 933-1387/? W/OpenGLRenderer: Failed to set EGL_SWAP_BEHAVIOR on surface 0xdf7ff7a0, error=EGL_SUCCESS
02-21 03:51:48.895 829-888/system_process D/WifiService: New client listening to asynchronous messages
02-21 03:51:48.987 1173-1173/? D/Launcher: bindAppWidget: AppWidget(id=3)
02-21 03:51:48.987 1173-1173/? D/Launcher: bindAppWidget: id=3 belongs to component ComponentInfo{com.android.deskclock/com.android.alarmclock.AnalogAppWidgetProvider}
02-21 03:51:49.198 933-933/? W/KeyguardUpdateMonitor: invalid subId in handleSimStateChange()
02-21 03:51:49.199 933-933/? I/Choreographer: Skipped 54 frames!  The application may be doing too much work on its main thread.
02-21 03:51:49.200 1173-1173/? D/Launcher: bound widget id=3 in 213ms
02-21 03:51:49.350 829-842/system_process D/GpsLocationProvider: received SIM related action:
02-21 03:51:49.351 1158-1158/com.android.phone D/MccTable: updateMccMncConfiguration mccmnc='310260' fromServiceState=false
02-21 03:51:49.351 1158-1158/com.android.phone D/MccTable: updateMccMncConfiguration defaultMccMnc=310260
02-21 03:51:49.351 1158-1158/com.android.phone D/MccTable: updateMccMncConfiguration: mcc=310, mnc=260
02-21 03:51:49.351 1158-1158/com.android.phone D/MccTable: updateMccMncConfiguration updateConfig config={1.0 310mcc260mnc ?locale ?layoutDir ?swdp ?wdp ?hdp ?density ?lsize ?long ?orien ?uimode ?night ?touch ?keyb/?/? ?nav/?}
02-21 03:51:49.354 829-842/system_process D/GpsLocationProvider: SIM MCC/MNC is available: 310260
02-21 03:51:49.354 829-842/system_process D/GpsLocationProvider: Reset GPS properties, previous size = 8
02-21 03:51:49.354 829-842/system_process D/GpsLocationProvider: GpsParamsResource: SUPL_HOST=supl.google.com
02-21 03:51:49.354 829-842/system_process D/GpsLocationProvider: GpsParamsResource: SUPL_PORT=7275
02-21 03:51:49.354 829-842/system_process D/GpsLocationProvider: GpsParamsResource: NTP_SERVER=north-america.pool.ntp.org
02-21 03:51:49.354 829-842/system_process D/GpsLocationProvider: GpsParamsResource: SUPL_VER=0x20000
02-21 03:51:49.354 829-842/system_process D/GpsLocationProvider: GpsParamsResource: SUPL_MODE=1
02-21 03:51:49.358 829-842/system_process D/GpsLocationProvider: GPS properties reloaded, size = 8
02-21 03:51:49.358 829-842/system_process E/GpsLocationProvider: no AGPS interface in set_agps_server
02-21 03:51:49.422 829-842/system_process D/GpsLocationProvider: received SIM related action:
02-21 03:51:49.427 1497-1518/com.android.messaging I/MessagingAppDataModel: Fixup: Send failed - 0 Download failed - 0
02-21 03:51:49.434 829-842/system_process D/GpsLocationProvider: SIM MCC/MNC is available: 310260
02-21 03:51:49.434 829-842/system_process D/GpsLocationProvider: Reset GPS properties, previous size = 8
02-21 03:51:49.434 829-842/system_process D/GpsLocationProvider: GpsParamsResource: SUPL_HOST=supl.google.com
02-21 03:51:49.434 829-842/system_process D/GpsLocationProvider: GpsParamsResource: SUPL_PORT=7275
02-21 03:51:49.434 829-842/system_process D/GpsLocationProvider: GpsParamsResource: NTP_SERVER=north-america.pool.ntp.org
02-21 03:51:49.434 829-842/system_process D/GpsLocationProvider: GpsParamsResource: SUPL_VER=0x20000
02-21 03:51:49.434 829-842/system_process D/GpsLocationProvider: GpsParamsResource: SUPL_MODE=1
02-21 03:51:49.435 829-842/system_process D/GpsLocationProvider: GPS properties reloaded, size = 8
02-21 03:51:49.435 829-842/system_process E/GpsLocationProvider: no AGPS interface in set_agps_server
02-21 03:51:49.531 1158-1158/com.android.phone D/CarrierConfigLoader: update config for phoneId: 0 simState: LOADED
02-21 03:51:49.531 1158-1158/com.android.phone D/CarrierServiceBindHelper: update binding for phoneId: 0 simState: LOADED
02-21 03:51:49.532 829-842/system_process D/GpsLocationProvider: received SIM related action:
02-21 03:51:49.534 829-842/system_process D/GpsLocationProvider: SIM MCC/MNC is available: 310260
02-21 03:51:49.534 829-842/system_process D/GpsLocationProvider: Reset GPS properties, previous size = 8
02-21 03:51:49.534 829-842/system_process D/GpsLocationProvider: GpsParamsResource: SUPL_HOST=supl.google.com
02-21 03:51:49.534 829-842/system_process D/GpsLocationProvider: GpsParamsResource: SUPL_PORT=7275
02-21 03:51:49.534 829-842/system_process D/GpsLocationProvider: GpsParamsResource: NTP_SERVER=north-america.pool.ntp.org
02-21 03:51:49.534 829-842/system_process D/GpsLocationProvider: GpsParamsResource: SUPL_VER=0x20000
02-21 03:51:49.534 829-842/system_process D/GpsLocationProvider: GpsParamsResource: SUPL_MODE=1
02-21 03:51:49.534 829-842/system_process D/GpsLocationProvider: GPS properties reloaded, size = 8
02-21 03:51:49.534 829-842/system_process E/GpsLocationProvider: no AGPS interface in set_agps_server
02-21 03:51:49.582 1497-1516/com.android.messaging W/MessagingApp: canonicalizeMccMnc: invalid mccmnc:null ,null
02-21 03:51:49.600 829-966/system_process D/MmsServiceBroker: getCarrierConfigValues() by com.android.messaging
02-21 03:51:49.600 829-966/system_process W/MmsServiceBroker: MmsService not connected. Try connecting...
02-21 03:51:49.600 829-829/system_process I/MmsServiceBroker: Connecting to MmsService
02-21 03:51:49.601 829-829/system_process W/ContextImpl: Calling a method in the system process without a qualified user: android.app.ContextImpl.bindService:1285 com.android.server.MmsServiceBroker.tryConnecting:240 com.android.server.MmsServiceBroker.-wrap3:-1 com.android.server.MmsServiceBroker$1.handleMessage:82 android.os.Handler.dispatchMessage:102
02-21 03:51:49.812 1497-1529/com.android.messaging I/MessagingAppDataModel: SyncMessagesAction: Starting batch for messages from 1455622741843 to 1456044709319 (message update limit = 80, message scan limit = 4000)
02-21 03:51:49.850 107-107/? E/installd: Unable to unlink boot marker at /data/dalvik-cache/arm/.booting, error=No such file or directory
02-21 03:51:49.851 829-843/system_process E/ActivityManager: Unable to mark boot complete for abi: armeabi-v7a
02-21 03:51:49.851 829-843/system_process I/SystemServiceManager: Starting phase 1000
02-21 03:51:49.856 1158-1158/com.android.phone I/Telephony: PstnIncomingCallNotifier: Unregistering: Handler (com.android.internal.telephony.gsm.GSMPhone) {7b1ec76}
02-21 03:51:49.857 829-843/system_process V/KeyguardServiceDelegate: *** Keyguard started
02-21 03:51:49.860 829-843/system_process W/KeyguardServiceDelegate: onScreenTurningOn(): no keyguard service!
02-21 03:51:49.899 1158-1158/com.android.phone I/Telephony: AccountEntry: updateVideoPauseSupport -- mcc/mnc for sub: {id=1, iccId=89014103211118510720 simSlotIndex=0 displayName=Android carrierName=Android nameSource=0 iconTint=-16746133 dataRoaming=0 iconBitmap=android.graphics.Bitmap@623064 mcc 310 mnc 260}
02-21 03:51:49.936 829-841/system_process I/Telecom: PhoneAccountRegistrar: New phone account registered: [[ ] PhoneAccount: ComponentInfo{com.android.phone/com.android.services.telephony.TelephonyConnectionService}, [e2f7d48dd2b5ca523e7313cf4ba0f6ea830b6281], UserHandle{0} Capabilities: 54 Schemes: tel voicemail ]
02-21 03:51:49.972 829-841/system_process I/Telecom: : Sending phone-account intent as user
02-21 03:51:49.973 1158-1158/com.android.phone I/Telephony: AccountEntry: Registered phoneAccount: [[ ] PhoneAccount: ComponentInfo{com.android.phone/com.android.services.telephony.TelephonyConnectionService}, [e2f7d48dd2b5ca523e7313cf4ba0f6ea830b6281], UserHandle{0} Capabilities: 54 Schemes: tel voicemail ] with handle: ComponentInfo{com.android.phone/com.android.services.telephony.TelephonyConnectionService}, [e2f7d48dd2b5ca523e7313cf4ba0f6ea830b6281], UserHandle{0}
02-21 03:51:49.973 1158-1158/com.android.phone I/Telephony: PstnIncomingCallNotifier: Registering: Handler (com.android.internal.telephony.gsm.GSMPhone) {7b1ec76}
02-21 03:51:50.008 1158-1158/com.android.phone I/Telephony: TelecomAccountRegistry: Unregistering phone account ComponentInfo{com.android.phone/com.android.services.telephony.TelephonyConnectionService}, [e0184adedf913b076626646d3f52c3b49c39ad6d], UserHandle{0}.
02-21 03:51:50.046 829-911/system_process W/Telecom: : No account found for the calling user
02-21 03:51:50.213 829-848/system_process I/WindowManager: Screen frozen for +2s55ms due to Window{5dc6401 u0 NavigationBar}
02-21 03:51:50.254 1497-1520/com.android.messaging W/art: Long monitor contention event with owner method=java.lang.String java.lang.StringFactory.newStringFromBytes(byte[], int, int, java.nio.charset.Charset) from StringFactory.java:91 waiters=0 for 484ms
02-21 03:51:50.255 1497-1522/com.android.messaging W/art: Long monitor contention event with owner method=java.lang.String java.lang.StringFactory.newStringFromBytes(byte[], int, int, java.nio.charset.Charset) from StringFactory.java:91 waiters=1 for 460ms
02-21 03:51:50.305 1497-1534/com.android.messaging I/MessagingAppDataModel: SyncMessagesAction: All messages now in sync
02-21 03:51:50.338 829-1231/system_process W/art: Long monitor contention event with owner method=void com.android.server.wm.WindowManagerService$H.handleMessage(android.os.Message) from WindowManagerService.java:7820 waiters=1 for 124ms
02-21 03:51:50.388 933-933/? W/KeyguardUpdateMonitor: invalid subId in handleServiceStateChange()
02-21 03:51:50.459 933-933/? W/KeyguardUpdateMonitor: invalid subId in handleServiceStateChange()
02-21 03:51:50.459 933-933/? W/KeyguardUpdateMonitor: invalid subId in handleSimStateChange()
02-21 03:51:50.459 933-933/? W/KeyguardUpdateMonitor: invalid subId in handleSimStateChange()
02-21 03:51:50.545 933-933/? I/Choreographer: Skipped 79 frames!  The application may be doing too much work on its main thread.
02-21 03:51:50.549 829-1490/system_process D/CountryDetector: The first listener is added
02-21 03:51:50.627 829-842/system_process D/GpsLocationProvider: received SIM related action:
02-21 03:51:50.629 829-842/system_process D/GpsLocationProvider: SIM MCC/MNC is available: 310260
02-21 03:51:50.629 829-842/system_process D/GpsLocationProvider: Reset GPS properties, previous size = 8
02-21 03:51:50.629 829-842/system_process D/GpsLocationProvider: GpsParamsResource: SUPL_HOST=supl.google.com
02-21 03:51:50.629 829-842/system_process D/GpsLocationProvider: GpsParamsResource: SUPL_PORT=7275
02-21 03:51:50.629 829-842/system_process D/GpsLocationProvider: GpsParamsResource: NTP_SERVER=north-america.pool.ntp.org
02-21 03:51:50.629 829-842/system_process D/GpsLocationProvider: GpsParamsResource: SUPL_VER=0x20000
02-21 03:51:50.629 829-842/system_process D/GpsLocationProvider: GpsParamsResource: SUPL_MODE=1
02-21 03:51:50.630 829-842/system_process D/GpsLocationProvider: GPS properties reloaded, size = 8
