02-21 03:51:19.470 83-83/? I/vold: Vold 3.0 (the awakening) firing up
02-21 03:51:19.470 83-83/? V/vold: Detected support for: ext4 vfat

                                   --------- beginning of main
02-21 03:51:19.505 92-92/? I//system/bin/tzdatacheck: tzdata file /data/misc/zoneinfo/current/tzdata does not exist. No action required.
02-21 03:51:20.376 108-108/? I/keystore: SELinux: Keystore SELinux is disabled.


                                         [ 02-21 03:51:20.407   103:  103 I/         ]
                                         debuggerd: Nov 18 2015 16:48:09
02-21 03:51:20.450 107-107/? I/installd: installd firing up
02-21 03:51:20.553 102-102/? I/Netd: Netd 1.0 starting
02-21 03:51:20.559 102-102/? D/TetherController: Setting IP forward enable = 0
02-21 03:51:20.559 100-100/? I/genybaseband: run_main_looper start
02-21 03:51:20.575 112-112/? I/gatekeeperd: Starting gatekeeperd...
02-21 03:51:20.664 113-113/? I/perfprofd: starting Android Wide Profiling daemon
02-21 03:51:20.665 113-113/? E/perfprofd: unable to open configuration file /data/data/com.google.android.gms/files/perfprofd.conf
02-21 03:51:20.665 113-113/? I/perfprofd: random seed set to 1462419578
02-21 03:51:20.699 99-99/? D/Genyd: Connected to genybaseband
02-21 03:51:20.699 99-99/? I/Genyd: Genyd running
02-21 03:51:21.028 167-167/? D/DHCP: ===== DHCP message:
02-21 03:51:21.028 167-167/? D/DHCP: op = BOOTREQUEST (1), htype = 1, hlen = 6, hops = 0
02-21 03:51:21.028 167-167/? D/DHCP: xid = 0x900f0000 secs = 0, flags = 0x8000 optlen = 14
02-21 03:51:21.028 167-167/? D/DHCP: ciaddr = 0.0.0.0
02-21 03:51:21.028 167-167/? D/DHCP: yiaddr = 0.0.0.0
02-21 03:51:21.028 167-167/? D/DHCP: siaddr = 0.0.0.0
02-21 03:51:21.028 167-167/? D/DHCP: giaddr = 0.0.0.0
02-21 03:51:21.028 167-167/? D/DHCP: chaddr = { 08  00  27  31  39  66 }
02-21 03:51:21.028 167-167/? D/DHCP: sname = ''
02-21 03:51:21.028 167-167/? D/DHCP: file = ''
02-21 03:51:21.028 167-167/? D/DHCP: op 53 len 1 { 01 } discover
02-21 03:51:21.028 167-167/? D/DHCP: op 55 len 4 { 01  03  06  1c }
02-21 03:51:21.029 167-167/? D/DHCP: ===== DHCP message:
02-21 03:51:21.029 167-167/? D/DHCP: op = BOOTREPLY (2), htype = 1, hlen = 6, hops = 0
02-21 03:51:21.029 167-167/? D/DHCP: xid = 0x900f0000 secs = 0, flags = 0x0000 optlen = 312
02-21 03:51:21.029 167-167/? D/DHCP: ciaddr = 192.168.56.101
02-21 03:51:21.029 167-167/? D/DHCP: yiaddr = 192.168.56.101
02-21 03:51:21.029 167-167/? D/DHCP: siaddr = 0.0.0.0
02-21 03:51:21.029 167-167/? D/DHCP: giaddr = 0.0.0.0
02-21 03:51:21.029 167-167/? D/DHCP: chaddr = { 08  00  27  31  39  66 }
02-21 03:51:21.029 167-167/? D/DHCP: sname = ''
02-21 03:51:21.029 167-167/? D/DHCP: file = ''
02-21 03:51:21.029 167-167/? D/DHCP: op 54 len 4 { c0  a8  38  64 }
02-21 03:51:21.029 167-167/? D/DHCP: op 53 len 1 { 02 } offer
02-21 03:51:21.029 167-167/? D/DHCP: op 51 len 4 { 00  00  04  b0 }
02-21 03:51:21.029 167-167/? D/DHCP: op 1 len 4 { ff  ff  ff  00 }
02-21 03:51:21.029 167-167/? D/DHCP: --- dhcp offer (2) ---
02-21 03:51:21.029 167-167/? D/DHCP: ip 192.168.56.101 gw 0.0.0.0 prefixLength 24
02-21 03:51:21.029 167-167/? D/DHCP: server 192.168.56.100, lease 1200 seconds
02-21 03:51:21.029 167-167/? D/DHCP: ===== DHCP message:
02-21 03:51:21.029 167-167/? D/DHCP: op = BOOTREQUEST (1), htype = 1, hlen = 6, hops = 0
02-21 03:51:21.029 167-167/? D/DHCP: xid = 0x910f0000 secs = 0, flags = 0x8000 optlen = 26
02-21 03:51:21.029 167-167/? D/DHCP: ciaddr = 0.0.0.0
02-21 03:51:21.029 167-167/? D/DHCP: yiaddr = 0.0.0.0
02-21 03:51:21.029 167-167/? D/DHCP: siaddr = 0.0.0.0
02-21 03:51:21.029 167-167/? D/DHCP: giaddr = 0.0.0.0
02-21 03:51:21.029 167-167/? D/DHCP: chaddr = { 08  00  27  31  39  66 }
02-21 03:51:21.029 167-167/? D/DHCP: sname = ''
02-21 03:51:21.029 167-167/? D/DHCP: file = ''
02-21 03:51:21.029 167-167/? D/DHCP: op 53 len 1 { 03 } request
02-21 03:51:21.029 167-167/? D/DHCP: op 55 len 4 { 01  03  06  1c }
02-21 03:51:21.029 167-167/? D/DHCP: op 50 len 4 { c0  a8  38  65 }
02-21 03:51:21.029 167-167/? D/DHCP: op 54 len 4 { c0  a8  38  64 }
02-21 03:51:21.032 167-167/? D/DHCP: ===== DHCP message:
02-21 03:51:21.032 167-167/? D/DHCP: op = BOOTREPLY (2), htype = 1, hlen = 6, hops = 0
02-21 03:51:21.032 167-167/? D/DHCP: xid = 0x910f0000 secs = 0, flags = 0x0000 optlen = 312
02-21 03:51:21.032 167-167/? D/DHCP: ciaddr = 192.168.56.101
02-21 03:51:21.032 167-167/? D/DHCP: yiaddr = 192.168.56.101
02-21 03:51:21.032 167-167/? D/DHCP: siaddr = 0.0.0.0
02-21 03:51:21.032 167-167/? D/DHCP: giaddr = 0.0.0.0
02-21 03:51:21.032 167-167/? D/DHCP: chaddr = { 08  00  27  31  39  66 }
02-21 03:51:21.032 167-167/? D/DHCP: sname = ''
02-21 03:51:21.032 167-167/? D/DHCP: file = ''
02-21 03:51:21.032 167-167/? D/DHCP: op 54 len 4 { c0  a8  38  64 }
02-21 03:51:21.032 167-167/? D/DHCP: op 53 len 1 { 05 } ack
02-21 03:51:21.032 167-167/? D/DHCP: op 51 len 4 { 00  00  04  b0 }
02-21 03:51:21.032 167-167/? D/DHCP: op 1 len 4 { ff  ff  ff  00 }
02-21 03:51:21.032 167-167/? D/DHCP: --- dhcp ack (5) ---
02-21 03:51:21.032 167-167/? D/DHCP: ip 192.168.56.101 gw 0.0.0.0 prefixLength 24
02-21 03:51:21.032 167-167/? D/DHCP: server 192.168.56.100, lease 1200 seconds
02-21 03:51:21.032 167-167/? D/DHCP: configuring eth0
02-21 03:51:21.676 278-278/? E/vinput-seamless: found seamless mouse device
02-21 03:51:21.680 279-279/? D/local_opengl: Starting local_opengl
02-21 03:51:21.680 279-279/? D/local_opengl: Getting player version
02-21 03:51:21.701 274-274/? I/lowmemorykiller: Using in-kernel low memory killer interface
02-21 03:51:21.733 102-102/? I/iptables: iptables v1.4.20: can't initialize iptables table `nat': Table does not exist (do you need to insmod?)
02-21 03:51:21.733 102-102/? I/iptables: Perhaps iptables or your kernel needs to be upgraded.
02-21 03:51:21.733 102-102/? I/iptables: iptables terminated by exit(3)
02-21 03:51:21.733 102-102/? E/Netd: exec() res=0, status=768 for /system/bin/iptables -w -t nat -N oem_nat_pre
02-21 03:51:21.740 102-102/? I/iptables: iptables v1.4.20: can't initialize iptables table `nat': Table does not exist (do you need to insmod?)
02-21 03:51:21.740 102-102/? I/iptables: Perhaps iptables or your kernel needs to be upgraded.
02-21 03:51:21.740 102-102/? I/iptables: iptables terminated by exit(3)
02-21 03:51:21.740 102-102/? E/Netd: exec() res=0, status=768 for /system/bin/iptables -w -t nat -A PREROUTING -j oem_nat_pre
02-21 03:51:21.760 276-276/? I/SurfaceFlinger: SurfaceFlinger is starting
02-21 03:51:21.760 276-276/? I/SurfaceFlinger: SurfaceFlinger's main thread ready to run. Initializing graphics H/W...
02-21 03:51:21.765 102-102/? I/iptables: iptables v1.4.20: can't initialize iptables table `nat': Table does not exist (do you need to insmod?)
02-21 03:51:21.765 102-102/? I/iptables: Perhaps iptables or your kernel needs to be upgraded.
02-21 03:51:21.765 102-102/? I/iptables: iptables terminated by exit(3)
02-21 03:51:21.765 102-102/? E/Netd: exec() res=0, status=768 for /system/bin/iptables -w -t nat -N natctrl_nat_POSTROUTING
02-21 03:51:21.772 102-102/? I/iptables: iptables v1.4.20: can't initialize iptables table `nat': Table does not exist (do you need to insmod?)
02-21 03:51:21.772 102-102/? I/iptables: Perhaps iptables or your kernel needs to be upgraded.
02-21 03:51:21.772 102-102/? I/iptables: iptables terminated by exit(3)
02-21 03:51:21.772 102-102/? E/Netd: exec() res=0, status=768 for /system/bin/iptables -w -t nat -A POSTROUTING -j natctrl_nat_POSTROUTING
02-21 03:51:21.793 276-276/? D/libEGL: loaded /system/lib/egl/libEGL_emulation.so
02-21 03:51:21.795 276-276/? D/libEGL: loaded /system/lib/egl/libGLESv1_CM_emulation.so
02-21 03:51:21.812 276-276/? D/libEGL: loaded /system/lib/egl/libGLESv2_emulation.so

                                       [ 02-21 03:51:21.820   276:  276 E/         ]
                                       Failed to connect to host (UnixStream)!!!
02-21 03:51:21.820 276-276/? E/EGL_emulation: Failed to establish connection with the host
02-21 03:51:21.820 276-276/? W/libEGL: eglInitialize(0xf70ad080) failed (EGL_SUCCESS)

                                       [ 02-21 03:51:21.839   276:  276 E/         ]
                                       Failed to connect to host (UnixStream)!!!
02-21 03:51:21.839 276-276/? E/gralloc_vbox86: gralloc: Failed to get host connection
02-21 03:51:21.839 276-276/? E/SurfaceFlinger: hwcomposer module not found
02-21 03:51:21.839 276-276/? E/SurfaceFlinger: ERROR: failed to open framebuffer (I/O error), aborting

                                               --------- beginning of crash
02-21 03:51:21.839 276-276/? A/libc: Fatal signal 6 (SIGABRT), code -6 in tid 276 (surfaceflinger)
02-21 03:51:21.945 102-102/? V/NatController: runCmd(/system/bin/iptables -w -F natctrl_FORWARD) res=0
02-21 03:51:21.948 102-102/? V/NatController: runCmd(/system/bin/iptables -w -A natctrl_FORWARD -j DROP) res=0
02-21 03:51:21.952 102-102/? V/NatController: runCmd(/system/bin/iptables -w -t nat -F natctrl_nat_POSTROUTING) res=3
02-21 03:51:22.017 103-103/? A/DEBUG: *** *** *** *** *** *** *** *** *** *** *** *** *** *** *** ***
02-21 03:51:22.017 103-103/? A/DEBUG: Build fingerprint: 'Android/vbox86p/vbox86p:6.0/MRA58K/buildbot11181637:userdebug/test-keys'
02-21 03:51:22.017 103-103/? A/DEBUG: Revision: '0'
02-21 03:51:22.017 103-103/? A/DEBUG: ABI: 'x86'
02-21 03:51:22.017 103-103/? A/DEBUG: pid: 276, tid: 276, name: surfaceflinger  >>> /system/bin/surfaceflinger <<<
02-21 03:51:22.017 103-103/? A/DEBUG: signal 6 (SIGABRT), code -6 (SI_TKILL), fault addr --------
02-21 03:51:22.019 103-103/? A/DEBUG:     eax 00000000  ebx 00000114  ecx 00000114  edx 00000006
02-21 03:51:22.019 103-103/? A/DEBUG:     esi f7732c50  edi 00000002
02-21 03:51:22.019 103-103/? A/DEBUG:     xcs 00000023  xds 0000002b  xes 0000002b  xfs 00000003  xss 0000002b
02-21 03:51:22.019 103-103/? A/DEBUG:     eip f74778d6  ebp 00000114  esp ffc60e40  flags 00000206
02-21 03:51:22.181 102-102/? E/Netd: cannot find interface dummy0
02-21 03:51:22.182 102-102/? D/MDnsDS: MDnsSdListener::Hander starting up
02-21 03:51:22.183 102-494/? D/MDnsDS: MDnsSdListener starting to monitor
02-21 03:51:22.183 102-494/? D/MDnsDS: Going to poll with pollCount 1
02-21 03:51:22.222 103-103/? A/DEBUG: backtrace:
02-21 03:51:22.222 103-103/? A/DEBUG:     #00 pc 000848d6  /system/lib/libc.so (tgkill+22)
02-21 03:51:22.222 103-103/? A/DEBUG:     #01 pc 00081348  /system/lib/libc.so (pthread_kill+70)
02-21 03:51:22.222 103-103/? A/DEBUG:     #02 pc 00027205  /system/lib/libc.so (raise+36)
02-21 03:51:22.222 103-103/? A/DEBUG:     #03 pc 000209e4  /system/lib/libc.so (abort+80)
02-21 03:51:22.222 103-103/? A/DEBUG:     #04 pc 0003730b  /system/lib/libsurfaceflinger.so
02-21 03:51:22.222 103-103/? A/DEBUG:     #05 pc 000247d7  /system/lib/libsurfaceflinger.so (android::SurfaceFlinger::init()+199)
02-21 03:51:22.222 103-103/? A/DEBUG:     #06 pc 00000d59  /system/bin/surfaceflinger
02-21 03:51:22.222 103-103/? A/DEBUG:     #07 pc 00016ebc  /system/lib/libc.so (__libc_init+99)
02-21 03:51:22.222 103-103/? A/DEBUG:     #08 pc 00000bc0  /system/bin/surfaceflinger
02-21 03:51:22.242 103-103/? A/DEBUG: Tombstone written to: /data/tombstones/tombstone_01
02-21 03:51:22.256 504-504/? I/Netd: Netd 1.0 starting
02-21 03:51:22.256 504-504/? D/TetherController: Setting IP forward enable = 0
02-21 03:51:22.353 503-503/? I/mediaserver: ServiceManager: 0xf61cca40
02-21 03:51:22.353 503-503/? I/AudioFlinger: Using default 3000 mSec as standby time.

                                             [ 02-21 03:51:22.356   503:  503 E/         ]
                                             batterystats service unavailable!

                                             [ 02-21 03:51:22.356   503:  503 E/         ]
                                             batterystats service unavailable!
02-21 03:51:22.371 503-503/? I/CameraService: CameraService started (pid=503)
02-21 03:51:22.371 503-503/? I/CameraService: CameraService process starting

                                              [ 02-21 03:51:22.372   503:  503 E/         ]
                                              batterystats service unavailable!

                                              [ 02-21 03:51:22.372   503:  503 E/         ]
                                              batterystats service unavailable!
02-21 03:51:22.576 112-112/? W/gatekeeperd: falling back to software GateKeeper
02-21 03:51:22.833 503-503/? V/EmulatedCamera_GenyCamera: Initialize:
                                                             initializing back camera on local srv port 24801
02-21 03:51:22.834 503-503/? V/EmulatedCamera_GenyDevice: Initialize: Connected to the emulated camera service 'back'
02-21 03:51:22.835 503-503/? V/EmulatedCamera_Device: initializeWhiteBalanceModes with auto, 1.000000, 1.000000
02-21 03:51:22.835 503-503/? V/EmulatedCamera_Device: initializeWhiteBalanceModes with incandescent, 1.380000, 0.600000
02-21 03:51:22.835 503-503/? V/EmulatedCamera_Device: initializeWhiteBalanceModes with daylight, 1.090000, 0.920000
02-21 03:51:22.835 503-503/? V/EmulatedCamera_Device: initializeWhiteBalanceModes with twilight, 0.920000, 1.220000
02-21 03:51:22.835 503-503/? V/EmulatedCamera_Device: setWhiteBalanceMode with white balance auto
02-21 03:51:22.835 503-503/? V/EmulatedCamera_GenyCamera: getCameraOrientation: camera orientation set to 90
02-21 03:51:22.835 503-503/? V/EmulatedCamera_GenyCamera: Initialize: Geny camera back is initialized. Current frame is 640x480
02-21 03:51:22.835 503-503/? V/EmulatedCamera_GenyCamera: Initialize:
                                                             initializing front camera on local srv port 24811
02-21 03:51:22.835 503-503/? V/EmulatedCamera_GenyDevice: Initialize: Connected to the emulated camera service 'front'
02-21 03:51:22.835 503-503/? V/EmulatedCamera_Device: initializeWhiteBalanceModes with auto, 1.000000, 1.000000
02-21 03:51:22.835 503-503/? V/EmulatedCamera_Device: initializeWhiteBalanceModes with incandescent, 1.380000, 0.600000
02-21 03:51:22.835 503-503/? V/EmulatedCamera_Device: initializeWhiteBalanceModes with daylight, 1.090000, 0.920000
02-21 03:51:22.835 503-503/? V/EmulatedCamera_Device: initializeWhiteBalanceModes with twilight, 0.920000, 1.220000
02-21 03:51:22.835 503-503/? V/EmulatedCamera_Device: setWhiteBalanceMode with white balance auto
02-21 03:51:22.835 503-503/? V/EmulatedCamera_GenyCamera: getCameraOrientation: camera orientation set to 90
02-21 03:51:22.835 503-503/? V/EmulatedCamera_GenyCamera: Initialize: Geny camera front is initialized. Current frame is 640x480
02-21 03:51:22.835 503-503/? I/CameraService: Loaded "Emulated Camera Module" camera module
02-21 03:51:22.835 503-503/? V/EmulatedCamera_Camera: getCameraInfo
02-21 03:51:22.835 503-503/? V/EmulatedCamera_BaseCamera: getCameraInfo
02-21 03:51:22.835 503-503/? I/CameraFlashlight: Opening camera 0
02-21 03:51:22.835 503-503/? V/EmulatedCamera_Camera: getCameraInfo
02-21 03:51:22.835 503-503/? V/EmulatedCamera_BaseCamera: getCameraInfo
02-21 03:51:22.835 503-503/? V/EmulatedCamera_Camera: connectCamera
02-21 03:51:22.835 503-503/? V/EmulatedCamera_GenyDevice: connectDevice
02-21 03:51:22.917 502-502/? D/AndroidRuntime: >>>>>> START com.android.internal.os.ZygoteInit uid 0 <<<<<<
02-21 03:51:23.018 502-502/? D/AndroidRuntime: CheckJNI is OFF
02-21 03:51:23.082 502-502/? I/art: option[0]=-Xzygote
02-21 03:51:23.082 502-502/? I/art: option[1]=-Xstacktracefile:/data/anr/traces.txt
02-21 03:51:23.082 502-502/? I/art: option[2]=exit
02-21 03:51:23.082 502-502/? I/art: option[3]=vfprintf
02-21 03:51:23.082 502-502/? I/art: option[4]=sensitiveThread
02-21 03:51:23.082 502-502/? I/art: option[5]=-verbose:gc
02-21 03:51:23.082 502-502/? I/art: option[6]=-Xms8m
02-21 03:51:23.082 502-502/? I/art: option[7]=-Xmx256m
02-21 03:51:23.082 502-502/? I/art: option[8]=-XX:HeapGrowthLimit=96m
02-21 03:51:23.083 502-502/? I/art: option[9]=-XX:HeapMinFree=512k
02-21 03:51:23.083 502-502/? I/art: option[10]=-XX:HeapMaxFree=8m
02-21 03:51:23.083 502-502/? I/art: option[11]=-XX:HeapTargetUtilization=0.75
02-21 03:51:23.083 502-502/? I/art: option[12]=-agentlib:jdwp=transport=dt_android_adb,suspend=n,server=y
02-21 03:51:23.083 502-502/? I/art: option[13]=-Xlockprofthreshold:500
02-21 03:51:23.083 502-502/? I/art: option[14]=-Ximage-compiler-option
02-21 03:51:23.083 502-502/? I/art: option[15]=--runtime-arg
02-21 03:51:23.083 502-502/? I/art: option[16]=-Ximage-compiler-option
02-21 03:51:23.083 502-502/? I/art: option[17]=-Xms64m
02-21 03:51:23.083 502-502/? I/art: option[18]=-Ximage-compiler-option
02-21 03:51:23.083 502-502/? I/art: option[19]=--runtime-arg
02-21 03:51:23.083 502-502/? I/art: option[20]=-Ximage-compiler-option
02-21 03:51:23.083 502-502/? I/art: option[21]=-Xmx64m
02-21 03:51:23.083 502-502/? I/art: option[22]=-Ximage-compiler-option
02-21 03:51:23.083 502-502/? I/art: option[23]=--image-classes=/system/etc/preloaded-classes
02-21 03:51:23.083 502-502/? I/art: option[24]=-Xcompiler-option
02-21 03:51:23.083 502-502/? I/art: option[25]=--runtime-arg
02-21 03:51:23.083 502-502/? I/art: option[26]=-Xcompiler-option
02-21 03:51:23.083 502-502/? I/art: option[27]=-Xms64m
02-21 03:51:23.083 502-502/? I/art: option[28]=-Xcompiler-option
02-21 03:51:23.083 502-502/? I/art: option[29]=--runtime-arg
02-21 03:51:23.083 502-502/? I/art: option[30]=-Xcompiler-option
02-21 03:51:23.083 502-502/? I/art: option[31]=-Xmx512m
02-21 03:51:23.083 502-502/? I/art: option[32]=-Ximage-compiler-option
02-21 03:51:23.083 502-502/? I/art: option[33]=--instruction-set-variant=x86
02-21 03:51:23.083 502-502/? I/art: option[34]=-Xcompiler-option
02-21 03:51:23.083 502-502/? I/art: option[35]=--instruction-set-variant=x86
02-21 03:51:23.083 502-502/? I/art: option[36]=-Ximage-compiler-option
02-21 03:51:23.083 502-502/? I/art: option[37]=--instruction-set-features=default
02-21 03:51:23.083 502-502/? I/art: option[38]=-Xcompiler-option
02-21 03:51:23.083 502-502/? I/art: option[39]=--instruction-set-features=default
02-21 03:51:23.083 502-502/? I/art: option[40]=-Duser.locale=en-US
02-21 03:51:23.083 502-502/? I/art: option[41]=-XX:NativeBridge=libhoudini.so
02-21 03:51:23.083 502-502/? I/art: option[42]=--cpu-abilist=x86,armeabi-v7a,armeabi
02-21 03:51:23.083 502-502/? I/art: option[43]=-Xfingerprint:Android/vbox86p/vbox86p:6.0/MRA58K/buildbot11181637:userdebug/test-keys
02-21 03:51:23.182 504-504/? I/iptables: iptables v1.4.20: can't initialize iptables table `nat': Table does not exist (do you need to insmod?)
02-21 03:51:23.182 504-504/? I/iptables: Perhaps iptables or your kernel needs to be upgraded.
02-21 03:51:23.182 504-504/? I/iptables: iptables terminated by exit(3)
02-21 03:51:23.182 504-504/? E/Netd: exec() res=0, status=768 for /system/bin/iptables -w -t nat -N oem_nat_pre
02-21 03:51:23.187 504-504/? I/iptables: iptables v1.4.20: can't initialize iptables table `nat': Table does not exist (do you need to insmod?)
02-21 03:51:23.187 504-504/? I/iptables: Perhaps iptables or your kernel needs to be upgraded.
02-21 03:51:23.187 504-504/? I/iptables: iptables terminated by exit(3)
02-21 03:51:23.187 504-504/? E/Netd: exec() res=0, status=768 for /system/bin/iptables -w -t nat -A PREROUTING -j oem_nat_pre
02-21 03:51:23.205 504-504/? I/iptables: iptables v1.4.20: can't initialize iptables table `nat': Table does not exist (do you need to insmod?)
02-21 03:51:23.205 504-504/? I/iptables: Perhaps iptables or your kernel needs to be upgraded.
02-21 03:51:23.205 504-504/? I/iptables: iptables terminated by exit(3)
02-21 03:51:23.205 504-504/? E/Netd: exec() res=0, status=768 for /system/bin/iptables -w -t nat -N natctrl_nat_POSTROUTING
02-21 03:51:23.209 504-504/? I/iptables: iptables v1.4.20: can't initialize iptables table `nat': Table does not exist (do you need to insmod?)
02-21 03:51:23.209 504-504/? I/iptables: Perhaps iptables or your kernel needs to be upgraded.
02-21 03:51:23.210 504-504/? I/iptables: iptables terminated by exit(3)
02-21 03:51:23.210 504-504/? E/Netd: exec() res=0, status=768 for /system/bin/iptables -w -t nat -A POSTROUTING -j natctrl_nat_POSTROUTING
02-21 03:51:23.317 504-504/? V/NatController: runCmd(/system/bin/iptables -w -F natctrl_FORWARD) res=0
02-21 03:51:23.322 504-504/? V/NatController: runCmd(/system/bin/iptables -w -A natctrl_FORWARD -j DROP) res=0
02-21 03:51:23.327 504-504/? V/NatController: runCmd(/system/bin/iptables -w -t nat -F natctrl_nat_POSTROUTING) res=3
02-21 03:51:23.607 504-504/? E/Netd: cannot find interface dummy0
02-21 03:51:23.609 504-504/? D/MDnsDS: MDnsSdListener::Hander starting up
02-21 03:51:23.609 504-801/? D/MDnsDS: MDnsSdListener starting to monitor
02-21 03:51:23.609 504-801/? D/MDnsDS: Going to poll with pollCount 1
02-21 03:51:23.974 502-502/? W/linker: /system/lib/libhoudini.so has text relocations. This is wasting memory and prevents security hardening. Please fix.
02-21 03:51:24.666 502-502/? D/ICU: No timezone override file found: /data/misc/zoneinfo/current/icu/icu_tzdata.dat
02-21 03:51:24.682 503-503/? V/EmulatedCamera_GenyDevice: connectDevice: Connected to device 'back'
02-21 03:51:24.682 503-503/? V/EmulatedCamera_CallbackNotifier: setCallbacks: 0xf761e505, 0xf761edba, 0xf761ec92, 0xf761f267 (0xf61d99c0)
02-21 03:51:24.682 503-503/? I/ServiceManager: Waiting for service SurfaceFlinger...
02-21 03:51:24.695 99-99/? D/Genyd: Received Get Capabilities

                                    [ 02-21 03:51:24.812    99:   99 D/         ]
                                    Socket deconnection
02-21 03:51:24.816 99-99/? D/Genyd: Received Get GenymotionVersion
02-21 03:51:24.816 99-99/? D/Genymotion: Received Get GenymotionVersion
02-21 03:51:24.868 99-99/? D/Genyd: Received Set Clipboard
02-21 03:51:24.868 99-99/? D/Genymotion: Received Set Clipboard
02-21 03:51:25.529 502-502/? E/memtrack: Couldn't load memtrack module (No such file or directory)
02-21 03:51:25.529 502-502/? E/android.os.Debug: failed to load memtrack module: -2
02-21 03:51:25.537 502-502/? I/Radio-JNI: register_android_hardware_Radio DONE
02-21 03:51:25.607 502-502/? I/SamplingProfilerIntegration: Profiling disabled.
02-21 03:51:25.618 502-502/? D/Zygote: begin preload
02-21 03:51:25.638 502-502/? I/Zygote: Preloading classes...
02-21 03:51:25.685 503-503/? I/ServiceManager: Waiting for service SurfaceFlinger...
02-21 03:51:26.270 809-809/? I/SurfaceFlinger: SurfaceFlinger is starting
02-21 03:51:26.271 809-809/? I/SurfaceFlinger: SurfaceFlinger's main thread ready to run. Initializing graphics H/W...
02-21 03:51:26.274 809-809/? D/libEGL: loaded /system/lib/egl/libEGL_emulation.so
02-21 03:51:26.274 809-809/? D/libEGL: loaded /system/lib/egl/libGLESv1_CM_emulation.so
02-21 03:51:26.278 809-809/? D/libEGL: loaded /system/lib/egl/libGLESv2_emulation.so

                                       [ 02-21 03:51:26.283   809:  809 D/         ]
                                       HostConnection::get() New Host Connection established 0xf70d21c0, tid 809
02-21 03:51:26.322 502-502/? E/Minikin: addFont failed to create font /system/fonts/NanumGothic.ttf
02-21 03:51:26.322 502-502/? E/Minikin: addFont failed to create font /system/fonts/DroidSansFallback.ttf
02-21 03:51:26.322 502-502/? E/Minikin: addFont failed to create font /system/fonts/MTLmr3m.ttf
02-21 03:51:26.340 809-809/? E/SurfaceFlinger: hwcomposer module not found
02-21 03:51:26.344 809-809/? I/SurfaceFlinger: EGL information:
02-21 03:51:26.344 809-809/? I/SurfaceFlinger: vendor    : Android
02-21 03:51:26.344 809-809/? I/SurfaceFlinger: version   : 1.4 Android META-EGL
02-21 03:51:26.344 809-809/? I/SurfaceFlinger: extensions: EGL_KHR_get_all_proc_addresses EGL_ANDROID_presentation_time EGL_KHR_swap_buffers_with_damage EGL_KHR_image_base EGL_KHR_fence_sync EGL_ANDROID_image_native_buffer
02-21 03:51:26.344 809-809/? I/SurfaceFlinger: Client API: OpenGL_ES
02-21 03:51:26.344 809-809/? I/SurfaceFlinger: EGLSurface: 8-8-8-8, config=0x1
02-21 03:51:26.422 809-809/? I/SurfaceFlinger: OpenGL ES informations:
02-21 03:51:26.422 809-809/? I/SurfaceFlinger: vendor    : Google (Intel)
02-21 03:51:26.422 809-809/? I/SurfaceFlinger: renderer  : Android Emulator OpenGL ES Translator (Intel(R) HD Graphics 4000)
02-21 03:51:26.422 809-809/? I/SurfaceFlinger: version   : OpenGL ES 2.0 (4.0.0 - Build 9.17.10.3372)
02-21 03:51:26.422 809-809/? I/SurfaceFlinger: extensions: GL_EXT_debug_marker GL_OES_EGL_image GL_OES_EGL_image_external GL_OES_depth24 GL_OES_depth32 GL_OES_element_index_uint GL_OES_texture_float GL_OES_texture_float_linear GL_OES_compressed_paletted_texture GL_OES_compressed_ETC1_RGB8_texture GL_OES_depth_texture GL_OES_texture_half_float GL_OES_texture_half_float_linear GL_OES_packed_depth_stencil GL_OES_vertex_half_float GL_OES_texture_npot GL_OES_rgb8_rgba8
02-21 03:51:26.422 809-809/? I/SurfaceFlinger: GL_MAX_TEXTURE_SIZE = 8192
02-21 03:51:26.422 809-809/? I/SurfaceFlinger: GL_MAX_VIEWPORT_DIMS = 8192
02-21 03:51:26.523 809-809/? D/SurfaceFlinger: setOrientation, mFbdev=0xf6c423c0, mFbDev->setOrientation=0xf6b8ed10, orientation=0
02-21 03:51:26.523 809-809/? I/gralloc_vbox86: setOrientation: orientation=0
02-21 03:51:26.529 809-809/? D/SurfaceFlinger: Set power mode=2, type=0 flinger=0xf70e2000
02-21 03:51:26.686 503-503/? V/EmulatedCamera_Preview: setPreviewWindow: current: 0x0 -> new: 0xf61d99d0
02-21 03:51:26.686 503-503/? V/EmulatedCamera_GenyCamera: setParameters: overriding parent method, params: exposure-compensation=0;exposure-compensation-step=0.5;flash-mode=off;focal-length=4.31;focus-mode=fixed;focus-mode-values=fixed;horizontal-view-angle=54.8;jpeg-quality=90;jpeg-thumbnail-height=384;jpeg-thumbnail-quality=90;jpeg-thumbnail-size-values=320x240,0x0;jpeg-thumbnail-width=512;max-exposure-compensation=6;min-exposure-compensation=-6;picture-format=jpeg;picture-format-values=jpeg;picture-size=640x480;picture-size-values=640x480,352x288,320x240,176x144;preview-format=yuv420sp;preview-format-values=yuv420sp,yuv420p,rgba8888;preview-fps-range=5000,30000;preview-fps-range-values=(5000,30000);preview-frame-rate=24;preview-frame-rate-values=30,25,24,20,15,10,5;preview-size=640x480;preview-size-values=640x480,352x288,320x240,176x144;prop-facing=back;prop-orientation=90;vertical-view-angle=42.5;video-frame-format=yuv420p;whitebalance=auto;whitebalance-values=auto,incandescent,daylight,twilight
02-21 03:51:26.686 503-503/? V/EmulatedCamera_Camera: setParameters
02-21 03:51:26.686 503-503/? D/EmulatedCamera_Camera: +++ New parameter: flash-mode=off
02-21 03:51:26.686 503-503/? V/EmulatedCamera_Camera: doStopPreview
02-21 03:51:26.686 503-503/? V/EmulatedCamera_Preview: setPreviewWindow: current: 0xf61d99d0 -> new: 0x0
02-21 03:51:26.686 503-503/? V/EmulatedCamera_Camera: releaseCamera
02-21 03:51:26.686 503-503/? V/EmulatedCamera_Camera: doStopPreview
02-21 03:51:26.686 503-503/? V/EmulatedCamera_GenyDevice: disconnectDevice
02-21 03:51:26.690 503-503/? V/EmulatedCamera_GenyDevice: disconnectDevice: Disonnected from device 'back'
02-21 03:51:26.690 503-503/? I/CameraFlashlight: Destroying camera 0
02-21 03:51:26.690 503-503/? V/EmulatedCamera_Camera: closeCamera
02-21 03:51:26.690 503-503/? V/EmulatedCamera_Camera: doStopPreview
02-21 03:51:26.690 503-503/? V/EmulatedCamera_Camera: getCameraInfo
02-21 03:51:26.690 503-503/? V/EmulatedCamera_BaseCamera: getCameraInfo
02-21 03:51:26.690 503-503/? I/CameraFlashlight: Opening camera 1
02-21 03:51:26.690 503-503/? V/EmulatedCamera_Camera: getCameraInfo
02-21 03:51:26.690 503-503/? V/EmulatedCamera_BaseCamera: getCameraInfo
02-21 03:51:26.690 503-503/? V/EmulatedCamera_Camera: connectCamera
02-21 03:51:26.690 503-503/? V/EmulatedCamera_GenyDevice: connectDevice
02-21 03:51:26.693 503-503/? V/EmulatedCamera_GenyDevice: connectDevice: Connected to device 'front'
02-21 03:51:26.693 503-503/? V/EmulatedCamera_CallbackNotifier: setCallbacks: 0xf761e505, 0xf761edba, 0xf761ec92, 0xf761f267 (0xf61d99c0)
02-21 03:51:26.693 503-503/? V/EmulatedCamera_Preview: setPreviewWindow: current: 0x0 -> new: 0xf61d99d0
02-21 03:51:26.693 503-503/? V/EmulatedCamera_GenyCamera: setParameters: overriding parent method, params: exposure-compensation=0;exposure-compensation-step=0.5;flash-mode=off;focal-length=4.31;focus-mode=fixed;focus-mode-values=fixed;horizontal-view-angle=54.8;jpeg-quality=90;jpeg-thumbnail-height=384;jpeg-thumbnail-quality=90;jpeg-thumbnail-size-values=320x240,0x0;jpeg-thumbnail-width=512;max-exposure-compensation=6;min-exposure-compensation=-6;picture-format=jpeg;picture-format-values=jpeg;picture-size=640x480;picture-size-values=640x480,352x288,320x240,176x144;preview-format=yuv420sp;preview-format-values=yuv420sp,yuv420p,rgba8888;preview-fps-range=5000,30000;preview-fps-range-values=(5000,30000);preview-frame-rate=24;preview-frame-rate-values=30,25,24,20,15,10,5;preview-size=640x480;preview-size-values=640x480,352x288,320x240,176x144;prop-facing=front;prop-orientation=90;vertical-view-angle=42.5;video-frame-format=yuv420p;whitebalance=auto;whitebalance-values=auto,incandescent,daylight,twilight
02-21 03:51:26.693 503-503/? V/EmulatedCamera_Camera: setParameters
02-21 03:51:26.693 503-503/? D/EmulatedCamera_Camera: +++ New parameter: flash-mode=off
02-21 03:51:26.693 503-503/? V/EmulatedCamera_Camera: doStopPreview
02-21 03:51:26.693 503-503/? V/EmulatedCamera_Preview: setPreviewWindow: current: 0xf61d99d0 -> new: 0x0
02-21 03:51:26.693 503-503/? V/EmulatedCamera_Camera: releaseCamera
02-21 03:51:26.693 503-503/? V/EmulatedCamera_Camera: doStopPreview
02-21 03:51:26.693 503-503/? V/EmulatedCamera_GenyDevice: disconnectDevice
02-21 03:51:26.697 503-503/? V/EmulatedCamera_GenyDevice: disconnectDevice: Disonnected from device 'front'
02-21 03:51:26.697 503-503/? I/CameraFlashlight: Destroying camera 1
02-21 03:51:26.697 503-503/? V/EmulatedCamera_Camera: closeCamera
02-21 03:51:26.697 503-503/? V/EmulatedCamera_Camera: doStopPreview
02-21 03:51:26.697 503-503/? V/EmulatedCamera_Camera: getCameraInfo
02-21 03:51:26.697 503-503/? V/EmulatedCamera_BaseCamera: getCameraInfo
02-21 03:51:26.697 503-503/? V/EmulatedCamera_Camera: getCameraInfo
02-21 03:51:26.697 503-503/? V/EmulatedCamera_BaseCamera: getCameraInfo
02-21 03:51:26.697 503-503/? I/ServiceManager: Waiting for service media.camera.proxy...
02-21 03:51:26.918 502-502/? V/DngCreator_JNI: DngCreator_nativeClassInit:
02-21 03:51:27.224 502-502/? I/art: Thread[1,tid=502,Native,Thread*=0xf3df4a00,peer=0x12c35100,"main"] recursive attempt to load library "/system/lib/libmedia_jni.so"
02-21 03:51:27.225 502-502/? D/MtpDeviceJNI: register_android_mtp_MtpDevice
02-21 03:51:27.225 502-502/? I/art: Thread[1,tid=502,Native,Thread*=0xf3df4a00,peer=0x12c35100,"main"] recursive attempt to load library "/system/lib/libmedia_jni.so"
02-21 03:51:27.225 502-502/? I/art: Thread[1,tid=502,Native,Thread*=0xf3df4a00,peer=0x12c35100,"main"] recursive attempt to load library "/system/lib/libmedia_jni.so"
02-21 03:51:27.310 502-502/? W/linker: /system/lib/libavcodec.so has text relocations. This is wasting memory and prevents security hardening. Please fix.
02-21 03:51:27.339 502-502/? W/linker: /system/lib/libswresample.so has text relocations. This is wasting memory and prevents security hardening. Please fix.
02-21 03:51:27.413 502-502/? E/EmojiFactory_jni: Failed to load libemoji.so: dlopen failed: library "libemoji.so" not found
02-21 03:51:27.655 502-502/? I/System: Loaded time zone names for "" in 42ms (41ms in ICU)
02-21 03:51:27.691 502-502/? I/System: Loaded time zone names for "en_US" in 36ms (35ms in ICU)
02-21 03:51:27.699 503-503/? I/ServiceManager: Waiting for service media.camera.proxy...
02-21 03:51:27.777 502-502/? I/Zygote: ...preloaded 3831 classes in 2138ms.
02-21 03:51:27.777 502-502/? I/art: VMRuntime.preloadDexCaches starting
02-21 03:51:27.894 502-502/? I/art: VMRuntime.preloadDexCaches strings total=243054 before=43554 after=43554
02-21 03:51:27.894 502-502/? I/art: VMRuntime.preloadDexCaches types total=20090 before=6886 after=6912
02-21 03:51:27.894 502-502/? I/art: VMRuntime.preloadDexCaches fields total=97989 before=35736 after=35934
02-21 03:51:27.894 502-502/? I/art: VMRuntime.preloadDexCaches methods total=169934 before=70763 after=71256
02-21 03:51:27.894 502-502/? I/art: VMRuntime.preloadDexCaches finished
02-21 03:51:27.912 824-824/? D/idmap: error: no read access to /vendor/overlay: No such file or directory
02-21 03:51:27.994 502-502/? I/Zygote: Preloading resources...
02-21 03:51:28.013 809-809/? D/SurfaceFlinger: shader cache generated - 24 shaders in 1478.678223 ms
02-21 03:51:28.085 502-502/? W/Resources: Preloaded drawable resource #0x1080096 (android:drawable/toast_frame) that varies with configuration!!
02-21 03:51:28.092 820-823/? D/libEGL: loaded /system/lib/egl/libEGL_emulation.so
02-21 03:51:28.092 820-823/? D/libEGL: loaded /system/lib/egl/libGLESv1_CM_emulation.so
02-21 03:51:28.096 820-823/? D/libEGL: loaded /system/lib/egl/libGLESv2_emulation.so
02-21 03:51:28.097 502-502/? W/Resources: Preloaded drawable resource #0x108010c (android:drawable/btn_check_on_pressed_holo_light) that varies with configuration!!
02-21 03:51:28.098 502-502/? W/Resources: Preloaded drawable resource #0x108010b (android:drawable/btn_check_on_pressed_holo_dark) that varies with configuration!!
02-21 03:51:28.099 502-502/? W/Resources: Preloaded drawable resource #0x1080109 (android:drawable/btn_check_on_holo_light) that varies with configuration!!
02-21 03:51:28.101 502-502/? W/Resources: Preloaded drawable resource #0x1080108 (android:drawable/btn_check_on_holo_dark) that varies with configuration!!

                                          [ 02-21 03:51:28.106   820:  823 D/         ]
                                          HostConnection::get() New Host Connection established 0xf634a0f0, tid 823
02-21 03:51:28.115 502-502/? W/Resources: Preloaded drawable resource #0x1080106 (android:drawable/btn_check_on_focused_holo_light) that varies with configuration!!
02-21 03:51:28.118 502-502/? W/Resources: Preloaded drawable resource #0x1080105 (android:drawable/btn_check_on_focused_holo_dark) that varies with configuration!!
02-21 03:51:28.118 502-502/? W/Resources: Preloaded drawable resource #0x1080104 (android:drawable/btn_check_on_disabled_holo_light) that varies with configuration!!
02-21 03:51:28.119 502-502/? W/Resources: Preloaded drawable resource #0x1080103 (android:drawable/btn_check_on_disabled_holo_dark) that varies with configuration!!
02-21 03:51:28.119 502-502/? W/Resources: Preloaded drawable resource #0x1080102 (android:drawable/btn_check_on_disabled_focused_holo_light) that varies with configuration!!
02-21 03:51:28.119 502-502/? W/Resources: Preloaded drawable resource #0x1080101 (android:drawable/btn_check_on_disabled_focused_holo_dark) that varies with configuration!!
02-21 03:51:28.120 502-502/? W/Resources: Preloaded drawable resource #0x10800f9 (android:drawable/btn_check_off_pressed_holo_light) that varies with configuration!!
02-21 03:51:28.120 502-502/? W/Resources: Preloaded drawable resource #0x10800f8 (android:drawable/btn_check_off_pressed_holo_dark) that varies with configuration!!
02-21 03:51:28.120 502-502/? W/Resources: Preloaded drawable resource #0x10800f4 (android:drawable/btn_check_off_holo_light) that varies with configuration!!
02-21 03:51:28.121 502-502/? W/Resources: Preloaded drawable resource #0x10800f3 (android:drawable/btn_check_off_holo_dark) that varies with configuration!!
02-21 03:51:28.121 502-502/? W/Resources: Preloaded drawable resource #0x10800f1 (android:drawable/btn_check_off_focused_holo_light) that varies with configuration!!
02-21 03:51:28.121 502-502/? W/Resources: Preloaded drawable resource #0x10800f0 (android:drawable/btn_check_off_focused_holo_dark) that varies with configuration!!
02-21 03:51:28.122 502-502/? W/Resources: Preloaded drawable resource #0x10800ef (android:drawable/btn_check_off_disabled_holo_light) that varies with configuration!!
02-21 03:51:28.122 502-502/? W/Resources: Preloaded drawable resource #0x10800ee (android:drawable/btn_check_off_disabled_holo_dark) that varies with configuration!!
02-21 03:51:28.122 502-502/? W/Resources: Preloaded drawable resource #0x10800ed (android:drawable/btn_check_off_disabled_focused_holo_light) that varies with configuration!!
02-21 03:51:28.122 502-502/? W/Resources: Preloaded drawable resource #0x10800ec (android:drawable/btn_check_off_disabled_focused_holo_dark) that varies with configuration!!
02-21 03:51:28.128 502-502/? W/Resources: Preloaded drawable resource #0x1080109 (android:drawable/btn_check_on_holo_light) that varies with configuration!!
02-21 03:51:28.128 502-502/? W/Resources: Preloaded drawable resource #0x10800f4 (android:drawable/btn_check_off_holo_light) that varies with configuration!!
02-21 03:51:28.129 502-502/? W/Resources: Preloaded drawable resource #0x108010c (android:drawable/btn_check_on_pressed_holo_light) that varies with configuration!!
02-21 03:51:28.129 502-502/? W/Resources: Preloaded drawable resource #0x10800f9 (android:drawable/btn_check_off_pressed_holo_light) that varies with configuration!!
02-21 03:51:28.130 502-502/? W/Resources: Preloaded drawable resource #0x1080106 (android:drawable/btn_check_on_focused_holo_light) that varies with configuration!!
02-21 03:51:28.130 502-502/? W/Resources: Preloaded drawable resource #0x10800f1 (android:drawable/btn_check_off_focused_holo_light) that varies with configuration!!

                                          [ 02-21 03:51:28.148   809:  812 D/         ]
                                          HostConnection::get() New Host Connection established 0xf70d2410, tid 812
02-21 03:51:28.158 502-502/? W/Resources: Preloaded drawable resource #0x10800f4 (android:drawable/btn_check_off_holo_light) that varies with configuration!!
02-21 03:51:28.161 502-502/? W/Resources: Preloaded drawable resource #0x1080109 (android:drawable/btn_check_on_holo_light) that varies with configuration!!
02-21 03:51:28.164 502-502/? W/Resources: Preloaded drawable resource #0x1080104 (android:drawable/btn_check_on_disabled_holo_light) that varies with configuration!!
02-21 03:51:28.165 502-502/? W/Resources: Preloaded drawable resource #0x10800ef (android:drawable/btn_check_off_disabled_holo_light) that varies with configuration!!
02-21 03:51:28.166 502-502/? W/Resources: Preloaded drawable resource #0x1080102 (android:drawable/btn_check_on_disabled_focused_holo_light) that varies with configuration!!
02-21 03:51:28.166 502-502/? W/Resources: Preloaded drawable resource #0x10800ed (android:drawable/btn_check_off_disabled_focused_holo_light) that varies with configuration!!
02-21 03:51:28.167 502-502/? W/Resources: Preloaded drawable resource #0x10800ef (android:drawable/btn_check_off_disabled_holo_light) that varies with configuration!!
02-21 03:51:28.167 502-502/? W/Resources: Preloaded drawable resource #0x1080104 (android:drawable/btn_check_on_disabled_holo_light) that varies with configuration!!
02-21 03:51:28.167 502-502/? W/Resources: Preloaded drawable resource #0x10800e2 (android:drawable/btn_check_holo_light) that varies with configuration!!
02-21 03:51:28.169 502-502/? W/Resources: Preloaded drawable resource #0x1080108 (android:drawable/btn_check_on_holo_dark) that varies with configuration!!
02-21 03:51:28.170 502-502/? W/Resources: Preloaded drawable resource #0x10800f3 (android:drawable/btn_check_off_holo_dark) that varies with configuration!!
02-21 03:51:28.171 502-502/? W/Resources: Preloaded drawable resource #0x108010b (android:drawable/btn_check_on_pressed_holo_dark) that varies with configuration!!
02-21 03:51:28.171 502-502/? W/Resources: Preloaded drawable resource #0x10800f8 (android:drawable/btn_check_off_pressed_holo_dark) that varies with configuration!!
02-21 03:51:28.173 502-502/? W/Resources: Preloaded drawable resource #0x1080105 (android:drawable/btn_check_on_focused_holo_dark) that varies with configuration!!
02-21 03:51:28.174 502-502/? W/Resources: Preloaded drawable resource #0x10800f0 (android:drawable/btn_check_off_focused_holo_dark) that varies with configuration!!
02-21 03:51:28.175 502-502/? W/Resources: Preloaded drawable resource #0x10800f3 (android:drawable/btn_check_off_holo_dark) that varies with configuration!!
02-21 03:51:28.186 502-502/? W/Resources: Preloaded drawable resource #0x1080108 (android:drawable/btn_check_on_holo_dark) that varies with configuration!!
02-21 03:51:28.186 502-502/? W/Resources: Preloaded drawable resource #0x1080103 (android:drawable/btn_check_on_disabled_holo_dark) that varies with configuration!!
02-21 03:51:28.187 502-502/? W/Resources: Preloaded drawable resource #0x10800ee (android:drawable/btn_check_off_disabled_holo_dark) that varies with configuration!!
02-21 03:51:28.187 502-502/? W/Resources: Preloaded drawable resource #0x1080101 (android:drawable/btn_check_on_disabled_focused_holo_dark) that varies with configuration!!
02-21 03:51:28.188 502-502/? W/Resources: Preloaded drawable resource #0x10800ec (android:drawable/btn_check_off_disabled_focused_holo_dark) that varies with configuration!!
02-21 03:51:28.188 502-502/? W/Resources: Preloaded drawable resource #0x10800ee (android:drawable/btn_check_off_disabled_holo_dark) that varies with configuration!!
02-21 03:51:28.190 502-502/? W/Resources: Preloaded drawable resource #0x1080103 (android:drawable/btn_check_on_disabled_holo_dark) that varies with configuration!!
02-21 03:51:28.190 502-502/? W/Resources: Preloaded drawable resource #0x10800e1 (android:drawable/btn_check_holo_dark) that varies with configuration!!
02-21 03:51:28.193 502-502/? W/Resources: Preloaded drawable resource #0x108019d (android:drawable/btn_radio_on_pressed_holo_light) that varies with configuration!!
02-21 03:51:28.195 502-502/? W/Resources: Preloaded drawable resource #0x108019c (android:drawable/btn_radio_on_pressed_holo_dark) that varies with configuration!!
02-21 03:51:28.197 502-502/? W/Resources: Preloaded drawable resource #0x1080199 (android:drawable/btn_radio_on_holo_light) that varies with configuration!!
02-21 03:51:28.198 502-502/? W/Resources: Preloaded drawable resource #0x1080198 (android:drawable/btn_radio_on_holo_dark) that varies with configuration!!
02-21 03:51:28.199 502-502/? W/Resources: Preloaded drawable resource #0x1080196 (android:drawable/btn_radio_on_focused_holo_light) that varies with configuration!!
02-21 03:51:28.199 502-502/? W/Resources: Preloaded drawable resource #0x1080195 (android:drawable/btn_radio_on_focused_holo_dark) that varies with configuration!!
02-21 03:51:28.200 502-502/? W/Resources: Preloaded drawable resource #0x1080194 (android:drawable/btn_radio_on_disabled_holo_light) that varies with configuration!!
02-21 03:51:28.201 502-502/? W/Resources: Preloaded drawable resource #0x1080193 (android:drawable/btn_radio_on_disabled_holo_dark) that varies with configuration!!
02-21 03:51:28.202 502-502/? W/Resources: Preloaded drawable resource #0x1080192 (android:drawable/btn_radio_on_disabled_focused_holo_light) that varies with configuration!!
02-21 03:51:28.203 502-502/? W/Resources: Preloaded drawable resource #0x1080191 (android:drawable/btn_radio_on_disabled_focused_holo_dark) that varies with configuration!!
02-21 03:51:28.203 502-502/? W/Resources: Preloaded drawable resource #0x108018e (android:drawable/btn_radio_off_pressed_holo_light) that varies with configuration!!
02-21 03:51:28.204 502-502/? W/Resources: Preloaded drawable resource #0x108018d (android:drawable/btn_radio_off_pressed_holo_dark) that varies with configuration!!
02-21 03:51:28.205 502-502/? W/Resources: Preloaded drawable resource #0x108018b (android:drawable/btn_radio_off_holo_light) that varies with configuration!!
02-21 03:51:28.205 502-502/? W/Resources: Preloaded drawable resource #0x108018a (android:drawable/btn_radio_off_holo_dark) that varies with configuration!!
02-21 03:51:28.206 502-502/? W/Resources: Preloaded drawable resource #0x1080188 (android:drawable/btn_radio_off_focused_holo_light) that varies with configuration!!
02-21 03:51:28.206 502-502/? W/Resources: Preloaded drawable resource #0x1080187 (android:drawable/btn_radio_off_focused_holo_dark) that varies with configuration!!
02-21 03:51:28.207 502-502/? W/Resources: Preloaded drawable resource #0x1080186 (android:drawable/btn_radio_off_disabled_holo_light) that varies with configuration!!
02-21 03:51:28.208 502-502/? W/Resources: Preloaded drawable resource #0x1080185 (android:drawable/btn_radio_off_disabled_holo_dark) that varies with configuration!!
02-21 03:51:28.208 502-502/? W/Resources: Preloaded drawable resource #0x1080184 (android:drawable/btn_radio_off_disabled_focused_holo_light) that varies with configuration!!
02-21 03:51:28.209 502-502/? W/Resources: Preloaded drawable resource #0x1080183 (android:drawable/btn_radio_off_disabled_focused_holo_dark) that varies with configuration!!
02-21 03:51:28.211 502-502/? W/Resources: Preloaded drawable resource #0x108012e (android:drawable/btn_default_pressed_holo_light) that varies with configuration!!
02-21 03:51:28.211 502-502/? W/Resources: Preloaded drawable resource #0x108012d (android:drawable/btn_default_pressed_holo_dark) that varies with configuration!!
02-21 03:51:28.213 502-502/? W/Resources: Preloaded drawable resource #0x108012a (android:drawable/btn_default_normal_holo_light) that varies with configuration!!
02-21 03:51:28.213 502-502/? W/Resources: Preloaded drawable resource #0x1080129 (android:drawable/btn_default_normal_holo_dark) that varies with configuration!!
02-21 03:51:28.215 502-502/? W/Resources: Preloaded drawable resource #0x1080120 (android:drawable/btn_default_focused_holo_light) that varies with configuration!!
02-21 03:51:28.216 502-502/? W/Resources: Preloaded drawable resource #0x108011f (android:drawable/btn_default_focused_holo_dark) that varies with configuration!!
02-21 03:51:28.216 502-502/? W/Resources: Preloaded drawable resource #0x108011d (android:drawable/btn_default_disabled_holo_light) that varies with configuration!!
02-21 03:51:28.217 502-502/? W/Resources: Preloaded drawable resource #0x108011c (android:drawable/btn_default_disabled_holo_dark) that varies with configuration!!
02-21 03:51:28.218 502-502/? W/Resources: Preloaded drawable resource #0x108011a (android:drawable/btn_default_disabled_focused_holo_light) that varies with configuration!!
02-21 03:51:28.219 502-502/? W/Resources: Preloaded drawable resource #0x1080119 (android:drawable/btn_default_disabled_focused_holo_dark) that varies with configuration!!
02-21 03:51:28.221 502-502/? W/Resources: Preloaded drawable resource #0x1080129 (android:drawable/btn_default_normal_holo_dark) that varies with configuration!!
02-21 03:51:28.222 502-502/? W/Resources: Preloaded drawable resource #0x108011c (android:drawable/btn_default_disabled_holo_dark) that varies with configuration!!
02-21 03:51:28.222 502-502/? W/Resources: Preloaded drawable resource #0x108012d (android:drawable/btn_default_pressed_holo_dark) that varies with configuration!!
02-21 03:51:28.223 502-502/? W/Resources: Preloaded drawable resource #0x108011f (android:drawable/btn_default_focused_holo_dark) that varies with configuration!!
02-21 03:51:28.225 502-502/? W/Resources: Preloaded drawable resource #0x1080129 (android:drawable/btn_default_normal_holo_dark) that varies with configuration!!
02-21 03:51:28.226 502-502/? W/Resources: Preloaded drawable resource #0x1080119 (android:drawable/btn_default_disabled_focused_holo_dark) that varies with configuration!!
02-21 03:51:28.229 502-502/? W/Resources: Preloaded drawable resource #0x108011c (android:drawable/btn_default_disabled_holo_dark) that varies with configuration!!
02-21 03:51:28.229 502-502/? W/Resources: Preloaded drawable resource #0x1080121 (android:drawable/btn_default_holo_dark) that varies with configuration!!
02-21 03:51:28.230 502-502/? W/Resources: Preloaded drawable resource #0x108012a (android:drawable/btn_default_normal_holo_light) that varies with configuration!!
02-21 03:51:28.231 502-502/? W/Resources: Preloaded drawable resource #0x108011d (android:drawable/btn_default_disabled_holo_light) that varies with configuration!!
02-21 03:51:28.231 502-502/? W/Resources: Preloaded drawable resource #0x108012e (android:drawable/btn_default_pressed_holo_light) that varies with configuration!!
02-21 03:51:28.232 502-502/? W/Resources: Preloaded drawable resource #0x1080120 (android:drawable/btn_default_focused_holo_light) that varies with configuration!!
02-21 03:51:28.232 502-502/? W/Resources: Preloaded drawable resource #0x108012a (android:drawable/btn_default_normal_holo_light) that varies with configuration!!
02-21 03:51:28.233 502-502/? W/Resources: Preloaded drawable resource #0x108011a (android:drawable/btn_default_disabled_focused_holo_light) that varies with configuration!!
02-21 03:51:28.233 502-502/? W/Resources: Preloaded drawable resource #0x108011d (android:drawable/btn_default_disabled_holo_light) that varies with configuration!!
02-21 03:51:28.233 502-502/? W/Resources: Preloaded drawable resource #0x1080122 (android:drawable/btn_default_holo_light) that varies with configuration!!
02-21 03:51:28.234 502-502/? W/Resources: Preloaded drawable resource #0x10801fe (android:drawable/btn_star_off_normal_holo_light) that varies with configuration!!
02-21 03:51:28.281 502-502/? W/Resources: Preloaded drawable resource #0x1080208 (android:drawable/btn_star_on_normal_holo_light) that varies with configuration!!
02-21 03:51:28.281 502-502/? W/Resources: Preloaded drawable resource #0x1080204 (android:drawable/btn_star_on_disabled_holo_light) that varies with configuration!!
02-21 03:51:28.282 502-502/? W/Resources: Preloaded drawable resource #0x10801fa (android:drawable/btn_star_off_disabled_holo_light) that varies with configuration!!
